<html>
<body>
<pre>
<h1>µVision Build Log</h1>
<h2>Tool Versions:</h2>
IDE-Version: ¦ÌVision V5.39.0.0
Copyright (C) 2023 ARM Ltd and ARM Germany GmbH. All rights reserved.
License Information: ashington ye, Wuhan textile unibersity, LIC=HN0AE-5HI0V-UHG8H-W8UG0-KBDK1-TZEPP
 
Tool Versions:
Toolchain:       MDK-ARM Plus  Version: 5.39.0.0
Toolchain Path:  D:\Keil\ARM\ARMCLANG\Bin
C Compiler:      ArmClang.exe V6.21
Assembler:       Armasm.exe V6.21
Linker/Locator:  ArmLink.exe V6.21
Library Manager: ArmAr.exe V6.21
Hex Converter:   FromElf.exe V6.21
CPU DLL:         SARMCM3.DLL V5.39.0.0
Dialog DLL:      DARMCM1.DLL V1.19.6.0
Target DLL:      CMSIS_AGDI.dll V1.33.16.0
Dialog DLL:      TARMCM1.DLL V1.14.6.0
 
<h2>Project:</h2>
F:\1.Project\2.Ongoing_Projects\TI_cup\4047\software\MSPM0G3507_TB6612\keil\empty_LP_MSPM0G3507_nortos_keil.uvprojx
Project File Date:  08/01/2024

<h2>Output:</h2>
*** Using Compiler 'V6.21', folder: 'D:\Keil\ARM\ARMCLANG\Bin'
Rebuild target 'MSPM0G3507_Project'
Before Build - User command #1: cmd.exe /C "F:\1.Project\2.Ongoing_Projects\TI_cup\4047\software\MSPM0G3507_TB6612\keil\../tools/keil/syscfg.bat 'F:\1.Project\2.Ongoing_Projects\TI_cup\4047\software\MSPM0G3507_TB6612\keil\' empty.syscfg"
Couldn't find Sysconfig Tool "C:\ti\sysconfig_1.20.0\sysconfig_cli.bat"
"Update the file located at <sdk path>/tools/keil/syscfg.bat"
compiling dl_trng.c...
assembling startup_mspm0g350x_uvision.s...
compiling dl_vref.c...
compiling dl_opa.c...
compiling dl_uart.c...
compiling dl_rtc_common.c...
compiling dl_spi.c...
compiling dl_timer.c...
compiling empty.c...
compiling board.c...
compiling ti_msp_dl_config.c...
compiling dl_lfss.c...
compiling dl_mathacl.c...
compiling dl_lcd.c...
compiling dl_keystorectl.c...
compiling dl_mcan.c...
compiling dl_crcp.c...
compiling dl_dma.c...
compiling dl_crc.c...
compiling dl_i2c.c...
compiling dl_dac12.c...
compiling dl_common.c...
compiling dl_aes.c...
compiling dl_aesadv.c...
compiling dl_adc12.c...
compiling dl_flashctl.c...
compiling dl_interrupt.c...
compiling wit_imu.c...
compiling KEY.c...
compiling led.c...
compiling itrt.c...
compiling encoder.c...
compiling motor.c...
compiling PID.c...
compiling task_fsm.c...
compiling uart.c...
compiling oled.c...
linking...
Program Size: Code=7736 RO-data=340 RW-data=8 ZI-data=5856  
FromELF: creating hex file...
".\Objects\empty_LP_MSPM0G3507_nortos_keil.axf" - 0 Error(s), 0 Warning(s).

<h2>Software Packages used:</h2>

Package Vendor: TexasInstruments
                https://software-dl.ti.com/msp430/esd/MSPM0-CMSIS/MSPM0G1X0X_G3X0X/latest/exports/TexasInstruments.MSPM0G1X0X_G3X0X_DFP.1.3.1.pack
                TexasInstruments::MSPM0G1X0X_G3X0X_DFP@1.3.1
                Device Family Pack for Texas Instruments MSPM0G1X0X_G3X0X Series

<h2>Collection of Component include folders:</h2>

<h2>Collection of Component Files used:</h2>
Build Time Elapsed:  00:00:02
</pre>
</body>
</html>
