Component: Arm Compiler for Embedded 6.19 Tool: armlink [5e73cb00]

==============================================================================

Section Cross References

    empty.o(.text.main) refers to ti_msp_dl_config.o(.text.SYSCFG_DL_init) for SYSCFG_DL_init
    empty.o(.text.main) refers to oled.o(.text.OLED_Init) for OLED_Init
    empty.o(.text.main) refers to oled.o(.text.OLED_Clear) for OLED_Clear
    empty.o(.text.main) refers to task_fsm.o(.text.StateMachine) for StateMachine
    empty.o(.text.main) refers to oled.o(.text.OLED_ShowSignedNum) for OLED_ShowSignedNum
    empty.o(.text.main) refers to oled.o(.text.OLED_Refresh) for OLED_Refresh
    empty.o(.text.main) refers to itrt.o(.bss.encoderA_cnt) for encoderA_cnt
    empty.o(.text.main) refers to itrt.o(.bss.encoderB_cnt) for encoderB_cnt
    empty.o(.ARM.exidx.text.main) refers to empty.o(.text.main) for [Anonymous Symbol]
    empty.o(.text.oled_show) refers to oled.o(.text.OLED_ShowSignedNum) for OLED_ShowSignedNum
    empty.o(.text.oled_show) refers to oled.o(.text.OLED_Refresh) for OLED_Refresh
    empty.o(.text.oled_show) refers to itrt.o(.bss.encoderA_cnt) for encoderA_cnt
    empty.o(.text.oled_show) refers to itrt.o(.bss.encoderB_cnt) for encoderB_cnt
    empty.o(.ARM.exidx.text.oled_show) refers to empty.o(.text.oled_show) for [Anonymous Symbol]
    startup_mspm0g350x_uvision.o(RESET) refers to startup_mspm0g350x_uvision.o(STACK) for __initial_sp
    startup_mspm0g350x_uvision.o(RESET) refers to startup_mspm0g350x_uvision.o(.text) for Reset_Handler
    startup_mspm0g350x_uvision.o(RESET) refers to encoder.o(.text.GROUP1_IRQHandler) for GROUP1_IRQHandler
    startup_mspm0g350x_uvision.o(RESET) refers to uart.o(.text.UART0_IRQHandler) for UART0_IRQHandler
    startup_mspm0g350x_uvision.o(RESET) refers to itrt.o(.text.TIMA0_IRQHandler) for TIMA0_IRQHandler
    startup_mspm0g350x_uvision.o(.text) refers to entry.o(.ARM.Collect$$$$00000000) for __main
    ti_msp_dl_config.o(.text.SYSCFG_DL_init) refers to ti_msp_dl_config.o(.text.SYSCFG_DL_initPower) for SYSCFG_DL_initPower
    ti_msp_dl_config.o(.text.SYSCFG_DL_init) refers to ti_msp_dl_config.o(.text.SYSCFG_DL_GPIO_init) for SYSCFG_DL_GPIO_init
    ti_msp_dl_config.o(.text.SYSCFG_DL_init) refers to ti_msp_dl_config.o(.text.SYSCFG_DL_SYSCTL_init) for SYSCFG_DL_SYSCTL_init
    ti_msp_dl_config.o(.text.SYSCFG_DL_init) refers to ti_msp_dl_config.o(.text.SYSCFG_DL_PWM_1_init) for SYSCFG_DL_PWM_1_init
    ti_msp_dl_config.o(.text.SYSCFG_DL_init) refers to ti_msp_dl_config.o(.text.SYSCFG_DL_TIMER_0_init) for SYSCFG_DL_TIMER_0_init
    ti_msp_dl_config.o(.text.SYSCFG_DL_init) refers to ti_msp_dl_config.o(.text.SYSCFG_DL_UART_0_init) for SYSCFG_DL_UART_0_init
    ti_msp_dl_config.o(.text.SYSCFG_DL_init) refers to ti_msp_dl_config.o(.text.SYSCFG_DL_SYSTICK_init) for SYSCFG_DL_SYSTICK_init
    ti_msp_dl_config.o(.text.SYSCFG_DL_init) refers to ti_msp_dl_config.o(.bss.gTIMER_0Backup) for gTIMER_0Backup
    ti_msp_dl_config.o(.text.SYSCFG_DL_init) refers to ti_msp_dl_config.o(.bss.gPWM_1Backup) for gPWM_1Backup
    ti_msp_dl_config.o(.ARM.exidx.text.SYSCFG_DL_init) refers to ti_msp_dl_config.o(.text.SYSCFG_DL_init) for [Anonymous Symbol]
    ti_msp_dl_config.o(.text.SYSCFG_DL_initPower) refers to dl_common.o(.text.DL_Common_delayCycles) for DL_Common_delayCycles
    ti_msp_dl_config.o(.ARM.exidx.text.SYSCFG_DL_initPower) refers to ti_msp_dl_config.o(.text.SYSCFG_DL_initPower) for [Anonymous Symbol]
    ti_msp_dl_config.o(.ARM.exidx.text.SYSCFG_DL_GPIO_init) refers to ti_msp_dl_config.o(.text.SYSCFG_DL_GPIO_init) for [Anonymous Symbol]
    ti_msp_dl_config.o(.ARM.exidx.text.SYSCFG_DL_SYSCTL_init) refers to ti_msp_dl_config.o(.text.SYSCFG_DL_SYSCTL_init) for [Anonymous Symbol]
    ti_msp_dl_config.o(.text.SYSCFG_DL_PWM_1_init) refers to dl_timer.o(.text.DL_Timer_setClockConfig) for DL_Timer_setClockConfig
    ti_msp_dl_config.o(.text.SYSCFG_DL_PWM_1_init) refers to dl_timer.o(.text.DL_TimerA_initPWMMode) for DL_TimerA_initPWMMode
    ti_msp_dl_config.o(.text.SYSCFG_DL_PWM_1_init) refers to dl_timer.o(.text.DL_Timer_setCaptureCompareOutCtl) for DL_Timer_setCaptureCompareOutCtl
    ti_msp_dl_config.o(.text.SYSCFG_DL_PWM_1_init) refers to dl_timer.o(.text.DL_Timer_setCaptCompUpdateMethod) for DL_Timer_setCaptCompUpdateMethod
    ti_msp_dl_config.o(.text.SYSCFG_DL_PWM_1_init) refers to dl_timer.o(.text.DL_Timer_setCaptureCompareValue) for DL_Timer_setCaptureCompareValue
    ti_msp_dl_config.o(.text.SYSCFG_DL_PWM_1_init) refers to ti_msp_dl_config.o(.rodata.gPWM_1ClockConfig) for [Anonymous Symbol]
    ti_msp_dl_config.o(.text.SYSCFG_DL_PWM_1_init) refers to ti_msp_dl_config.o(.rodata.gPWM_1Config) for [Anonymous Symbol]
    ti_msp_dl_config.o(.ARM.exidx.text.SYSCFG_DL_PWM_1_init) refers to ti_msp_dl_config.o(.text.SYSCFG_DL_PWM_1_init) for [Anonymous Symbol]
    ti_msp_dl_config.o(.text.SYSCFG_DL_TIMER_0_init) refers to dl_timer.o(.text.DL_Timer_setClockConfig) for DL_Timer_setClockConfig
[...]
    Removing dl_mcan.o(.ARM.exidx.text.DL_MCAN_extTSSetRawStatus), (8 bytes).
    Removing dl_mcan.o(.text.DL_MCAN_extTSClearRawStatus), (16 bytes).
    Removing dl_mcan.o(.ARM.exidx.text.DL_MCAN_extTSClearRawStatus), (8 bytes).
    Removing dl_mcan.o(.text.DL_MCAN_getRxPinState), (16 bytes).
    Removing dl_mcan.o(.ARM.exidx.text.DL_MCAN_getRxPinState), (8 bytes).
    Removing dl_mcan.o(.text.DL_MCAN_setTxPinState), (48 bytes).
    Removing dl_mcan.o(.ARM.exidx.text.DL_MCAN_setTxPinState), (8 bytes).
    Removing dl_mcan.o(.text.DL_MCAN_getTxPinState), (16 bytes).
    Removing dl_mcan.o(.ARM.exidx.text.DL_MCAN_getTxPinState), (8 bytes).
    Removing dl_mcan.o(.text.DL_MCAN_getTSCounterVal), (12 bytes).
    Removing dl_mcan.o(.ARM.exidx.text.DL_MCAN_getTSCounterVal), (8 bytes).
    Removing dl_mcan.o(.text.DL_MCAN_getClkStopAck), (16 bytes).
    Removing dl_mcan.o(.ARM.exidx.text.DL_MCAN_getClkStopAck), (8 bytes).
    Removing dl_mcan.o(.text.DL_MCAN_getBitTime), (76 bytes).
    Removing dl_mcan.o(.ARM.exidx.text.DL_MCAN_getBitTime), (8 bytes).
    Removing dl_mcan.o(.text.DL_MCAN_resetTSCounter), (20 bytes).
    Removing dl_mcan.o(.ARM.exidx.text.DL_MCAN_resetTSCounter), (8 bytes).
    Removing dl_mcan.o(.text.DL_MCAN_getTOCounterVal), (12 bytes).
    Removing dl_mcan.o(.ARM.exidx.text.DL_MCAN_getTOCounterVal), (8 bytes).
    Removing dl_mcan.o(.text.DL_MCAN_eccAggrGetRevisionId), (32 bytes).
    Removing dl_mcan.o(.ARM.exidx.text.DL_MCAN_eccAggrGetRevisionId), (8 bytes).
    Removing dl_mcan.o(.text.DL_MCAN_eccWrapGetRevisionId), (84 bytes).
    Removing dl_mcan.o(.ARM.exidx.text.DL_MCAN_eccWrapGetRevisionId), (8 bytes).
    Removing dl_mcan.o(.text.DL_MCAN_extTSIsIntrEnable), (16 bytes).
    Removing dl_mcan.o(.ARM.exidx.text.DL_MCAN_extTSIsIntrEnable), (8 bytes).
    Removing dl_mcan.o(.text.DL_MCAN_getEndianVal), (12 bytes).
    Removing dl_mcan.o(.ARM.exidx.text.DL_MCAN_getEndianVal), (8 bytes).
    Removing dl_mcan.o(.text.DL_MCAN_getExtIDANDMask), (16 bytes).
    Removing dl_mcan.o(.ARM.exidx.text.DL_MCAN_getExtIDANDMask), (8 bytes).
    Removing dl_mcan.o(.text.DL_MCAN_saveConfiguration), (228 bytes).
    Removing dl_mcan.o(.ARM.exidx.text.DL_MCAN_saveConfiguration), (8 bytes).
    Removing dl_mcan.o(.text.DL_MCAN_restoreConfiguration), (276 bytes).
    Removing dl_mcan.o(.ARM.exidx.text.DL_MCAN_restoreConfiguration), (8 bytes).
    Removing dl_mcan.o(.rodata..L__const.DL_MCAN_getDataSize.dataSize), (64 bytes).
    Removing dl_mcan.o(.rodata.cst32), (32 bytes).
    Removing dl_mathacl.o(.text), (0 bytes).
    Removing dl_mathacl.o(.text.DL_MathACL_configOperation), (40 bytes).
    Removing dl_mathacl.o(.ARM.exidx.text.DL_MathACL_configOperation), (8 bytes).
    Removing dl_lfss.o(.text), (0 bytes).
    Removing dl_lcd.o(.text), (0 bytes).
    Removing dl_keystorectl.o(.text), (0 bytes).
    Removing dl_i2c.o(.text), (0 bytes).
    Removing dl_i2c.o(.text.DL_I2C_setClockConfig), (38 bytes).
    Removing dl_i2c.o(.ARM.exidx.text.DL_I2C_setClockConfig), (8 bytes).
    Removing dl_i2c.o(.text.DL_I2C_getClockConfig), (26 bytes).
    Removing dl_i2c.o(.ARM.exidx.text.DL_I2C_getClockConfig), (8 bytes).
    Removing dl_i2c.o(.text.DL_I2C_fillControllerTXFIFO), (140 bytes).
    Removing dl_i2c.o(.ARM.exidx.text.DL_I2C_fillControllerTXFIFO), (8 bytes).
    Removing dl_i2c.o(.text.DL_I2C_flushControllerTXFIFO), (68 bytes).
    Removing dl_i2c.o(.ARM.exidx.text.DL_I2C_flushControllerTXFIFO), (8 bytes).
    Removing dl_i2c.o(.text.DL_I2C_flushControllerRXFIFO), (52 bytes).
    Removing dl_i2c.o(.ARM.exidx.text.DL_I2C_flushControllerRXFIFO), (8 bytes).
    Removing dl_i2c.o(.text.DL_I2C_fillTargetTXFIFO), (144 bytes).
    Removing dl_i2c.o(.ARM.exidx.text.DL_I2C_fillTargetTXFIFO), (8 bytes).
    Removing dl_i2c.o(.text.DL_I2C_flushTargetTXFIFO), (68 bytes).
    Removing dl_i2c.o(.ARM.exidx.text.DL_I2C_flushTargetTXFIFO), (8 bytes).
    Removing dl_i2c.o(.text.DL_I2C_flushTargetRXFIFO), (52 bytes).
    Removing dl_i2c.o(.ARM.exidx.text.DL_I2C_flushTargetRXFIFO), (8 bytes).
    Removing dl_i2c.o(.text.DL_I2C_transmitTargetDataBlocking), (36 bytes).
    Removing dl_i2c.o(.ARM.exidx.text.DL_I2C_transmitTargetDataBlocking), (8 bytes).
    Removing dl_i2c.o(.text.DL_I2C_transmitTargetDataCheck), (28 bytes).
    Removing dl_i2c.o(.ARM.exidx.text.DL_I2C_transmitTargetDataCheck), (8 bytes).
    Removing dl_i2c.o(.text.DL_I2C_receiveTargetDataBlocking), (40 bytes).
    Removing dl_i2c.o(.ARM.exidx.text.DL_I2C_receiveTargetDataBlocking), (8 bytes).
    Removing dl_i2c.o(.text.DL_I2C_receiveTargetDataCheck), (24 bytes).
    Removing dl_i2c.o(.ARM.exidx.text.DL_I2C_receiveTargetDataCheck), (8 bytes).
    Removing dl_flashctl.o(.text), (0 bytes).
    Removing dl_flashctl.o(.text.DL_FlashCTL_eraseMemory), (22 bytes).
    Removing dl_flashctl.o(.ARM.exidx.text.DL_FlashCTL_eraseMemory), (8 bytes).
    Removing dl_flashctl.o(.text.DL_FlashCTL_eraseMemoryFromRAM), (24 bytes).
    Removing dl_flashctl.o(.ARM.exidx.text.DL_FlashCTL_eraseMemoryFromRAM), (8 bytes).
    Removing dl_flashctl.o(.ramfunc), (52 bytes).
    Removing dl_flashctl.o(.ARM.exidx.ramfunc), (8 bytes).
    Removing dl_flashctl.o(.text.DL_FlashCTL_massErase), (176 bytes).
    Removing dl_flashctl.o(.ARM.exidx.text.DL_FlashCTL_massErase), (8 bytes).
    Removing dl_flashctl.o(.text.DL_FlashCTL_unprotectMainMemory), (20 bytes).
    Removing dl_flashctl.o(.ARM.exidx.text.DL_FlashCTL_unprotectMainMemory), (8 bytes).
    Removing dl_flashctl.o(.text.DL_FlashCTL_protectNonMainMemory), (16 bytes).
    Removing dl_flashctl.o(.ARM.exidx.text.DL_FlashCTL_protectNonMainMemory), (8 bytes).
    Removing dl_flashctl.o(.text.DL_FlashCTL_eraseDataBank), (80 bytes).
    Removing dl_flashctl.o(.ARM.exidx.text.DL_FlashCTL_eraseDataBank), (8 bytes).
    Removing dl_flashctl.o(.text.DL_FlashCTL_massEraseFromRAM), (112 bytes).
    Removing dl_flashctl.o(.ARM.exidx.text.DL_FlashCTL_massEraseFromRAM), (8 bytes).
    Removing dl_flashctl.o(.text.DL_FlashCTL_eraseDataBankFromRAM), (44 bytes).
    Removing dl_flashctl.o(.ARM.exidx.text.DL_FlashCTL_eraseDataBankFromRAM), (8 bytes).
    Removing dl_flashctl.o(.text.DL_FlashCTL_massEraseMultiBank), (340 bytes).
    Removing dl_flashctl.o(.ARM.exidx.text.DL_FlashCTL_massEraseMultiBank), (8 bytes).
    Removing dl_flashctl.o(.text.DL_FlashCTL_factoryReset), (232 bytes).
    Removing dl_flashctl.o(.ARM.exidx.text.DL_FlashCTL_factoryReset), (8 bytes).
    Removing dl_flashctl.o(.text.DL_FlashCTL_unprotectNonMainMemory), (12 bytes).
    Removing dl_flashctl.o(.ARM.exidx.text.DL_FlashCTL_unprotectNonMainMemory), (8 bytes).
    Removing dl_flashctl.o(.text.DL_FlashCTL_factoryResetFromRAM), (136 bytes).
    Removing dl_flashctl.o(.ARM.exidx.text.DL_FlashCTL_factoryResetFromRAM), (8 bytes).
    Removing dl_flashctl.o(.text.DL_FlashCTL_factoryResetMultiBank), (92 bytes).
    Removing dl_flashctl.o(.ARM.exidx.text.DL_FlashCTL_factoryResetMultiBank), (8 bytes).
    Removing dl_flashctl.o(.text.DL_FlashCTL_programMemory8), (24 bytes).
    Removing dl_flashctl.o(.ARM.exidx.text.DL_FlashCTL_programMemory8), (8 bytes).
    Removing dl_flashctl.o(.text.DL_FlashCTL_programMemoryFromRAM8), (28 bytes).
    Removing dl_flashctl.o(.ARM.exidx.text.DL_FlashCTL_programMemoryFromRAM8), (8 bytes).
    Removing dl_flashctl.o(.text.DL_FlashCTL_programMemory16), (26 bytes).
    Removing dl_flashctl.o(.ARM.exidx.text.DL_FlashCTL_programMemory16), (8 bytes).
    Removing dl_flashctl.o(.text.DL_FlashCTL_programMemoryFromRAM16), (32 bytes).
    Removing dl_flashctl.o(.ARM.exidx.text.DL_FlashCTL_programMemoryFromRAM16), (8 bytes).
    Removing dl_flashctl.o(.text.DL_FlashCTL_programMemory32), (26 bytes).
    Removing dl_flashctl.o(.ARM.exidx.text.DL_FlashCTL_programMemory32), (8 bytes).
    Removing dl_flashctl.o(.text.DL_FlashCTL_programMemoryFromRAM32), (32 bytes).
    Removing dl_flashctl.o(.ARM.exidx.text.DL_FlashCTL_programMemoryFromRAM32), (8 bytes).
    Removing dl_flashctl.o(.text.DL_FlashCTL_programMemory64), (30 bytes).
    Removing dl_flashctl.o(.ARM.exidx.text.DL_FlashCTL_programMemory64), (8 bytes).
    Removing dl_flashctl.o(.text.DL_FlashCTL_programMemoryFromRAM64), (36 bytes).
    Removing dl_flashctl.o(.ARM.exidx.text.DL_FlashCTL_programMemoryFromRAM64), (8 bytes).
    Removing dl_flashctl.o(.text.DL_FlashCTL_programMemory8WithECCGenerated), (28 bytes).
    Removing dl_flashctl.o(.ARM.exidx.text.DL_FlashCTL_programMemory8WithECCGenerated), (8 bytes).
    Removing dl_flashctl.o(.text.DL_FlashCTL_programMemoryFromRAM8WithECCGenerated), (32 bytes).
    Removing dl_flashctl.o(.ARM.exidx.text.DL_FlashCTL_programMemoryFromRAM8WithECCGenerated), (8 bytes).
    Removing dl_flashctl.o(.text.DL_FlashCTL_programMemory16WithECCGenerated), (28 bytes).
    Removing dl_flashctl.o(.ARM.exidx.text.DL_FlashCTL_programMemory16WithECCGenerated), (8 bytes).
    Removing dl_flashctl.o(.text.DL_FlashCTL_programMemoryFromRAM16WithECCGenerated), (32 bytes).
    Removing dl_flashctl.o(.ARM.exidx.text.DL_FlashCTL_programMemoryFromRAM16WithECCGenerated), (8 bytes).
    Removing dl_flashctl.o(.text.DL_FlashCTL_programMemory32WithECCGenerated), (28 bytes).
    Removing dl_flashctl.o(.ARM.exidx.text.DL_FlashCTL_programMemory32WithECCGenerated), (8 bytes).
    Removing dl_flashctl.o(.text.DL_FlashCTL_programMemoryFromRAM32WithECCGenerated), (32 bytes).
    Removing dl_flashctl.o(.ARM.exidx.text.DL_FlashCTL_programMemoryFromRAM32WithECCGenerated), (8 bytes).
    Removing dl_flashctl.o(.text.DL_FlashCTL_programMemory64WithECCGenerated), (36 bytes).
    Removing dl_flashctl.o(.ARM.exidx.text.DL_FlashCTL_programMemory64WithECCGenerated), (8 bytes).
    Removing dl_flashctl.o(.text.DL_FlashCTL_programMemoryFromRAM64WithECCGenerated), (40 bytes).
    Removing dl_flashctl.o(.ARM.exidx.text.DL_FlashCTL_programMemoryFromRAM64WithECCGenerated), (8 bytes).
    Removing dl_flashctl.o(.text.DL_FlashCTL_programMemory8WithECCManual), (40 bytes).
    Removing dl_flashctl.o(.ARM.exidx.text.DL_FlashCTL_programMemory8WithECCManual), (8 bytes).
    Removing dl_flashctl.o(.text.DL_FlashCTL_programMemoryFromRAM8WithECCManual), (44 bytes).
    Removing dl_flashctl.o(.ARM.exidx.text.DL_FlashCTL_programMemoryFromRAM8WithECCManual), (8 bytes).
    Removing dl_flashctl.o(.text.DL_FlashCTL_programMemory16WithECCManual), (40 bytes).
    Removing dl_flashctl.o(.ARM.exidx.text.DL_FlashCTL_programMemory16WithECCManual), (8 bytes).
    Removing dl_flashctl.o(.text.DL_FlashCTL_programMemoryFromRAM16WithECCManual), (44 bytes).
    Removing dl_flashctl.o(.ARM.exidx.text.DL_FlashCTL_programMemoryFromRAM16WithECCManual), (8 bytes).
    Removing dl_flashctl.o(.text.DL_FlashCTL_programMemory32WithECCManual), (40 bytes).
    Removing dl_flashctl.o(.ARM.exidx.text.DL_FlashCTL_programMemory32WithECCManual), (8 bytes).
    Removing dl_flashctl.o(.text.DL_FlashCTL_programMemoryFromRAM32WithECCManual), (44 bytes).
    Removing dl_flashctl.o(.ARM.exidx.text.DL_FlashCTL_programMemoryFromRAM32WithECCManual), (8 bytes).
    Removing dl_flashctl.o(.text.DL_FlashCTL_programMemory64WithECCManual), (44 bytes).
    Removing dl_flashctl.o(.ARM.exidx.text.DL_FlashCTL_programMemory64WithECCManual), (8 bytes).
    Removing dl_flashctl.o(.text.DL_FlashCTL_programMemoryFromRAM64WithECCManual), (48 bytes).
    Removing dl_flashctl.o(.ARM.exidx.text.DL_FlashCTL_programMemoryFromRAM64WithECCManual), (8 bytes).
    Removing dl_flashctl.o(.text.DL_FlashCTL_programMemoryBlocking64WithECCGenerated), (136 bytes).
    Removing dl_flashctl.o(.ARM.exidx.text.DL_FlashCTL_programMemoryBlocking64WithECCGenerated), (8 bytes).
    Removing dl_flashctl.o(.text.DL_FlashCTL_unprotectSector), (224 bytes).
    Removing dl_flashctl.o(.ARM.exidx.text.DL_FlashCTL_unprotectSector), (8 bytes).
    Removing dl_flashctl.o(.text.DL_FlashCTL_programMemoryBlockingFromRAM64WithECCGenerated), (100 bytes).
    Removing dl_flashctl.o(.ARM.exidx.text.DL_FlashCTL_programMemoryBlockingFromRAM64WithECCGenerated), (8 bytes).
    Removing dl_flashctl.o(.text.DL_FlashCTL_programMemoryBlocking64WithECCManual), (168 bytes).
    Removing dl_flashctl.o(.ARM.exidx.text.DL_FlashCTL_programMemoryBlocking64WithECCManual), (8 bytes).
    Removing dl_flashctl.o(.text.DL_FlashCTL_programMemoryBlockingFromRAM64WithECCManual), (120 bytes).
    Removing dl_flashctl.o(.ARM.exidx.text.DL_FlashCTL_programMemoryBlockingFromRAM64WithECCManual), (8 bytes).
    Removing dl_flashctl.o(.text.DL_FlashCTL_programMemoryBlocking), (160 bytes).
    Removing dl_flashctl.o(.ARM.exidx.text.DL_FlashCTL_programMemoryBlocking), (8 bytes).
    Removing dl_flashctl.o(.text.DL_FlashCTL_programMemoryFromRAM), (120 bytes).
    Removing dl_flashctl.o(.ARM.exidx.text.DL_FlashCTL_programMemoryFromRAM), (8 bytes).
    Removing dl_flashctl.o(.text.DL_FlashCTL_unprotectDataMemory), (20 bytes).
    Removing dl_flashctl.o(.ARM.exidx.text.DL_FlashCTL_unprotectDataMemory), (8 bytes).
    Removing dl_flashctl.o(.text.DL_FlashCTL_protectMainMemory), (20 bytes).
    Removing dl_flashctl.o(.ARM.exidx.text.DL_FlashCTL_protectMainMemory), (8 bytes).
    Removing dl_flashctl.o(.text.DL_FlashCTL_unprotectAllMemory), (24 bytes).
    Removing dl_flashctl.o(.ARM.exidx.text.DL_FlashCTL_unprotectAllMemory), (8 bytes).
    Removing dl_flashctl.o(.text.DL_FlashCTL_protectAllMemory), (28 bytes).
    Removing dl_flashctl.o(.ARM.exidx.text.DL_FlashCTL_protectAllMemory), (8 bytes).
    Removing dl_flashctl.o(.text.DL_FlashCTL_protectSector), (240 bytes).
    Removing dl_flashctl.o(.ARM.exidx.text.DL_FlashCTL_protectSector), (8 bytes).
    Removing dl_flashctl.o(.text.DL_FlashCTL_readVerify8), (26 bytes).
    Removing dl_flashctl.o(.ARM.exidx.text.DL_FlashCTL_readVerify8), (8 bytes).
    Removing dl_flashctl.o(.text.DL_FlashCTL_readVerify16), (26 bytes).
    Removing dl_flashctl.o(.ARM.exidx.text.DL_FlashCTL_readVerify16), (8 bytes).
    Removing dl_flashctl.o(.text.DL_FlashCTL_readVerify32), (28 bytes).
    Removing dl_flashctl.o(.ARM.exidx.text.DL_FlashCTL_readVerify32), (8 bytes).
    Removing dl_flashctl.o(.text.DL_FlashCTL_readVerify64), (32 bytes).
    Removing dl_flashctl.o(.ARM.exidx.text.DL_FlashCTL_readVerify64), (8 bytes).
    Removing dl_flashctl.o(.text.DL_FlashCTL_readVerifyFromRAM8), (32 bytes).
    Removing dl_flashctl.o(.ARM.exidx.text.DL_FlashCTL_readVerifyFromRAM8), (8 bytes).
    Removing dl_flashctl.o(.text.DL_FlashCTL_readVerifyFromRAM16), (28 bytes).
    Removing dl_flashctl.o(.ARM.exidx.text.DL_FlashCTL_readVerifyFromRAM16), (8 bytes).
    Removing dl_flashctl.o(.text.DL_FlashCTL_readVerifyFromRAM32), (32 bytes).
    Removing dl_flashctl.o(.ARM.exidx.text.DL_FlashCTL_readVerifyFromRAM32), (8 bytes).
    Removing dl_flashctl.o(.text.DL_FlashCTL_readVerifyFromRAM64), (36 bytes).
    Removing dl_flashctl.o(.ARM.exidx.text.DL_FlashCTL_readVerifyFromRAM64), (8 bytes).
    Removing dl_flashctl.o(.text.DL_FlashCTL_readVerifyFromRAM8WithECCGenerated), (32 bytes).
    Removing dl_flashctl.o(.ARM.exidx.text.DL_FlashCTL_readVerifyFromRAM8WithECCGenerated), (8 bytes).
    Removing dl_flashctl.o(.text.DL_FlashCTL_readVerifyFromRAM16WithECCGenerated), (32 bytes).
    Removing dl_flashctl.o(.ARM.exidx.text.DL_FlashCTL_readVerifyFromRAM16WithECCGenerated), (8 bytes).
    Removing dl_flashctl.o(.text.DL_FlashCTL_readVerifyFromRAM32WithECCGenerated), (32 bytes).
    Removing dl_flashctl.o(.ARM.exidx.text.DL_FlashCTL_readVerifyFromRAM32WithECCGenerated), (8 bytes).
    Removing dl_flashctl.o(.text.DL_FlashCTL_readVerifyFromRAM64WithECCGenerated), (40 bytes).
    Removing dl_flashctl.o(.ARM.exidx.text.DL_FlashCTL_readVerifyFromRAM64WithECCGenerated), (8 bytes).
    Removing dl_flashctl.o(.text.DL_FlashCTL_readVerifyFromRAM8WithECCManual), (44 bytes).
    Removing dl_flashctl.o(.ARM.exidx.text.DL_FlashCTL_readVerifyFromRAM8WithECCManual), (8 bytes).
    Removing dl_flashctl.o(.text.DL_FlashCTL_readVerifyFromRAM16WithECCManual), (44 bytes).
    Removing dl_flashctl.o(.ARM.exidx.text.DL_FlashCTL_readVerifyFromRAM16WithECCManual), (8 bytes).
    Removing dl_flashctl.o(.text.DL_FlashCTL_readVerifyFromRAM32WithECCManual), (44 bytes).
    Removing dl_flashctl.o(.ARM.exidx.text.DL_FlashCTL_readVerifyFromRAM32WithECCManual), (8 bytes).
    Removing dl_flashctl.o(.text.DL_FlashCTL_readVerifyFromRAM64WithECCManual), (48 bytes).
    Removing dl_flashctl.o(.ARM.exidx.text.DL_FlashCTL_readVerifyFromRAM64WithECCManual), (8 bytes).
    Removing dl_flashctl.o(.text.DL_FlashCTL_readVerify8WithECCGenerated), (30 bytes).
    Removing dl_flashctl.o(.ARM.exidx.text.DL_FlashCTL_readVerify8WithECCGenerated), (8 bytes).
    Removing dl_flashctl.o(.text.DL_FlashCTL_readVerify16WithECCGenerated), (30 bytes).
    Removing dl_flashctl.o(.ARM.exidx.text.DL_FlashCTL_readVerify16WithECCGenerated), (8 bytes).
    Removing dl_flashctl.o(.text.DL_FlashCTL_readVerify32WithECCGenerated), (30 bytes).
    Removing dl_flashctl.o(.ARM.exidx.text.DL_FlashCTL_readVerify32WithECCGenerated), (8 bytes).
    Removing dl_flashctl.o(.text.DL_FlashCTL_readVerify64WithECCGenerated), (36 bytes).
    Removing dl_flashctl.o(.ARM.exidx.text.DL_FlashCTL_readVerify64WithECCGenerated), (8 bytes).
    Removing dl_flashctl.o(.text.DL_FlashCTL_readVerify8WithECCManual), (40 bytes).
    Removing dl_flashctl.o(.ARM.exidx.text.DL_FlashCTL_readVerify8WithECCManual), (8 bytes).
    Removing dl_flashctl.o(.text.DL_FlashCTL_readVerify16WithECCManual), (40 bytes).
    Removing dl_flashctl.o(.ARM.exidx.text.DL_FlashCTL_readVerify16WithECCManual), (8 bytes).
    Removing dl_flashctl.o(.text.DL_FlashCTL_readVerify32WithECCManual), (40 bytes).
    Removing dl_flashctl.o(.ARM.exidx.text.DL_FlashCTL_readVerify32WithECCManual), (8 bytes).
    Removing dl_flashctl.o(.text.DL_FlashCTL_readVerify64WithECCManual), (48 bytes).
    Removing dl_flashctl.o(.ARM.exidx.text.DL_FlashCTL_readVerify64WithECCManual), (8 bytes).
    Removing dl_flashctl.o(.text.DL_FlashCTL_blankVerify), (20 bytes).
    Removing dl_flashctl.o(.ARM.exidx.text.DL_FlashCTL_blankVerify), (8 bytes).
    Removing dl_flashctl.o(.text.DL_FlashCTL_blankVerifyFromRAM), (24 bytes).
    Removing dl_flashctl.o(.ARM.exidx.text.DL_FlashCTL_blankVerifyFromRAM), (8 bytes).
    Removing dl_dma.o(.text), (0 bytes).
    Removing dl_dma.o(.text.DL_DMA_initChannel), (68 bytes).
    Removing dl_dma.o(.ARM.exidx.text.DL_DMA_initChannel), (8 bytes).
    Removing dl_dac12.o(.text), (0 bytes).
    Removing dl_dac12.o(.text.DL_DAC12_init), (136 bytes).
    Removing dl_dac12.o(.ARM.exidx.text.DL_DAC12_init), (8 bytes).
    Removing dl_dac12.o(.text.DL_DAC12_outputBlocking8), (48 bytes).
    Removing dl_dac12.o(.ARM.exidx.text.DL_DAC12_outputBlocking8), (8 bytes).
    Removing dl_dac12.o(.text.DL_DAC12_outputBlocking12), (56 bytes).
    Removing dl_dac12.o(.ARM.exidx.text.DL_DAC12_outputBlocking12), (8 bytes).
    Removing dl_dac12.o(.text.DL_DAC12_fillFIFO8), (132 bytes).
    Removing dl_dac12.o(.ARM.exidx.text.DL_DAC12_fillFIFO8), (8 bytes).
    Removing dl_dac12.o(.text.DL_DAC12_fillFIFO12), (56 bytes).
    Removing dl_dac12.o(.ARM.exidx.text.DL_DAC12_fillFIFO12), (8 bytes).
    Removing dl_dac12.o(.text.DL_DAC12_performSelfCalibrationBlocking), (36 bytes).
    Removing dl_dac12.o(.ARM.exidx.text.DL_DAC12_performSelfCalibrationBlocking), (8 bytes).
    Removing dl_crcp.o(.text), (0 bytes).
    Removing dl_crc.o(.text), (0 bytes).
    Removing dl_crc.o(.text.DL_CRC_calculateBlock32), (96 bytes).
    Removing dl_crc.o(.ARM.exidx.text.DL_CRC_calculateBlock32), (8 bytes).
    Removing dl_crc.o(.text.DL_CRC_calculateMemoryRange32), (52 bytes).
    Removing dl_crc.o(.ARM.exidx.text.DL_CRC_calculateMemoryRange32), (8 bytes).
    Removing dl_crc.o(.text.DL_CRC_calculateBlock16), (156 bytes).
    Removing dl_crc.o(.ARM.exidx.text.DL_CRC_calculateBlock16), (8 bytes).
    Removing dl_crc.o(.text.DL_CRC_calculateMemoryRange16), (104 bytes).
    Removing dl_crc.o(.ARM.exidx.text.DL_CRC_calculateMemoryRange16), (8 bytes).
    Removing dl_common.o(.text), (0 bytes).
    Removing dl_common.o(.ARM.exidx.text.DL_Common_delayCycles), (8 bytes).
    Removing dl_aesadv.o(.text), (0 bytes).
    Removing dl_aes.o(.text), (0 bytes).
    Removing dl_aes.o(.text.DL_AES_setKey), (72 bytes).
    Removing dl_aes.o(.ARM.exidx.text.DL_AES_setKey), (8 bytes).
    Removing dl_aes.o(.text.DL_AES_setKeyAligned), (56 bytes).
    Removing dl_aes.o(.ARM.exidx.text.DL_AES_setKeyAligned), (8 bytes).
    Removing dl_aes.o(.text.DL_AES_loadDataIn), (40 bytes).
    Removing dl_aes.o(.ARM.exidx.text.DL_AES_loadDataIn), (8 bytes).
    Removing dl_aes.o(.text.DL_AES_loadDataInAligned), (24 bytes).
    Removing dl_aes.o(.ARM.exidx.text.DL_AES_loadDataInAligned), (8 bytes).
    Removing dl_aes.o(.text.DL_AES_getDataOut), (36 bytes).
    Removing dl_aes.o(.ARM.exidx.text.DL_AES_getDataOut), (8 bytes).
    Removing dl_aes.o(.text.DL_AES_getDataOutAligned), (24 bytes).
    Removing dl_aes.o(.ARM.exidx.text.DL_AES_getDataOutAligned), (8 bytes).
    Removing dl_aes.o(.text.DL_AES_loadXORDataIn), (40 bytes).
    Removing dl_aes.o(.ARM.exidx.text.DL_AES_loadXORDataIn), (8 bytes).
    Removing dl_aes.o(.text.DL_AES_loadXORDataInAligned), (24 bytes).
    Removing dl_aes.o(.ARM.exidx.text.DL_AES_loadXORDataInAligned), (8 bytes).
    Removing dl_aes.o(.text.DL_AES_loadXORDataInWithoutTrigger), (40 bytes).
    Removing dl_aes.o(.ARM.exidx.text.DL_AES_loadXORDataInWithoutTrigger), (8 bytes).
    Removing dl_aes.o(.text.DL_AES_loadXORDataInWithoutTriggerAligned), (24 bytes).
    Removing dl_aes.o(.ARM.exidx.text.DL_AES_loadXORDataInWithoutTriggerAligned), (8 bytes).
    Removing dl_aes.o(.text.DL_AES_xorData), (52 bytes).
    Removing dl_aes.o(.ARM.exidx.text.DL_AES_xorData), (8 bytes).
    Removing dl_aes.o(.text.DL_AES_xorDataAligned), (36 bytes).
    Removing dl_aes.o(.ARM.exidx.text.DL_AES_xorDataAligned), (8 bytes).
    Removing dl_aes.o(.text.DL_AES_saveConfiguration), (60 bytes).
    Removing dl_aes.o(.ARM.exidx.text.DL_AES_saveConfiguration), (8 bytes).
    Removing dl_aes.o(.text.DL_AES_restoreConfiguration), (60 bytes).
    Removing dl_aes.o(.ARM.exidx.text.DL_AES_restoreConfiguration), (8 bytes).
    Removing dl_adc12.o(.text), (0 bytes).
    Removing dl_adc12.o(.text.DL_ADC12_setClockConfig), (64 bytes).
    Removing dl_adc12.o(.ARM.exidx.text.DL_ADC12_setClockConfig), (8 bytes).
    Removing dl_adc12.o(.text.DL_ADC12_getClockConfig), (40 bytes).
    Removing dl_adc12.o(.ARM.exidx.text.DL_ADC12_getClockConfig), (8 bytes).
    Removing dl_interrupt.o(.text), (0 bytes).
    Removing dl_interrupt.o(.text.DL_Interrupt_registerInterrupt), (144 bytes).
    Removing dl_interrupt.o(.ARM.exidx.text.DL_Interrupt_registerInterrupt), (8 bytes).
    Removing dl_interrupt.o(.text.DL_Interrupt_unregisterInterrupt), (20 bytes).
    Removing dl_interrupt.o(.ARM.exidx.text.DL_Interrupt_unregisterInterrupt), (8 bytes).
    Removing dl_interrupt.o(.vtable), (192 bytes).
    Removing led.o(.text), (0 bytes).
    Removing led.o(.ARM.exidx.text.LED_OFF), (8 bytes).
    Removing led.o(.ARM.exidx.text.LED_ON), (8 bytes).
    Removing led.o(.text.LED_Toggle), (12 bytes).
    Removing led.o(.ARM.exidx.text.LED_Toggle), (8 bytes).
    Removing led.o(.text.LED_Flash), (52 bytes).
    Removing led.o(.ARM.exidx.text.LED_Flash), (8 bytes).
    Removing led.o(.bss.LED_Flash.temp), (2 bytes).
    Removing encoder.o(.text), (0 bytes).
    Removing encoder.o(.text.key_process), (52 bytes).
    Removing encoder.o(.ARM.exidx.text.key_process), (8 bytes).
    Removing encoder.o(.ARM.exidx.text.GROUP1_IRQHandler), (8 bytes).
    Removing encoder.o(.text.compare_arrays), (42 bytes).
    Removing encoder.o(.ARM.exidx.text.compare_arrays), (8 bytes).
    Removing encoder.o(.text.openrational_decision), (2 bytes).
    Removing encoder.o(.ARM.exidx.text.openrational_decision), (8 bytes).
    Removing motor.o(.text), (0 bytes).
    Removing motor.o(.ARM.exidx.text.Set_PWM), (8 bytes).
    Removing itrt.o(.text), (0 bytes).
    Removing itrt.o(.ARM.exidx.text.TIMA0_IRQHandler), (8 bytes).
    Removing itrt.o(.bss.PWMA), (4 bytes).
    Removing itrt.o(.bss.PWMB), (4 bytes).
    Removing wit_imu.o(.text), (0 bytes).
    Removing wit_imu.o(.text.calculateChecksum), (42 bytes).
    Removing wit_imu.o(.ARM.exidx.text.calculateChecksum), (8 bytes).
    Removing wit_imu.o(.text.parseAccelData), (212 bytes).
    Removing wit_imu.o(.ARM.exidx.text.parseAccelData), (8 bytes).
    Removing wit_imu.o(.ARM.exidx.text.parseGyroData), (8 bytes).
    Removing wit_imu.o(.ARM.exidx.text.parseAngleData), (8 bytes).
    Removing wit_imu.o(.text.parseMagData), (136 bytes).
    Removing wit_imu.o(.ARM.exidx.text.parseMagData), (8 bytes).
    Removing wit_imu.o(.ARM.exidx.text.parseIMUData), (8 bytes).
    Removing pid.o(.text), (0 bytes).
    Removing pid.o(.ARM.exidx.text.Velocity_A), (8 bytes).
    Removing pid.o(.ARM.exidx.text.Velocity_B), (8 bytes).
    Removing pid.o(.text.PID_Init), (14 bytes).
    Removing pid.o(.ARM.exidx.text.PID_Init), (8 bytes).
    Removing pid.o(.text.PID_Calc), (154 bytes).
    Removing pid.o(.ARM.exidx.text.PID_Calc), (8 bytes).
    Removing pid.o(.bss.Velcity_Kd), (4 bytes).
    Removing key.o(.text), (0 bytes).
    Removing uart.o(.text), (0 bytes).
    Removing uart.o(.text._ttywrch), (2 bytes).
    Removing uart.o(.ARM.exidx.text._ttywrch), (8 bytes).
    Removing uart.o(.text._sys_exit), (2 bytes).
    Removing uart.o(.ARM.exidx.text._sys_exit), (8 bytes).
    Removing uart.o(.text._sys_command_string), (4 bytes).
    Removing uart.o(.ARM.exidx.text._sys_command_string), (8 bytes).
    Removing uart.o(.text.fputc), (20 bytes).
    Removing uart.o(.ARM.exidx.text.fputc), (8 bytes).
    Removing uart.o(.text.UART0_Text), (120 bytes).
    Removing uart.o(.ARM.exidx.text.UART0_Text), (8 bytes).
    Removing uart.o(.text.UART0_Send_Bytes), (32 bytes).
    Removing uart.o(.ARM.exidx.text.UART0_Send_Bytes), (8 bytes).
    Removing uart.o(.text.UART_Init), (24 bytes).
    Removing uart.o(.ARM.exidx.text.UART_Init), (8 bytes).
    Removing uart.o(.ARM.exidx.text.UART0_IRQHandler), (8 bytes).
    Removing uart.o(.bss.__stdout), (84 bytes).
    Removing oled.o(.text), (0 bytes).
    Removing oled.o(.text.OLED_ColorTurn), (24 bytes).
    Removing oled.o(.ARM.exidx.text.OLED_ColorTurn), (8 bytes).
    Removing oled.o(.ARM.exidx.text.OLED_WR_Byte), (8 bytes).
    Removing oled.o(.text.OLED_DisplayTurn), (38 bytes).
    Removing oled.o(.ARM.exidx.text.OLED_DisplayTurn), (8 bytes).
    Removing oled.o(.text.IIC_delay), (10 bytes).
    Removing oled.o(.ARM.exidx.text.IIC_delay), (8 bytes).
    Removing oled.o(.text.I2C_Start), (48 bytes).
    Removing oled.o(.ARM.exidx.text.I2C_Start), (8 bytes).
    Removing oled.o(.text.I2C_Stop), (28 bytes).
    Removing oled.o(.ARM.exidx.text.I2C_Stop), (8 bytes).
    Removing oled.o(.text.I2C_WaitAck), (40 bytes).
    Removing oled.o(.ARM.exidx.text.I2C_WaitAck), (8 bytes).
    Removing oled.o(.ARM.exidx.text.Send_Byte), (8 bytes).
    Removing oled.o(.text.OLED_DisPlay_On), (30 bytes).
    Removing oled.o(.ARM.exidx.text.OLED_DisPlay_On), (8 bytes).
    Removing oled.o(.text.OLED_DisPlay_Off), (30 bytes).
    Removing oled.o(.ARM.exidx.text.OLED_DisPlay_Off), (8 bytes).
    Removing oled.o(.ARM.exidx.text.OLED_Refresh), (8 bytes).
    Removing oled.o(.ARM.exidx.text.OLED_Clear), (8 bytes).
    Removing oled.o(.text.OLED_DrawPoint), (40 bytes).
    Removing oled.o(.ARM.exidx.text.OLED_DrawPoint), (8 bytes).
    Removing oled.o(.text.OLED_DrawLine), (208 bytes).
    Removing oled.o(.ARM.exidx.text.OLED_DrawLine), (8 bytes).
    Removing oled.o(.text.OLED_DrawCircle), (252 bytes).
    Removing oled.o(.ARM.exidx.text.OLED_DrawCircle), (8 bytes).
    Removing oled.o(.ARM.exidx.text.OLED_ShowChar), (8 bytes).
    Removing oled.o(.text.OLED_ShowString), (80 bytes).
    Removing oled.o(.ARM.exidx.text.OLED_ShowString), (8 bytes).
    Removing oled.o(.text.OLED_Pow), (64 bytes).
    Removing oled.o(.ARM.exidx.text.OLED_Pow), (8 bytes).
    Removing oled.o(.text.OLED_ShowNum), (188 bytes).
    Removing oled.o(.ARM.exidx.text.OLED_ShowNum), (8 bytes).
    Removing oled.o(.ARM.exidx.text.OLED_ShowSignedNum), (8 bytes).
    Removing oled.o(.ARM.exidx.text.OLED_Init), (8 bytes).
    Removing task_fsm.o(.text), (0 bytes).
    Removing task_fsm.o(.ARM.exidx.text.StateMachine), (8 bytes).
    Removing task_fsm.o(.text.Task1), (88 bytes).
    Removing task_fsm.o(.ARM.exidx.text.Task1), (8 bytes).
    Removing task_fsm.o(.text.Task2), (14 bytes).
    Removing task_fsm.o(.ARM.exidx.text.Task2), (8 bytes).
    Removing task_fsm.o(.text.Task3), (12 bytes).
    Removing task_fsm.o(.ARM.exidx.text.Task3), (8 bytes).
    Removing task_fsm.o(.text.Task4), (12 bytes).
    Removing task_fsm.o(.ARM.exidx.text.Task4), (8 bytes).
    Removing control.o(.text), (0 bytes).
    Removing control.o(.ARM.exidx.text.Get_Encoder), (8 bytes).
    Removing control.o(.ARM.exidx.text.Speed), (8 bytes).
    Removing control.o(.text.Turn_left), (68 bytes).
    Removing control.o(.ARM.exidx.text.Turn_left), (8 bytes).
    Removing control.o(.ARM.exidx.text.Turn_right), (8 bytes).
    Removing ddiv.o(.text), (240 bytes).
    Removing fcmpge.o(.text), (28 bytes).
    Removing fcmpgt.o(.text), (28 bytes).

737 unused section(s) (total 24459 bytes) removed from the image.

==============================================================================

Image Symbol Table

    Local Symbols

    Symbol Name                              Value     Ov Type        Size  Object(Section)

    ../clib/division.s                       0x00000000   Number         0  aeabi_sdivfast.o ABSOLUTE
    ../clib/division.s                       0x00000000   Number         0  aeabi_sdivfast_div0.o ABSOLUTE
    ../clib/microlib/division.c              0x00000000   Number         0  uidiv.o ABSOLUTE
    ../clib/microlib/division.c              0x00000000   Number         0  uidiv_div0.o ABSOLUTE
    ../clib/microlib/division.c              0x00000000   Number         0  idiv_div0.o ABSOLUTE
    ../clib/microlib/division.c              0x00000000   Number         0  idiv0.o ABSOLUTE
    ../clib/microlib/init/entry.s            0x00000000   Number         0  entry.o ABSOLUTE
    ../clib/microlib/init/entry.s            0x00000000   Number         0  entry2.o ABSOLUTE
    ../clib/microlib/init/entry.s            0x00000000   Number         0  entry5.o ABSOLUTE
    ../clib/microlib/init/entry.s            0x00000000   Number         0  entry7a.o ABSOLUTE
    ../clib/microlib/init/entry.s            0x00000000   Number         0  entry7b.o ABSOLUTE
    ../clib/microlib/init/entry.s            0x00000000   Number         0  entry8a.o ABSOLUTE
    ../clib/microlib/init/entry.s            0x00000000   Number         0  entry8b.o ABSOLUTE
    ../clib/microlib/init/entry.s            0x00000000   Number         0  entry9a.o ABSOLUTE
    ../clib/microlib/init/entry.s            0x00000000   Number         0  entry9b.o ABSOLUTE
    ../clib/microlib/init/entry.s            0x00000000   Number         0  entry10a.o ABSOLUTE
    ../clib/microlib/init/entry.s            0x00000000   Number         0  entry10b.o ABSOLUTE
    ../clib/microlib/init/entry.s            0x00000000   Number         0  entry11a.o ABSOLUTE
    ../clib/microlib/init/entry.s            0x00000000   Number         0  entry11b.o ABSOLUTE
    ../clib/microlib/longlong.c              0x00000000   Number         0  llshl.o ABSOLUTE
    ../clib/microlib/longlong.c              0x00000000   Number         0  llushr.o ABSOLUTE
    ../clib/microlib/stubs.s                 0x00000000   Number         0  useno.o ABSOLUTE
    ../clib/microlib/stubs.s                 0x00000000   Number         0  iusefp.o ABSOLUTE
    ../fplib/microlib/d2f.c                  0x00000000   Number         0  d2f.o ABSOLUTE
    ../fplib/microlib/fpadd.c                0x00000000   Number         0  fadd.o ABSOLUTE
    ../fplib/microlib/fpcmp.c                0x00000000   Number         0  fcmpge.o ABSOLUTE
    ../fplib/microlib/fpcmp.c                0x00000000   Number         0  fcmpgt.o ABSOLUTE
    ../fplib/microlib/fpdiv.c                0x00000000   Number         0  ddiv.o ABSOLUTE
    ../fplib/microlib/fpepilogue.c           0x00000000   Number         0  fepilogue.o ABSOLUTE
    ../fplib/microlib/fpepilogue.c           0x00000000   Number         0  depilogue.o ABSOLUTE
    ../fplib/microlib/fpfix.c                0x00000000   Number         0  ffixi.o ABSOLUTE
    ../fplib/microlib/fpflt.c                0x00000000   Number         0  fflti.o ABSOLUTE
    ../fplib/microlib/fpflt.c                0x00000000   Number         0  dflti.o ABSOLUTE
    ../fplib/microlib/fpmul.c                0x00000000   Number         0  fmul.o ABSOLUTE
    ../fplib/microlib/fpmul.c                0x00000000   Number         0  dmul.o ABSOLUTE
    KEY.c                                    0x00000000   Number         0  key.o ABSOLUTE
    PID.c                                    0x00000000   Number         0  pid.o ABSOLUTE
    board.c                                  0x00000000   Number         0  board.o ABSOLUTE
    control.c                                0x00000000   Number         0  control.o ABSOLUTE
    dc.s                                     0x00000000   Number         0  dc.o ABSOLUTE
    dl_adc12.c                               0x00000000   Number         0  dl_adc12.o ABSOLUTE
    dl_aes.c                                 0x00000000   Number         0  dl_aes.o ABSOLUTE
    dl_aesadv.c                              0x00000000   Number         0  dl_aesadv.o ABSOLUTE
    dl_common.c                              0x00000000   Number         0  dl_common.o ABSOLUTE
    dl_crc.c                                 0x00000000   Number         0  dl_crc.o ABSOLUTE
    dl_crcp.c                                0x00000000   Number         0  dl_crcp.o ABSOLUTE
    dl_dac12.c                               0x00000000   Number         0  dl_dac12.o ABSOLUTE
    dl_dma.c                                 0x00000000   Number         0  dl_dma.o ABSOLUTE
    dl_flashctl.c                            0x00000000   Number         0  dl_flashctl.o ABSOLUTE
    dl_i2c.c                                 0x00000000   Number         0  dl_i2c.o ABSOLUTE
    dl_interrupt.c                           0x00000000   Number         0  dl_interrupt.o ABSOLUTE
    dl_keystorectl.c                         0x00000000   Number         0  dl_keystorectl.o ABSOLUTE
    dl_lcd.c                                 0x00000000   Number         0  dl_lcd.o ABSOLUTE
    dl_lfss.c                                0x00000000   Number         0  dl_lfss.o ABSOLUTE
    dl_mathacl.c                             0x00000000   Number         0  dl_mathacl.o ABSOLUTE
    dl_mcan.c                                0x00000000   Number         0  dl_mcan.o ABSOLUTE
    dl_opa.c                                 0x00000000   Number         0  dl_opa.o ABSOLUTE
    dl_rtc_common.c                          0x00000000   Number         0  dl_rtc_common.o ABSOLUTE
    dl_spi.c                                 0x00000000   Number         0  dl_spi.o ABSOLUTE
    dl_timer.c                               0x00000000   Number         0  dl_timer.o ABSOLUTE
    dl_trng.c                                0x00000000   Number         0  dl_trng.o ABSOLUTE
    dl_uart.c                                0x00000000   Number         0  dl_uart.o ABSOLUTE
    dl_vref.c                                0x00000000   Number         0  dl_vref.o ABSOLUTE
    empty.c                                  0x00000000   Number         0  empty.o ABSOLUTE
    encoder.c                                0x00000000   Number         0  encoder.o ABSOLUTE
    handlers.s                               0x00000000   Number         0  handlers.o ABSOLUTE
    init.s                                   0x00000000   Number         0  init.o ABSOLUTE
    itrt.c                                   0x00000000   Number         0  itrt.o ABSOLUTE
    led.c                                    0x00000000   Number         0  led.o ABSOLUTE
    motor.c                                  0x00000000   Number         0  motor.o ABSOLUTE
    oled.c                                   0x00000000   Number         0  oled.o ABSOLUTE
    startup_mspm0g350x_uvision.s             0x00000000   Number         0  startup_mspm0g350x_uvision.o ABSOLUTE
    task_fsm.c                               0x00000000   Number         0  task_fsm.o ABSOLUTE
    ti_msp_dl_config.c                       0x00000000   Number         0  ti_msp_dl_config.o ABSOLUTE
    uart.c                                   0x00000000   Number         0  uart.o ABSOLUTE
    wit_imu.c                                0x00000000   Number         0  wit_imu.o ABSOLUTE
    RESET                                    0x00000000   Section      192  startup_mspm0g350x_uvision.o(RESET)
    .ARM.Collect$$$$00000000                 0x000000c0   Section        0  entry.o(.ARM.Collect$$$$00000000)
    .ARM.Collect$$$$00000001                 0x000000c0   Section        4  entry2.o(.ARM.Collect$$$$00000001)
    .ARM.Collect$$$$00000004                 0x000000c4   Section        4  entry5.o(.ARM.Collect$$$$00000004)
    .ARM.Collect$$$$00000008                 0x000000c8   Section        0  entry7b.o(.ARM.Collect$$$$00000008)
    .ARM.Collect$$$$0000000A                 0x000000c8   Section        0  entry8b.o(.ARM.Collect$$$$0000000A)
    .ARM.Collect$$$$0000000B                 0x000000c8   Section        8  entry9a.o(.ARM.Collect$$$$0000000B)
    __lit__00000000                          0x000000d0   Data           4  entry2.o(.ARM.Collect$$$$00002712)
    .ARM.Collect$$$$0000000D                 0x000000d0   Section        0  entry10a.o(.ARM.Collect$$$$0000000D)
    .ARM.Collect$$$$0000000F                 0x000000d0   Section        0  entry11a.o(.ARM.Collect$$$$0000000F)
    .ARM.Collect$$$$00002712                 0x000000d0   Section        4  entry2.o(.ARM.Collect$$$$00002712)
    .text                                    0x000000d4   Section       20  startup_mspm0g350x_uvision.o(.text)
    .text                                    0x000000e8   Section        0  fadd.o(.text)
    .text                                    0x0000019a   Section        0  fmul.o(.text)
    .text                                    0x00000214   Section        0  dmul.o(.text)
    .text                                    0x000002e4   Section        0  fflti.o(.text)
    .text                                    0x000002fc   Section        0  dflti.o(.text)
    .text                                    0x00000324   Section        0  ffixi.o(.text)
    .text                                    0x00000356   Section        0  d2f.o(.text)
    .text                                    0x0000038e   Section        0  uidiv_div0.o(.text)
    .text                                    0x000003cc   Section        0  iusefp.o(.text)
    .text                                    0x000003cc   Section        0  fepilogue.o(.text)
    .text                                    0x0000044e   Section        0  depilogue.o(.text)
    .text                                    0x00000510   Section       36  init.o(.text)
    .text                                    0x00000534   Section        0  llshl.o(.text)
    .text                                    0x00000554   Section        0  llushr.o(.text)
    [Anonymous Symbol]                       0x00000576   Section        0  dl_common.o(.text.DL_Common_delayCycles)
    [Anonymous Symbol]                       0x00000580   Section        0  dl_timer.o(.text.DL_TimerA_initPWMMode)
    __arm_cp.31_0                            0x000005ec   Number         4  dl_timer.o(.text.DL_TimerA_initPWMMode)
    [Anonymous Symbol]                       0x000005f0   Section        0  dl_timer.o(.text.DL_Timer_initPWMMode)
    __arm_cp.11_1                            0x0000069c   Number         4  dl_timer.o(.text.DL_Timer_initPWMMode)
    __arm_cp.11_2                            0x000006a0   Number         4  dl_timer.o(.text.DL_Timer_initPWMMode)
    __arm_cp.11_3                            0x000006a4   Number         4  dl_timer.o(.text.DL_Timer_initPWMMode)
    __arm_cp.11_4                            0x000006a8   Number         4  dl_timer.o(.text.DL_Timer_initPWMMode)
    __arm_cp.11_6                            0x000006ac   Number         4  dl_timer.o(.text.DL_Timer_initPWMMode)
    [Anonymous Symbol]                       0x000006b0   Section        0  dl_timer.o(.text.DL_Timer_initTimerMode)
    __arm_cp.2_0                             0x0000078c   Number         4  dl_timer.o(.text.DL_Timer_initTimerMode)
    __arm_cp.2_1                             0x00000790   Number         4  dl_timer.o(.text.DL_Timer_initTimerMode)
    __arm_cp.2_2                             0x00000794   Number         4  dl_timer.o(.text.DL_Timer_initTimerMode)
    [Anonymous Symbol]                       0x00000798   Section        0  dl_timer.o(.text.DL_Timer_setCaptCompUpdateMethod)
    __arm_cp.18_0                            0x000007b0   Number         4  dl_timer.o(.text.DL_Timer_setCaptCompUpdateMethod)
    [Anonymous Symbol]                       0x000007b4   Section        0  dl_timer.o(.text.DL_Timer_setCaptureCompareOutCtl)
    __arm_cp.13_0                            0x000007c8   Number         4  dl_timer.o(.text.DL_Timer_setCaptureCompareOutCtl)
    [Anonymous Symbol]                       0x000007cc   Section        0  dl_timer.o(.text.DL_Timer_setCaptureCompareValue)
    __arm_cp.3_0                             0x000007d8   Number         4  dl_timer.o(.text.DL_Timer_setCaptureCompareValue)
    [Anonymous Symbol]                       0x000007dc   Section        0  dl_timer.o(.text.DL_Timer_setClockConfig)
    __arm_cp.0_0                             0x000007f4   Number         4  dl_timer.o(.text.DL_Timer_setClockConfig)
    [Anonymous Symbol]                       0x000007f8   Section        0  dl_uart.o(.text.DL_UART_init)
    __arm_cp.0_0                             0x00000838   Number         4  dl_uart.o(.text.DL_UART_init)
    __arm_cp.0_1                             0x0000083c   Number         4  dl_uart.o(.text.DL_UART_init)
    [Anonymous Symbol]                       0x00000840   Section        0  dl_uart.o(.text.DL_UART_setClockConfig)
    [Anonymous Symbol]                       0x00000854   Section        0  encoder.o(.text.GROUP1_IRQHandler)
    __arm_cp.1_0                             0x0000094c   Number         4  encoder.o(.text.GROUP1_IRQHandler)
    __arm_cp.1_1                             0x00000950   Number         4  encoder.o(.text.GROUP1_IRQHandler)
    __arm_cp.1_2                             0x00000954   Number         4  encoder.o(.text.GROUP1_IRQHandler)
    __arm_cp.1_3                             0x00000958   Number         4  encoder.o(.text.GROUP1_IRQHandler)
    __arm_cp.1_4                             0x0000095c   Number         4  encoder.o(.text.GROUP1_IRQHandler)
    __arm_cp.1_5                             0x00000960   Number         4  encoder.o(.text.GROUP1_IRQHandler)
    __arm_cp.1_6                             0x00000964   Number         4  encoder.o(.text.GROUP1_IRQHandler)
    __arm_cp.1_7                             0x00000968   Number         4  encoder.o(.text.GROUP1_IRQHandler)
    [Anonymous Symbol]                       0x0000096c   Section        0  control.o(.text.Get_Encoder)
    __arm_cp.0_0                             0x00000998   Number         4  control.o(.text.Get_Encoder)
    __arm_cp.0_1                             0x0000099c   Number         4  control.o(.text.Get_Encoder)
    [Anonymous Symbol]                       0x000009a0   Section        0  led.o(.text.LED_OFF)
    __arm_cp.0_0                             0x000009b0   Number         4  led.o(.text.LED_OFF)
    [Anonymous Symbol]                       0x000009b4   Section        0  led.o(.text.LED_ON)
    __arm_cp.1_0                             0x000009c4   Number         4  led.o(.text.LED_ON)
    [Anonymous Symbol]                       0x000009c8   Section        0  oled.o(.text.OLED_Clear)
    __arm_cp.11_1                            0x000009d8   Number         4  oled.o(.text.OLED_Clear)
    [Anonymous Symbol]                       0x00000ec8   Section        0  oled.o(.text.OLED_Init)
    __arm_cp.20_1                            0x00000fb8   Number         4  oled.o(.text.OLED_Init)
    [Anonymous Symbol]                       0x000014a8   Section        0  oled.o(.text.OLED_Refresh)
    __arm_cp.10_1                            0x00001598   Number         4  oled.o(.text.OLED_Refresh)
    [Anonymous Symbol]                       0x0000159c   Section        0  oled.o(.text.OLED_ShowChar)
    __arm_cp.15_0                            0x000017e0   Number         4  oled.o(.text.OLED_ShowChar)
    __arm_cp.15_1                            0x000017e4   Number         4  oled.o(.text.OLED_ShowChar)
    __arm_cp.15_2                            0x000017e8   Number         4  oled.o(.text.OLED_ShowChar)
    __arm_cp.15_3                            0x000017ec   Number         4  oled.o(.text.OLED_ShowChar)
    [Anonymous Symbol]                       0x000017f0   Section        0  oled.o(.text.OLED_ShowSignedNum)
    __arm_cp.19_0                            0x00001964   Number         4  oled.o(.text.OLED_ShowSignedNum)
    [Anonymous Symbol]                       0x00001968   Section        0  oled.o(.text.OLED_WR_Byte)
    __arm_cp.1_0                             0x00001a04   Number         4  oled.o(.text.OLED_WR_Byte)
    [Anonymous Symbol]                       0x00001a08   Section        0  ti_msp_dl_config.o(.text.SYSCFG_DL_GPIO_init)
    __arm_cp.2_0                             0x00001aac   Number         4  ti_msp_dl_config.o(.text.SYSCFG_DL_GPIO_init)
    __arm_cp.2_1                             0x00001ab0   Number         4  ti_msp_dl_config.o(.text.SYSCFG_DL_GPIO_init)
    __arm_cp.2_2                             0x00001ab4   Number         4  ti_msp_dl_config.o(.text.SYSCFG_DL_GPIO_init)
    __arm_cp.2_3                             0x00001ab8   Number         4  ti_msp_dl_config.o(.text.SYSCFG_DL_GPIO_init)
    __arm_cp.2_4                             0x00001abc   Number         4  ti_msp_dl_config.o(.text.SYSCFG_DL_GPIO_init)
    __arm_cp.2_5                             0x00001ac0   Number         4  ti_msp_dl_config.o(.text.SYSCFG_DL_GPIO_init)
    __arm_cp.2_6                             0x00001ac4   Number         4  ti_msp_dl_config.o(.text.SYSCFG_DL_GPIO_init)
    __arm_cp.2_7                             0x00001ac8   Number         4  ti_msp_dl_config.o(.text.SYSCFG_DL_GPIO_init)
    __arm_cp.2_8                             0x00001acc   Number         4  ti_msp_dl_config.o(.text.SYSCFG_DL_GPIO_init)
    __arm_cp.2_9                             0x00001ad0   Number         4  ti_msp_dl_config.o(.text.SYSCFG_DL_GPIO_init)
    __arm_cp.2_10                            0x00001ad4   Number         4  ti_msp_dl_config.o(.text.SYSCFG_DL_GPIO_init)
    __arm_cp.2_11                            0x00001ad8   Number         4  ti_msp_dl_config.o(.text.SYSCFG_DL_GPIO_init)
    __arm_cp.2_12                            0x00001adc   Number         4  ti_msp_dl_config.o(.text.SYSCFG_DL_GPIO_init)
    __arm_cp.2_13                            0x00001ae0   Number         4  ti_msp_dl_config.o(.text.SYSCFG_DL_GPIO_init)
    __arm_cp.2_14                            0x00001ae4   Number         4  ti_msp_dl_config.o(.text.SYSCFG_DL_GPIO_init)
    [Anonymous Symbol]                       0x00001ae8   Section        0  ti_msp_dl_config.o(.text.SYSCFG_DL_PWM_1_init)
    __arm_cp.4_1                             0x00001b54   Number         4  ti_msp_dl_config.o(.text.SYSCFG_DL_PWM_1_init)
    __arm_cp.4_2                             0x00001b58   Number         4  ti_msp_dl_config.o(.text.SYSCFG_DL_PWM_1_init)
    __arm_cp.4_3                             0x00001b5c   Number         4  ti_msp_dl_config.o(.text.SYSCFG_DL_PWM_1_init)
    [Anonymous Symbol]                       0x00001b60   Section        0  ti_msp_dl_config.o(.text.SYSCFG_DL_SYSCTL_init)
    __arm_cp.3_0                             0x00001b98   Number         4  ti_msp_dl_config.o(.text.SYSCFG_DL_SYSCTL_init)
    __arm_cp.3_1                             0x00001b9c   Number         4  ti_msp_dl_config.o(.text.SYSCFG_DL_SYSCTL_init)
    __arm_cp.3_2                             0x00001ba0   Number         4  ti_msp_dl_config.o(.text.SYSCFG_DL_SYSCTL_init)
    [Anonymous Symbol]                       0x00001ba4   Section        0  ti_msp_dl_config.o(.text.SYSCFG_DL_SYSTICK_init)
    __arm_cp.7_0                             0x00001bbc   Number         4  ti_msp_dl_config.o(.text.SYSCFG_DL_SYSTICK_init)
    [Anonymous Symbol]                       0x00001bc0   Section        0  ti_msp_dl_config.o(.text.SYSCFG_DL_TIMER_0_init)
    __arm_cp.5_0                             0x00001bf8   Number         4  ti_msp_dl_config.o(.text.SYSCFG_DL_TIMER_0_init)
    __arm_cp.5_1                             0x00001bfc   Number         4  ti_msp_dl_config.o(.text.SYSCFG_DL_TIMER_0_init)
    __arm_cp.5_2                             0x00001c00   Number         4  ti_msp_dl_config.o(.text.SYSCFG_DL_TIMER_0_init)
    __arm_cp.5_3                             0x00001c04   Number         4  ti_msp_dl_config.o(.text.SYSCFG_DL_TIMER_0_init)
    __arm_cp.5_4                             0x00001c08   Number         4  ti_msp_dl_config.o(.text.SYSCFG_DL_TIMER_0_init)
    __arm_cp.5_5                             0x00001c0c   Number         4  ti_msp_dl_config.o(.text.SYSCFG_DL_TIMER_0_init)
    [Anonymous Symbol]                       0x00001c10   Section        0  ti_msp_dl_config.o(.text.SYSCFG_DL_UART_0_init)
    __arm_cp.6_0                             0x00001c78   Number         4  ti_msp_dl_config.o(.text.SYSCFG_DL_UART_0_init)
    __arm_cp.6_1                             0x00001c7c   Number         4  ti_msp_dl_config.o(.text.SYSCFG_DL_UART_0_init)
    __arm_cp.6_2                             0x00001c80   Number         4  ti_msp_dl_config.o(.text.SYSCFG_DL_UART_0_init)
    __arm_cp.6_3                             0x00001c84   Number         4  ti_msp_dl_config.o(.text.SYSCFG_DL_UART_0_init)
    __arm_cp.6_4                             0x00001c88   Number         4  ti_msp_dl_config.o(.text.SYSCFG_DL_UART_0_init)
    __arm_cp.6_5                             0x00001c8c   Number         4  ti_msp_dl_config.o(.text.SYSCFG_DL_UART_0_init)
    __arm_cp.6_6                             0x00001c90   Number         4  ti_msp_dl_config.o(.text.SYSCFG_DL_UART_0_init)
    [Anonymous Symbol]                       0x00001c94   Section        0  ti_msp_dl_config.o(.text.SYSCFG_DL_init)
    __arm_cp.0_0                             0x00001cc0   Number         4  ti_msp_dl_config.o(.text.SYSCFG_DL_init)
    __arm_cp.0_1                             0x00001cc4   Number         4  ti_msp_dl_config.o(.text.SYSCFG_DL_init)
    [Anonymous Symbol]                       0x00001cc8   Section        0  ti_msp_dl_config.o(.text.SYSCFG_DL_initPower)
    __arm_cp.1_0                             0x00001cf4   Number         4  ti_msp_dl_config.o(.text.SYSCFG_DL_initPower)
    __arm_cp.1_1                             0x00001cf8   Number         4  ti_msp_dl_config.o(.text.SYSCFG_DL_initPower)
    __arm_cp.1_2                             0x00001cfc   Number         4  ti_msp_dl_config.o(.text.SYSCFG_DL_initPower)
    __arm_cp.1_3                             0x00001d00   Number         4  ti_msp_dl_config.o(.text.SYSCFG_DL_initPower)
    __arm_cp.1_4                             0x00001d04   Number         4  ti_msp_dl_config.o(.text.SYSCFG_DL_initPower)
    __arm_cp.1_5                             0x00001d08   Number         4  ti_msp_dl_config.o(.text.SYSCFG_DL_initPower)
    __arm_cp.1_6                             0x00001d0c   Number         4  ti_msp_dl_config.o(.text.SYSCFG_DL_initPower)
    [Anonymous Symbol]                       0x00001d10   Section        0  oled.o(.text.Send_Byte)
    [Anonymous Symbol]                       0x00001e20   Section        0  motor.o(.text.Set_PWM)
    __arm_cp.0_0                             0x00001e6c   Number         4  motor.o(.text.Set_PWM)
    __arm_cp.0_1                             0x00001e70   Number         4  motor.o(.text.Set_PWM)
    [Anonymous Symbol]                       0x00001e74   Section        0  control.o(.text.Speed)
    [Anonymous Symbol]                       0x00001ea4   Section        0  task_fsm.o(.text.StateMachine)
    __arm_cp.0_0                             0x00001f48   Number         4  task_fsm.o(.text.StateMachine)
    __arm_cp.0_1                             0x00001f4c   Number         4  task_fsm.o(.text.StateMachine)
    __arm_cp.0_4                             0x00001f50   Number         4  task_fsm.o(.text.StateMachine)
    __arm_cp.0_5                             0x00001f54   Number         4  task_fsm.o(.text.StateMachine)
    __arm_cp.0_6                             0x00001f58   Number         4  task_fsm.o(.text.StateMachine)
    [Anonymous Symbol]                       0x00001f5c   Section        0  itrt.o(.text.TIMA0_IRQHandler)
    __arm_cp.0_0                             0x00001fc8   Number         4  itrt.o(.text.TIMA0_IRQHandler)
    __arm_cp.0_1                             0x00001fcc   Number         4  itrt.o(.text.TIMA0_IRQHandler)
    __arm_cp.0_2                             0x00001fd0   Number         4  itrt.o(.text.TIMA0_IRQHandler)
    __arm_cp.0_3                             0x00001fd4   Number         4  itrt.o(.text.TIMA0_IRQHandler)
    __arm_cp.0_4                             0x00001fd8   Number         4  itrt.o(.text.TIMA0_IRQHandler)
    __arm_cp.0_5                             0x00001fdc   Number         4  itrt.o(.text.TIMA0_IRQHandler)
    __arm_cp.0_7                             0x00001fe0   Number         4  itrt.o(.text.TIMA0_IRQHandler)
    __arm_cp.0_9                             0x00001fe4   Number         4  itrt.o(.text.TIMA0_IRQHandler)
    __arm_cp.0_10                            0x00001fe8   Number         4  itrt.o(.text.TIMA0_IRQHandler)
    [Anonymous Symbol]                       0x00001fec   Section        0  control.o(.text.Turn_right)
    [Anonymous Symbol]                       0x00002028   Section        0  uart.o(.text.UART0_IRQHandler)
    __arm_cp.7_0                             0x0000205c   Number         4  uart.o(.text.UART0_IRQHandler)
    __arm_cp.7_1                             0x00002060   Number         4  uart.o(.text.UART0_IRQHandler)
    __arm_cp.7_2                             0x00002064   Number         4  uart.o(.text.UART0_IRQHandler)
    __arm_cp.7_3                             0x00002068   Number         4  uart.o(.text.UART0_IRQHandler)
    __arm_cp.7_4                             0x0000206c   Number         4  uart.o(.text.UART0_IRQHandler)
    [Anonymous Symbol]                       0x00002070   Section        0  pid.o(.text.Velocity_A)
    __arm_cp.0_0                             0x000020d0   Number         4  pid.o(.text.Velocity_A)
    __arm_cp.0_3                             0x000020d4   Number         4  pid.o(.text.Velocity_A)
    [Anonymous Symbol]                       0x000020d8   Section        0  pid.o(.text.Velocity_B)
    __arm_cp.1_0                             0x00002138   Number         4  pid.o(.text.Velocity_B)
    __arm_cp.1_1                             0x0000213c   Number         4  pid.o(.text.Velocity_B)
    __arm_cp.1_2                             0x00002140   Number         4  pid.o(.text.Velocity_B)
    __arm_cp.1_3                             0x00002144   Number         4  pid.o(.text.Velocity_B)
    __arm_cp.1_4                             0x00002148   Number         4  pid.o(.text.Velocity_B)
    [Anonymous Symbol]                       0x0000214c   Section        0  board.o(.text.delay_us)
    __arm_cp.0_0                             0x0000218c   Number         4  board.o(.text.delay_us)
    [Anonymous Symbol]                       0x00002190   Section        0  empty.o(.text.main)
    __arm_cp.0_0                             0x000021f4   Number         4  empty.o(.text.main)
    __arm_cp.0_1                             0x000021f8   Number         4  empty.o(.text.main)
    __arm_cp.0_2                             0x000021fc   Number         4  empty.o(.text.main)
    __arm_cp.0_3                             0x00002200   Number         4  empty.o(.text.main)
    __arm_cp.0_4                             0x00002204   Number         4  empty.o(.text.main)
    [Anonymous Symbol]                       0x00002208   Section        0  wit_imu.o(.text.parseAngleData)
    __arm_cp.3_0                             0x000022c4   Number         4  wit_imu.o(.text.parseAngleData)
    [Anonymous Symbol]                       0x000022c8   Section        0  wit_imu.o(.text.parseGyroData)
    __arm_cp.2_0                             0x0000237c   Number         4  wit_imu.o(.text.parseGyroData)
    [Anonymous Symbol]                       0x00002380   Section        0  wit_imu.o(.text.parseIMUData)
    i.__ARM_clz                              0x000023a8   Section        0  depilogue.o(i.__ARM_clz)
    i.__scatterload_copy                     0x000023d8   Section       14  handlers.o(i.__scatterload_copy)
    i.__scatterload_null                     0x000023e8   Section        2  handlers.o(i.__scatterload_null)
    i.__scatterload_zeroinit                 0x000023f0   Section       14  handlers.o(i.__scatterload_zeroinit)
    gPWM_1ClockConfig                        0x0000308a   Data           3  ti_msp_dl_config.o(.rodata.gPWM_1ClockConfig)
    [Anonymous Symbol]                       0x0000308a   Section        0  ti_msp_dl_config.o(.rodata.gPWM_1ClockConfig)
    gPWM_1Config                             0x00003090   Data           8  ti_msp_dl_config.o(.rodata.gPWM_1Config)
    [Anonymous Symbol]                       0x00003090   Section        0  ti_msp_dl_config.o(.rodata.gPWM_1Config)
    gTIMER_0ClockConfig                      0x00003098   Data           3  ti_msp_dl_config.o(.rodata.gTIMER_0ClockConfig)
    [Anonymous Symbol]                       0x00003098   Section        0  ti_msp_dl_config.o(.rodata.gTIMER_0ClockConfig)
    gTIMER_0TimerConfig                      0x0000309c   Data          20  ti_msp_dl_config.o(.rodata.gTIMER_0TimerConfig)
    [Anonymous Symbol]                       0x0000309c   Section        0  ti_msp_dl_config.o(.rodata.gTIMER_0TimerConfig)
    gUART_0ClockConfig                       0x000030b0   Data           2  ti_msp_dl_config.o(.rodata.gUART_0ClockConfig)
    [Anonymous Symbol]                       0x000030b0   Section        0  ti_msp_dl_config.o(.rodata.gUART_0ClockConfig)
    gUART_0Config                            0x000030b2   Data          10  ti_msp_dl_config.o(.rodata.gUART_0Config)
    [Anonymous Symbol]                       0x000030b2   Section        0  ti_msp_dl_config.o(.rodata.gUART_0Config)
    Velocity_A.ControlVelocityA              0x202004a0   Data           4  pid.o(.bss.Velocity_A.ControlVelocityA)
    [Anonymous Symbol]                       0x202004a0   Section        0  pid.o(.bss.Velocity_A.ControlVelocityA)
    Velocity_A.Last_biasA                    0x202004a4   Data           4  pid.o(.bss.Velocity_A.Last_biasA)
    [Anonymous Symbol]                       0x202004a4   Section        0  pid.o(.bss.Velocity_A.Last_biasA)
    Velocity_B.ControlVelocityB              0x202004a8   Data           4  pid.o(.bss.Velocity_B.ControlVelocityB)
    [Anonymous Symbol]                       0x202004a8   Section        0  pid.o(.bss.Velocity_B.ControlVelocityB)
    Velocity_B.Last_biasB                    0x202004ac   Data           4  pid.o(.bss.Velocity_B.Last_biasB)
    [Anonymous Symbol]                       0x202004ac   Section        0  pid.o(.bss.Velocity_B.Last_biasB)
    current_state                            0x202004b0   Data           1  task_fsm.o(.bss.current_state)
    [Anonymous Symbol]                       0x202004b0   Section        0  task_fsm.o(.bss.current_state)
    STACK                                    0x202006b8   Section     4096  startup_mspm0g350x_uvision.o(STACK)

    Global Symbols

    Symbol Name                              Value     Ov Type        Size  Object(Section)

    BuildAttributes$$THM_ISAv3M$S$PE$A:L22$X:L11$S22$IEEE1$IW$~IW$USESV6$~STKCKD$USESV7$~SHL$OTIME$ROPI$EBA8$MICROLIB$REQ8$PRES8$EABIv2 0x00000000   Number         0  anon$$obj.o ABSOLUTE
    __Vectors                                0x00000000   Data           4  startup_mspm0g350x_uvision.o(RESET)
    __use_no_errno                           0x00000000   Number         0  useno.o ABSOLUTE
    __use_no_exception_handling              0x00000000   Number         0  useno.o ABSOLUTE
    __use_no_fp                              0x00000000   Number         0  useno.o ABSOLUTE
    __use_no_heap                            0x00000000   Number         0  useno.o ABSOLUTE
    __use_no_heap_region                     0x00000000   Number         0  useno.o ABSOLUTE
    __use_no_semihosting                     0x00000000   Number         0  useno.o ABSOLUTE
    __use_no_semihosting_swi                 0x00000000   Number         0  useno.o ABSOLUTE
    __use_no_signal_handling                 0x00000000   Number         0  useno.o ABSOLUTE
    __cpp_initialize__aeabi_                  - Undefined Weak Reference
    __cxa_finalize                            - Undefined Weak Reference
    __decompress                              - Undefined Weak Reference
    _clock_init                               - Undefined Weak Reference
    _microlib_exit                            - Undefined Weak Reference
    __Vectors_End                            0x000000c0   Data           0  startup_mspm0g350x_uvision.o(RESET)
    __Vectors_Size                           0x000000c0   Number         0  startup_mspm0g350x_uvision.o ABSOLUTE
    __main                                   0x000000c1   Thumb Code     0  entry.o(.ARM.Collect$$$$00000000)
    _main_stk                                0x000000c1   Thumb Code     0  entry2.o(.ARM.Collect$$$$00000001)
    _main_scatterload                        0x000000c5   Thumb Code     0  entry5.o(.ARM.Collect$$$$00000004)
    __main_after_scatterload                 0x000000c9   Thumb Code     0  entry5.o(.ARM.Collect$$$$00000004)
    _main_clock                              0x000000c9   Thumb Code     0  entry7b.o(.ARM.Collect$$$$00000008)
    _main_cpp_init                           0x000000c9   Thumb Code     0  entry8b.o(.ARM.Collect$$$$0000000A)
    _main_init                               0x000000c9   Thumb Code     0  entry9a.o(.ARM.Collect$$$$0000000B)
    __rt_final_cpp                           0x000000d1   Thumb Code     0  entry10a.o(.ARM.Collect$$$$0000000D)
    __rt_final_exit                          0x000000d1   Thumb Code     0  entry11a.o(.ARM.Collect$$$$0000000F)
    Reset_Handler                            0x000000d5   Thumb Code     4  startup_mspm0g350x_uvision.o(.text)
    NMI_Handler                              0x000000d9   Thumb Code     2  startup_mspm0g350x_uvision.o(.text)
    HardFault_Handler                        0x000000db   Thumb Code     2  startup_mspm0g350x_uvision.o(.text)
    SVC_Handler                              0x000000dd   Thumb Code     2  startup_mspm0g350x_uvision.o(.text)
    PendSV_Handler                           0x000000df   Thumb Code     2  startup_mspm0g350x_uvision.o(.text)
    SysTick_Handler                          0x000000e1   Thumb Code     2  startup_mspm0g350x_uvision.o(.text)
    ADC0_IRQHandler                          0x000000e3   Thumb Code     0  startup_mspm0g350x_uvision.o(.text)
    ADC1_IRQHandler                          0x000000e3   Thumb Code     0  startup_mspm0g350x_uvision.o(.text)
    AES_IRQHandler                           0x000000e3   Thumb Code     0  startup_mspm0g350x_uvision.o(.text)
    CANFD0_IRQHandler                        0x000000e3   Thumb Code     0  startup_mspm0g350x_uvision.o(.text)
    DAC0_IRQHandler                          0x000000e3   Thumb Code     0  startup_mspm0g350x_uvision.o(.text)
    DMA_IRQHandler                           0x000000e3   Thumb Code     0  startup_mspm0g350x_uvision.o(.text)
    Default_Handler                          0x000000e3   Thumb Code     2  startup_mspm0g350x_uvision.o(.text)
    GROUP0_IRQHandler                        0x000000e3   Thumb Code     0  startup_mspm0g350x_uvision.o(.text)
    I2C0_IRQHandler                          0x000000e3   Thumb Code     0  startup_mspm0g350x_uvision.o(.text)
    I2C1_IRQHandler                          0x000000e3   Thumb Code     0  startup_mspm0g350x_uvision.o(.text)
    RTC_IRQHandler                           0x000000e3   Thumb Code     0  startup_mspm0g350x_uvision.o(.text)
    SPI0_IRQHandler                          0x000000e3   Thumb Code     0  startup_mspm0g350x_uvision.o(.text)
    SPI1_IRQHandler                          0x000000e3   Thumb Code     0  startup_mspm0g350x_uvision.o(.text)
    TIMA1_IRQHandler                         0x000000e3   Thumb Code     0  startup_mspm0g350x_uvision.o(.text)
    TIMG0_IRQHandler                         0x000000e3   Thumb Code     0  startup_mspm0g350x_uvision.o(.text)
    TIMG12_IRQHandler                        0x000000e3   Thumb Code     0  startup_mspm0g350x_uvision.o(.text)
    TIMG6_IRQHandler                         0x000000e3   Thumb Code     0  startup_mspm0g350x_uvision.o(.text)
    TIMG7_IRQHandler                         0x000000e3   Thumb Code     0  startup_mspm0g350x_uvision.o(.text)
    TIMG8_IRQHandler                         0x000000e3   Thumb Code     0  startup_mspm0g350x_uvision.o(.text)
    UART1_IRQHandler                         0x000000e3   Thumb Code     0  startup_mspm0g350x_uvision.o(.text)
    UART2_IRQHandler                         0x000000e3   Thumb Code     0  startup_mspm0g350x_uvision.o(.text)
    UART3_IRQHandler                         0x000000e3   Thumb Code     0  startup_mspm0g350x_uvision.o(.text)
    __aeabi_fadd                             0x000000e9   Thumb Code   162  fadd.o(.text)
    __aeabi_fsub                             0x0000018b   Thumb Code     8  fadd.o(.text)
    __aeabi_frsub                            0x00000193   Thumb Code     8  fadd.o(.text)
    __aeabi_fmul                             0x0000019b   Thumb Code   122  fmul.o(.text)
    __aeabi_dmul                             0x00000215   Thumb Code   202  dmul.o(.text)
    __aeabi_i2f                              0x000002e5   Thumb Code    22  fflti.o(.text)
    __aeabi_i2d                              0x000002fd   Thumb Code    34  dflti.o(.text)
    __aeabi_f2iz                             0x00000325   Thumb Code    50  ffixi.o(.text)
    __aeabi_d2f                              0x00000357   Thumb Code    56  d2f.o(.text)
    __aeabi_uidiv                            0x0000038f   Thumb Code     0  uidiv_div0.o(.text)
    __aeabi_uidivmod                         0x0000038f   Thumb Code    62  uidiv_div0.o(.text)
    __I$use$fp                               0x000003cd   Thumb Code     0  iusefp.o(.text)
    _float_round                             0x000003cd   Thumb Code    16  fepilogue.o(.text)
    _float_epilogue                          0x000003dd   Thumb Code   114  fepilogue.o(.text)
    _double_round                            0x0000044f   Thumb Code    26  depilogue.o(.text)
    _double_epilogue                         0x00000469   Thumb Code   164  depilogue.o(.text)
    __scatterload                            0x00000511   Thumb Code    28  init.o(.text)
    __scatterload_rt2                        0x00000511   Thumb Code     0  init.o(.text)
    __aeabi_llsl                             0x00000535   Thumb Code    32  llshl.o(.text)
    _ll_shift_l                              0x00000535   Thumb Code     0  llshl.o(.text)
    __aeabi_llsr                             0x00000555   Thumb Code    34  llushr.o(.text)
    _ll_ushift_r                             0x00000555   Thumb Code     0  llushr.o(.text)
    DL_Common_delayCycles                    0x00000577   Thumb Code    10  dl_common.o(.text.DL_Common_delayCycles)
    DL_TimerA_initPWMMode                    0x00000581   Thumb Code   108  dl_timer.o(.text.DL_TimerA_initPWMMode)
    DL_Timer_initPWMMode                     0x000005f1   Thumb Code   172  dl_timer.o(.text.DL_Timer_initPWMMode)
    DL_Timer_initTimerMode                   0x000006b1   Thumb Code   220  dl_timer.o(.text.DL_Timer_initTimerMode)
    DL_Timer_setCaptCompUpdateMethod         0x00000799   Thumb Code    24  dl_timer.o(.text.DL_Timer_setCaptCompUpdateMethod)
    DL_Timer_setCaptureCompareOutCtl         0x000007b5   Thumb Code    20  dl_timer.o(.text.DL_Timer_setCaptureCompareOutCtl)
    DL_Timer_setCaptureCompareValue          0x000007cd   Thumb Code    12  dl_timer.o(.text.DL_Timer_setCaptureCompareValue)
    DL_Timer_setClockConfig                  0x000007dd   Thumb Code    24  dl_timer.o(.text.DL_Timer_setClockConfig)
    DL_UART_init                             0x000007f9   Thumb Code    64  dl_uart.o(.text.DL_UART_init)
    DL_UART_setClockConfig                   0x00000841   Thumb Code    18  dl_uart.o(.text.DL_UART_setClockConfig)
    GROUP1_IRQHandler                        0x00000855   Thumb Code   248  encoder.o(.text.GROUP1_IRQHandler)
    Get_Encoder                              0x0000096d   Thumb Code    44  control.o(.text.Get_Encoder)
    LED_OFF                                  0x000009a1   Thumb Code    16  led.o(.text.LED_OFF)
    LED_ON                                   0x000009b5   Thumb Code    16  led.o(.text.LED_ON)
    OLED_Clear                               0x000009c9   Thumb Code  1278  oled.o(.text.OLED_Clear)
    OLED_Init                                0x00000ec9   Thumb Code  1504  oled.o(.text.OLED_Init)
    OLED_Refresh                             0x000014a9   Thumb Code   240  oled.o(.text.OLED_Refresh)
    OLED_ShowChar                            0x0000159d   Thumb Code   580  oled.o(.text.OLED_ShowChar)
    OLED_ShowSignedNum                       0x000017f1   Thumb Code   372  oled.o(.text.OLED_ShowSignedNum)
    OLED_WR_Byte                             0x00001969   Thumb Code   156  oled.o(.text.OLED_WR_Byte)
    SYSCFG_DL_GPIO_init                      0x00001a09   Thumb Code   164  ti_msp_dl_config.o(.text.SYSCFG_DL_GPIO_init)
    SYSCFG_DL_PWM_1_init                     0x00001ae9   Thumb Code   108  ti_msp_dl_config.o(.text.SYSCFG_DL_PWM_1_init)
    SYSCFG_DL_SYSCTL_init                    0x00001b61   Thumb Code    56  ti_msp_dl_config.o(.text.SYSCFG_DL_SYSCTL_init)
    SYSCFG_DL_SYSTICK_init                   0x00001ba5   Thumb Code    24  ti_msp_dl_config.o(.text.SYSCFG_DL_SYSTICK_init)
    SYSCFG_DL_TIMER_0_init                   0x00001bc1   Thumb Code    56  ti_msp_dl_config.o(.text.SYSCFG_DL_TIMER_0_init)
    SYSCFG_DL_UART_0_init                    0x00001c11   Thumb Code   104  ti_msp_dl_config.o(.text.SYSCFG_DL_UART_0_init)
    SYSCFG_DL_init                           0x00001c95   Thumb Code    44  ti_msp_dl_config.o(.text.SYSCFG_DL_init)
    SYSCFG_DL_initPower                      0x00001cc9   Thumb Code    44  ti_msp_dl_config.o(.text.SYSCFG_DL_initPower)
    Send_Byte                                0x00001d11   Thumb Code   272  oled.o(.text.Send_Byte)
    Set_PWM                                  0x00001e21   Thumb Code    76  motor.o(.text.Set_PWM)
    Speed                                    0x00001e75   Thumb Code    48  control.o(.text.Speed)
    StateMachine                             0x00001ea5   Thumb Code   164  task_fsm.o(.text.StateMachine)
    TIMA0_IRQHandler                         0x00001f5d   Thumb Code   108  itrt.o(.text.TIMA0_IRQHandler)
    Turn_right                               0x00001fed   Thumb Code    60  control.o(.text.Turn_right)
    UART0_IRQHandler                         0x00002029   Thumb Code    52  uart.o(.text.UART0_IRQHandler)
    Velocity_A                               0x00002071   Thumb Code    96  pid.o(.text.Velocity_A)
    Velocity_B                               0x000020d9   Thumb Code    96  pid.o(.text.Velocity_B)
    delay_us                                 0x0000214d   Thumb Code    64  board.o(.text.delay_us)
    main                                     0x00002191   Thumb Code   100  empty.o(.text.main)
    parseAngleData                           0x00002209   Thumb Code   188  wit_imu.o(.text.parseAngleData)
    parseGyroData                            0x000022c9   Thumb Code   180  wit_imu.o(.text.parseGyroData)
    parseIMUData                             0x00002381   Thumb Code    40  wit_imu.o(.text.parseIMUData)
    __ARM_clz                                0x000023a9   Thumb Code    46  depilogue.o(i.__ARM_clz)
    __scatterload_copy                       0x000023d9   Thumb Code    14  handlers.o(i.__scatterload_copy)
    __scatterload_null                       0x000023e9   Thumb Code     2  handlers.o(i.__scatterload_null)
    __scatterload_zeroinit                   0x000023f1   Thumb Code    14  handlers.o(i.__scatterload_zeroinit)
    asc2_0806                                0x000023fe   Data         552  oled.o(.rodata.asc2_0806)
    asc2_1206                                0x00002626   Data        1140  oled.o(.rodata.asc2_1206)
    asc2_1608                                0x00002a9a   Data        1520  oled.o(.rodata.asc2_1608)
    Region$$Table$$Base                      0x000030bc   Number         0  anon$$obj.o(Region$$Table)
    Region$$Table$$Limit                     0x000030dc   Number         0  anon$$obj.o(Region$$Table)
    __ARM_use_no_argv                        0x20200000   Data           4  empty.o(.ARM.use_no_argv)
    Velcity_Ki                               0x20200004   Data           4  pid.o(.data.Velcity_Ki)
    Velcity_Kp                               0x20200008   Data           4  pid.o(.data.Velcity_Kp)
    key_state                                0x2020000c   Data           1  encoder.o(.data.key_state)
    Encoder_Distance                         0x20200010   Data           2  itrt.o(.bss.Encoder_Distance)
    Encoder_Enable                           0x20200014   Data           4  itrt.o(.bss.Encoder_Enable)
    Get_Encoder_countA                       0x20200018   Data           4  itrt.o(.bss.Get_Encoder_countA)
    Get_Encoder_countB                       0x2020001c   Data           4  itrt.o(.bss.Get_Encoder_countB)
    OLED_GRAM                                0x20200020   Data        1152  oled.o(.bss.OLED_GRAM)
    encoderA_cnt                             0x202004b4   Data           4  itrt.o(.bss.encoderA_cnt)
    encoderB_cnt                             0x202004b8   Data           4  itrt.o(.bss.encoderB_cnt)
    flag_10ms                                0x202004bc   Data           1  itrt.o(.bss.flag_10ms)
    flag_15ms                                0x202004bd   Data           1  itrt.o(.bss.flag_15ms)
    flag_20ms                                0x202004be   Data           1  itrt.o(.bss.flag_20ms)
    flag_40ms                                0x202004bf   Data           1  itrt.o(.bss.flag_40ms)
    gPWM_1Backup                             0x202004c0   Data         188  ti_msp_dl_config.o(.bss.gPWM_1Backup)
    gTIMER_0Backup                           0x2020057c   Data         188  ti_msp_dl_config.o(.bss.gTIMER_0Backup)
    gpio_interrup                            0x20200638   Data           4  encoder.o(.bss.gpio_interrup)
    imuData                                  0x2020063c   Data          64  wit_imu.o(.bss.imuData)
    imu_data_buffer                          0x2020067c   Data          44  uart.o(.bss.imu_data_buffer)
    imu_data_index                           0x202006a8   Data           1  uart.o(.bss.imu_data_index)
    sensor_vector                            0x202006a9   Data           4  encoder.o(.bss.sensor_vector)
    task_end_flag                            0x202006b0   Data           4  task_fsm.o(.bss.task_end_flag)
    __initial_sp                             0x202016b8   Data           0  startup_mspm0g350x_uvision.o(STACK)



==============================================================================

Memory Map of the image

  Image Entry point : 0x000000c1

  Load Region LR_IROM1 (Base: 0x00000000, Size: 0x000030f0, Max: 0x00020000, ABSOLUTE)

    Execution Region ER_IROM1 (Exec base: 0x00000000, Load base: 0x00000000, Size: 0x000030dc, Max: 0x00020000, ABSOLUTE)

    Exec Addr    Load Addr    Size         Type   Attr      Idx    E Section Name        Object

    0x00000000   0x00000000   0x000000c0   Data   RO           15    RESET               startup_mspm0g350x_uvision.o
    0x000000c0   0x000000c0   0x00000000   Code   RO         1032  * .ARM.Collect$$$$00000000  mc_p.l(entry.o)
    0x000000c0   0x000000c0   0x00000004   Code   RO         1061    .ARM.Collect$$$$00000001  mc_p.l(entry2.o)
    0x000000c4   0x000000c4   0x00000004   Code   RO         1064    .ARM.Collect$$$$00000004  mc_p.l(entry5.o)
    0x000000c8   0x000000c8   0x00000000   Code   RO         1066    .ARM.Collect$$$$00000008  mc_p.l(entry7b.o)
    0x000000c8   0x000000c8   0x00000000   Code   RO         1068    .ARM.Collect$$$$0000000A  mc_p.l(entry8b.o)
    0x000000c8   0x000000c8   0x00000008   Code   RO         1069    .ARM.Collect$$$$0000000B  mc_p.l(entry9a.o)
    0x000000d0   0x000000d0   0x00000000   Code   RO         1071    .ARM.Collect$$$$0000000D  mc_p.l(entry10a.o)
    0x000000d0   0x000000d0   0x00000000   Code   RO         1073    .ARM.Collect$$$$0000000F  mc_p.l(entry11a.o)
    0x000000d0   0x000000d0   0x00000004   Code   RO         1062    .ARM.Collect$$$$00002712  mc_p.l(entry2.o)
    0x000000d4   0x000000d4   0x00000014   Code   RO           16    .text               startup_mspm0g350x_uvision.o
    0x000000e8   0x000000e8   0x000000b2   Code   RO         1041    .text               mf_p.l(fadd.o)
    0x0000019a   0x0000019a   0x0000007a   Code   RO         1043    .text               mf_p.l(fmul.o)
    0x00000214   0x00000214   0x000000d0   Code   RO         1045    .text               mf_p.l(dmul.o)
    0x000002e4   0x000002e4   0x00000016   Code   RO         1053    .text               mf_p.l(fflti.o)
    0x000002fa   0x000002fa   0x00000002   PAD
    0x000002fc   0x000002fc   0x00000028   Code   RO         1055    .text               mf_p.l(dflti.o)
    0x00000324   0x00000324   0x00000032   Code   RO         1057    .text               mf_p.l(ffixi.o)
    0x00000356   0x00000356   0x00000038   Code   RO         1059    .text               mf_p.l(d2f.o)
    0x0000038e   0x0000038e   0x0000003e   Code   RO         1079    .text               mc_p.l(uidiv_div0.o)
    0x000003cc   0x000003cc   0x00000000   Code   RO         1085    .text               mc_p.l(iusefp.o)
    0x000003cc   0x000003cc   0x00000082   Code   RO         1086    .text               mf_p.l(fepilogue.o)
    0x0000044e   0x0000044e   0x000000be   Code   RO         1088    .text               mf_p.l(depilogue.o)
    0x0000050c   0x0000050c   0x00000004   PAD
    0x00000510   0x00000510   0x00000024   Code   RO         1092    .text               mc_p.l(init.o)
    0x00000534   0x00000534   0x00000020   Code   RO         1094    .text               mc_p.l(llshl.o)
    0x00000554   0x00000554   0x00000022   Code   RO         1096    .text               mc_p.l(llushr.o)
    0x00000576   0x00000576   0x0000000a   Code   RO          736    .text.DL_Common_delayCycles  dl_common.o
    0x00000580   0x00000580   0x00000070   Code   RO          210    .text.DL_TimerA_initPWMMode  dl_timer.o
    0x000005f0   0x000005f0   0x000000c0   Code   RO          170    .text.DL_Timer_initPWMMode  dl_timer.o
    0x000006b0   0x000006b0   0x000000e8   Code   RO          152    .text.DL_Timer_initTimerMode  dl_timer.o
    0x00000798   0x00000798   0x0000001c   Code   RO          184    .text.DL_Timer_setCaptCompUpdateMethod  dl_timer.o
    0x000007b4   0x000007b4   0x00000018   Code   RO          174    .text.DL_Timer_setCaptureCompareOutCtl  dl_timer.o
    0x000007cc   0x000007cc   0x00000010   Code   RO          154    .text.DL_Timer_setCaptureCompareValue  dl_timer.o
    0x000007dc   0x000007dc   0x0000001c   Code   RO          148    .text.DL_Timer_setClockConfig  dl_timer.o
    0x000007f8   0x000007f8   0x00000048   Code   RO           96    .text.DL_UART_init  dl_uart.o
    0x00000840   0x00000840   0x00000012   Code   RO           98    .text.DL_UART_setClockConfig  dl_uart.o
    0x00000852   0x00000852   0x00000002   PAD
    0x00000854   0x00000854   0x00000118   Code   RO          826    .text.GROUP1_IRQHandler  encoder.o
    0x0000096c   0x0000096c   0x00000034   Code   RO         1017    .text.Get_Encoder   control.o
    0x000009a0   0x000009a0   0x00000014   Code   RO          807    .text.LED_OFF       led.o
    0x000009b4   0x000009b4   0x00000014   Code   RO          809    .text.LED_ON        led.o
    0x000009c8   0x000009c8   0x000004fe   Code   RO          966    .text.OLED_Clear    oled.o
    0x00000ec6   0x00000ec6   0x00000002   PAD
    0x00000ec8   0x00000ec8   0x000005e0   Code   RO          984    .text.OLED_Init     oled.o
    0x000014a8   0x000014a8   0x000000f4   Code   RO          964    .text.OLED_Refresh  oled.o
    0x0000159c   0x0000159c   0x00000254   Code   RO          974    .text.OLED_ShowChar  oled.o
    0x000017f0   0x000017f0   0x00000178   Code   RO          982    .text.OLED_ShowSignedNum  oled.o
    0x00001968   0x00001968   0x000000a0   Code   RO          946    .text.OLED_WR_Byte  oled.o
    0x00001a08   0x00001a08   0x000000e0   Code   RO           27    .text.SYSCFG_DL_GPIO_init  ti_msp_dl_config.o
    0x00001ae8   0x00001ae8   0x00000078   Code   RO           31    .text.SYSCFG_DL_PWM_1_init  ti_msp_dl_config.o
    0x00001b60   0x00001b60   0x00000044   Code   RO           29    .text.SYSCFG_DL_SYSCTL_init  ti_msp_dl_config.o
    0x00001ba4   0x00001ba4   0x0000001c   Code   RO           37    .text.SYSCFG_DL_SYSTICK_init  ti_msp_dl_config.o
    0x00001bc0   0x00001bc0   0x00000050   Code   RO           33    .text.SYSCFG_DL_TIMER_0_init  ti_msp_dl_config.o
    0x00001c10   0x00001c10   0x00000084   Code   RO           35    .text.SYSCFG_DL_UART_0_init  ti_msp_dl_config.o
    0x00001c94   0x00001c94   0x00000034   Code   RO           23    .text.SYSCFG_DL_init  ti_msp_dl_config.o
    0x00001cc8   0x00001cc8   0x00000048   Code   RO           25    .text.SYSCFG_DL_initPower  ti_msp_dl_config.o
    0x00001d10   0x00001d10   0x00000110   Code   RO          958    .text.Send_Byte     oled.o
    0x00001e20   0x00001e20   0x00000054   Code   RO          843    .text.Set_PWM       motor.o
    0x00001e74   0x00001e74   0x00000030   Code   RO         1019    .text.Speed         control.o
    0x00001ea4   0x00001ea4   0x000000b8   Code   RO          998    .text.StateMachine  task_fsm.o
    0x00001f5c   0x00001f5c   0x00000090   Code   RO          852    .text.TIMA0_IRQHandler  itrt.o
    0x00001fec   0x00001fec   0x0000003c   Code   RO         1023    .text.Turn_right    control.o
    0x00002028   0x00002028   0x00000048   Code   RO          931    .text.UART0_IRQHandler  uart.o
    0x00002070   0x00002070   0x00000068   Code   RO          893    .text.Velocity_A    pid.o
    0x000020d8   0x000020d8   0x00000074   Code   RO          895    .text.Velocity_B    pid.o
    0x0000214c   0x0000214c   0x00000044   Code   RO           59    .text.delay_us      board.o
    0x00002190   0x00002190   0x00000078   Code   RO            2    .text.main          empty.o
    0x00002208   0x00002208   0x000000c0   Code   RO          878    .text.parseAngleData  wit_imu.o
    0x000022c8   0x000022c8   0x000000b8   Code   RO          876    .text.parseGyroData  wit_imu.o
    0x00002380   0x00002380   0x00000028   Code   RO          882    .text.parseIMUData  wit_imu.o
    0x000023a8   0x000023a8   0x0000002e   Code   RO         1090    i.__ARM_clz         mf_p.l(depilogue.o)
    0x000023d6   0x000023d6   0x00000002   PAD
    0x000023d8   0x000023d8   0x0000000e   Code   RO         1100    i.__scatterload_copy  mc_p.l(handlers.o)
    0x000023e6   0x000023e6   0x00000002   PAD
    0x000023e8   0x000023e8   0x00000002   Code   RO         1101    i.__scatterload_null  mc_p.l(handlers.o)
    0x000023ea   0x000023ea   0x00000006   PAD
    0x000023f0   0x000023f0   0x0000000e   Code   RO         1102    i.__scatterload_zeroinit  mc_p.l(handlers.o)
    0x000023fe   0x000023fe   0x00000228   Data   RO          986    .rodata.asc2_0806   oled.o
    0x00002626   0x00002626   0x00000474   Data   RO          987    .rodata.asc2_1206   oled.o
    0x00002a9a   0x00002a9a   0x000005f0   Data   RO          988    .rodata.asc2_1608   oled.o
    0x0000308a   0x0000308a   0x00000003   Data   RO           45    .rodata.gPWM_1ClockConfig  ti_msp_dl_config.o
    0x0000308d   0x0000308d   0x00000003   PAD
    0x00003090   0x00003090   0x00000008   Data   RO           46    .rodata.gPWM_1Config  ti_msp_dl_config.o
    0x00003098   0x00003098   0x00000003   Data   RO           47    .rodata.gTIMER_0ClockConfig  ti_msp_dl_config.o
    0x0000309b   0x0000309b   0x00000001   PAD
    0x0000309c   0x0000309c   0x00000014   Data   RO           48    .rodata.gTIMER_0TimerConfig  ti_msp_dl_config.o
    0x000030b0   0x000030b0   0x00000002   Data   RO           49    .rodata.gUART_0ClockConfig  ti_msp_dl_config.o
    0x000030b2   0x000030b2   0x0000000a   Data   RO           50    .rodata.gUART_0Config  ti_msp_dl_config.o
    0x000030bc   0x000030bc   0x00000020   Data   RO         1099    Region$$Table       anon$$obj.o


    Execution Region RW_IRAM2 (Exec base: 0x20200000, Load base: 0x000030e0, Size: 0x000016b8, Max: 0x00008000, ABSOLUTE)

    Exec Addr    Load Addr    Size         Type   Attr      Idx    E Section Name        Object

    0x20200000   0x000030e0   0x00000004   Data   RW            6    .ARM.use_no_argv    empty.o
    0x20200004   0x000030e4   0x00000004   Data   RW          902    .data.Velcity_Ki    pid.o
    0x20200008   0x000030e8   0x00000004   Data   RW          901    .data.Velcity_Kp    pid.o
    0x2020000c   0x000030ec   0x00000001   Data   RW          833    .data.key_state     encoder.o
    0x2020000d   0x000030ed   0x00000003   PAD
    0x20200010        -       0x00000002   Zero   RW          859    .bss.Encoder_Distance  itrt.o
    0x20200012   0x000030ed   0x00000002   PAD
    0x20200014        -       0x00000004   Zero   RW          858    .bss.Encoder_Enable  itrt.o
    0x20200018        -       0x00000004   Zero   RW          860    .bss.Get_Encoder_countA  itrt.o
    0x2020001c        -       0x00000004   Zero   RW          862    .bss.Get_Encoder_countB  itrt.o
    0x20200020        -       0x00000480   Zero   RW          989    .bss.OLED_GRAM      oled.o
    0x202004a0        -       0x00000004   Zero   RW          903    .bss.Velocity_A.ControlVelocityA  pid.o
    0x202004a4        -       0x00000004   Zero   RW          904    .bss.Velocity_A.Last_biasA  pid.o
    0x202004a8        -       0x00000004   Zero   RW          905    .bss.Velocity_B.ControlVelocityB  pid.o
    0x202004ac        -       0x00000004   Zero   RW          906    .bss.Velocity_B.Last_biasB  pid.o
    0x202004b0        -       0x00000001   Zero   RW         1009    .bss.current_state  task_fsm.o
    0x202004b1   0x000030ed   0x00000003   PAD
    0x202004b4        -       0x00000004   Zero   RW          861    .bss.encoderA_cnt   itrt.o
    0x202004b8        -       0x00000004   Zero   RW          863    .bss.encoderB_cnt   itrt.o
    0x202004bc        -       0x00000001   Zero   RW          854    .bss.flag_10ms      itrt.o
    0x202004bd        -       0x00000001   Zero   RW          855    .bss.flag_15ms      itrt.o
    0x202004be        -       0x00000001   Zero   RW          856    .bss.flag_20ms      itrt.o
    0x202004bf        -       0x00000001   Zero   RW          857    .bss.flag_40ms      itrt.o
    0x202004c0        -       0x000000bc   Zero   RW           43    .bss.gPWM_1Backup   ti_msp_dl_config.o
    0x2020057c        -       0x000000bc   Zero   RW           44    .bss.gTIMER_0Backup  ti_msp_dl_config.o
    0x20200638        -       0x00000004   Zero   RW          834    .bss.gpio_interrup  encoder.o
    0x2020063c        -       0x00000040   Zero   RW          884    .bss.imuData        wit_imu.o
    0x2020067c        -       0x0000002c   Zero   RW          934    .bss.imu_data_buffer  uart.o
    0x202006a8        -       0x00000001   Zero   RW          933    .bss.imu_data_index  uart.o
    0x202006a9        -       0x00000004   Zero   RW          832    .bss.sensor_vector  encoder.o
    0x202006ad   0x000030ed   0x00000003   PAD
    0x202006b0        -       0x00000004   Zero   RW         1008    .bss.task_end_flag  task_fsm.o
    0x202006b4   0x000030ed   0x00000004   PAD
    0x202006b8        -       0x00001000   Zero   RW           13    STACK               startup_mspm0g350x_uvision.o



  Load Region LR_BCR (Base: 0x41c00000, Size: 0x00000000, Max: 0x00000100, ABSOLUTE)

    Execution Region BCR_CONFIG (Exec base: 0x41c00000, Load base: 0x41c00000, Size: 0x00000000, Max: 0x00000080, ABSOLUTE)

    **** No section assigned to this execution region ****



  Load Region LR_BSL (Base: 0x41c00100, Size: 0x00000000, Max: 0x00000100, ABSOLUTE)

    Execution Region BSL_CONFIG (Exec base: 0x41c00100, Load base: 0x41c00100, Size: 0x00000000, Max: 0x00000080, ABSOLUTE)

    **** No section assigned to this execution region ****


==============================================================================

Image component sizes


      Code (inc. data)   RO Data    RW Data    ZI Data      Debug   Object Name

        68          4          0          0          0       6087   board.o
       160          8          0          0          0       2071   control.o
        10          0          0          0          0        598   dl_common.o
       632        192          0          0          0      31215   dl_timer.o
        90          8          0          0          0      14275   dl_uart.o
       120         20          0          4          0       4899   empty.o
       280         32          0          1          8       6257   encoder.o
       144         36          0          0         26       4246   itrt.o
        40          8          0          0          0       4311   led.o
        84          8          0          0          0       6001   motor.o
      4430         36       3212          0       1152      21588   oled.o
       220         28          0          8         16       2191   pid.o
        20          4        192          0       4096        624   startup_mspm0g350x_uvision.o
       184         26          0          0          5       1487   task_fsm.o
       776        176         46          0        376      28976   ti_msp_dl_config.o
        72         20          0          0         45       6848   uart.o
       416          8          0          0         64       5286   wit_imu.o

    ----------------------------------------------------------------------
      7750        614       3486         16       5800     146960   Object Totals
         0          0         32          0          0          0   (incl. Generated)
         4          0          4          3         12          0   (incl. Padding)

    ----------------------------------------------------------------------

      Code (inc. data)   RO Data    RW Data    ZI Data      Debug   Library Member Name

         0          0          0          0          0          0   entry.o
         0          0          0          0          0          0   entry10a.o
         0          0          0          0          0          0   entry11a.o
         8          4          0          0          0          0   entry2.o
         4          0          0          0          0          0   entry5.o
         0          0          0          0          0          0   entry7b.o
         0          0          0          0          0          0   entry8b.o
         8          4          0          0          0          0   entry9a.o
        30          0          0          0          0          0   handlers.o
        36          8          0          0          0         68   init.o
         0          0          0          0          0          0   iusefp.o
        32          0          0          0          0         68   llshl.o
        34          0          0          0          0         68   llushr.o
        62          0          0          0          0         72   uidiv_div0.o
        56          0          0          0          0         68   d2f.o
       236          0          0          0          0        216   depilogue.o
        40          6          0          0          0         68   dflti.o
       208          6          0          0          0         88   dmul.o
       178          0          0          0          0        108   fadd.o
       130          0          0          0          0        144   fepilogue.o
        50          0          0          0          0         60   ffixi.o
        22          0          0          0          0         68   fflti.o
       122          0          0          0          0         72   fmul.o

    ----------------------------------------------------------------------
      1272         28          0          0          0       1168   Library Totals
        16          0          0          0          0          0   (incl. Padding)

    ----------------------------------------------------------------------

      Code (inc. data)   RO Data    RW Data    ZI Data      Debug   Library Name

       214         16          0          0          0        276   mc_p.l
      1042         12          0          0          0        892   mf_p.l

    ----------------------------------------------------------------------
      1272         28          0          0          0       1168   Library Totals

    ----------------------------------------------------------------------

==============================================================================


      Code (inc. data)   RO Data    RW Data    ZI Data      Debug   

      9022        642       3486         16       5800     147452   Grand Totals
      9022        642       3486         16       5800     147452   ELF Image Totals
      9022        642       3486         16          0          0   ROM Totals

==============================================================================

    Total RO  Size (Code + RO Data)                12508 (  12.21kB)
    Total RW  Size (RW Data + ZI Data)              5816 (   5.68kB)
    Total ROM Size (Code + RO Data + RW Data)      12524 (  12.23kB)

==============================================================================

