Component: Arm Compiler for Embedded 6.21 Tool: armlink [5ec1fa00]

==============================================================================

Section Cross References

    empty.o(.text.main) refers to ti_msp_dl_config.o(.text.SYSCFG_DL_init) for SYSCFG_DL_init
    empty.o(.ARM.exidx.text.main) refers to empty.o(.text.main) for [Anonymous Symbol]
    empty.o(.text.oled_show) refers to ffixi.o(.text) for __aeabi_f2iz
    empty.o(.text.oled_show) refers to oled.o(.text.OLED_ShowSignedNum) for OLED_ShowSignedNum
    empty.o(.text.oled_show) refers to dfixi.o(.text) for __aeabi_d2iz
    empty.o(.text.oled_show) refers to oled.o(.text.OLED_Refresh) for OLED_Refresh
    empty.o(.text.oled_show) refers to wit_imu.o(.bss.imuData) for imuData
    empty.o(.text.oled_show) refers to ins.o(.data.ins_mode) for ins_mode
    empty.o(.text.oled_show) refers to ins.o(.data.target) for target
    empty.o(.text.oled_show) refers to ins.o(.bss.ins) for ins
    empty.o(.text.oled_show) refers to itrt.o(.bss.Yao) for Yao
    empty.o(.ARM.exidx.text.oled_show) refers to empty.o(.text.oled_show) for [Anonymous Symbol]
    startup_mspm0g350x_uvision.o(RESET) refers to startup_mspm0g350x_uvision.o(STACK) for __initial_sp
    startup_mspm0g350x_uvision.o(RESET) refers to startup_mspm0g350x_uvision.o(.text) for Reset_Handler
    startup_mspm0g350x_uvision.o(RESET) refers to encoder.o(.text.GROUP1_IRQHandler) for GROUP1_IRQHandler
    startup_mspm0g350x_uvision.o(RESET) refers to uart.o(.text.UART0_IRQHandler) for UART0_IRQHandler
    startup_mspm0g350x_uvision.o(RESET) refers to itrt.o(.text.TIMA0_IRQHandler) for TIMA0_IRQHandler
    startup_mspm0g350x_uvision.o(.text) refers to entry.o(.ARM.Collect$$$$00000000) for __main
    ti_msp_dl_config.o(.text.SYSCFG_DL_init) refers to ti_msp_dl_config.o(.text.SYSCFG_DL_initPower) for SYSCFG_DL_initPower
    ti_msp_dl_config.o(.text.SYSCFG_DL_init) refers to ti_msp_dl_config.o(.text.SYSCFG_DL_GPIO_init) for SYSCFG_DL_GPIO_init
    ti_msp_dl_config.o(.text.SYSCFG_DL_init) refers to ti_msp_dl_config.o(.text.SYSCFG_DL_SYSCTL_init) for SYSCFG_DL_SYSCTL_init
    ti_msp_dl_config.o(.text.SYSCFG_DL_init) refers to ti_msp_dl_config.o(.text.SYSCFG_DL_PWM_1_init) for SYSCFG_DL_PWM_1_init
    ti_msp_dl_config.o(.text.SYSCFG_DL_init) refers to ti_msp_dl_config.o(.text.SYSCFG_DL_TIMER_0_init) for SYSCFG_DL_TIMER_0_init
    ti_msp_dl_config.o(.text.SYSCFG_DL_init) refers to ti_msp_dl_config.o(.text.SYSCFG_DL_UART_0_init) for SYSCFG_DL_UART_0_init
    ti_msp_dl_config.o(.text.SYSCFG_DL_init) refers to ti_msp_dl_config.o(.text.SYSCFG_DL_SYSTICK_init) for SYSCFG_DL_SYSTICK_init
    ti_msp_dl_config.o(.text.SYSCFG_DL_init) refers to ti_msp_dl_config.o(.bss.gTIMER_0Backup) for gTIMER_0Backup
    ti_msp_dl_config.o(.text.SYSCFG_DL_init) refers to ti_msp_dl_config.o(.bss.gPWM_1Backup) for gPWM_1Backup
    ti_msp_dl_config.o(.ARM.exidx.text.SYSCFG_DL_init) refers to ti_msp_dl_config.o(.text.SYSCFG_DL_init) for [Anonymous Symbol]
    ti_msp_dl_config.o(.text.SYSCFG_DL_initPower) refers to dl_common.o(.text.DL_Common_delayCycles) for DL_Common_delayCycles
    ti_msp_dl_config.o(.ARM.exidx.text.SYSCFG_DL_initPower) refers to ti_msp_dl_config.o(.text.SYSCFG_DL_initPower) for [Anonymous Symbol]
    ti_msp_dl_config.o(.ARM.exidx.text.SYSCFG_DL_GPIO_init) refers to ti_msp_dl_config.o(.text.SYSCFG_DL_GPIO_init) for [Anonymous Symbol]
    ti_msp_dl_config.o(.ARM.exidx.text.SYSCFG_DL_SYSCTL_init) refers to ti_msp_dl_config.o(.text.SYSCFG_DL_SYSCTL_init) for [Anonymous Symbol]
    ti_msp_dl_config.o(.text.SYSCFG_DL_PWM_1_init) refers to dl_timer.o(.text.DL_Timer_setClockConfig) for DL_Timer_setClockConfig
    ti_msp_dl_config.o(.text.SYSCFG_DL_PWM_1_init) refers to dl_timer.o(.text.DL_Timer_initPWMMode) for DL_Timer_initPWMMode
    ti_msp_dl_config.o(.text.SYSCFG_DL_PWM_1_init) refers to dl_timer.o(.text.DL_Timer_setCaptureCompareOutCtl) for DL_Timer_setCaptureCompareOutCtl
    ti_msp_dl_config.o(.text.SYSCFG_DL_PWM_1_init) refers to dl_timer.o(.text.DL_Timer_setCaptCompUpdateMethod) for DL_Timer_setCaptCompUpdateMethod
    ti_msp_dl_config.o(.text.SYSCFG_DL_PWM_1_init) refers to dl_timer.o(.text.DL_Timer_setCaptureCompareValue) for DL_Timer_setCaptureCompareValue
    ti_msp_dl_config.o(.text.SYSCFG_DL_PWM_1_init) refers to ti_msp_dl_config.o(.rodata.gPWM_1ClockConfig) for [Anonymous Symbol]
    ti_msp_dl_config.o(.text.SYSCFG_DL_PWM_1_init) refers to ti_msp_dl_config.o(.rodata.gPWM_1Config) for [Anonymous Symbol]
    ti_msp_dl_config.o(.ARM.exidx.text.SYSCFG_DL_PWM_1_init) refers to ti_msp_dl_config.o(.text.SYSCFG_DL_PWM_1_init) for [Anonymous Symbol]
    ti_msp_dl_config.o(.text.SYSCFG_DL_TIMER_0_init) refers to dl_timer.o(.text.DL_Timer_setClockConfig) for DL_Timer_setClockConfig
    ti_msp_dl_config.o(.text.SYSCFG_DL_TIMER_0_init) refers to dl_timer.o(.text.DL_Timer_initTimerMode) for DL_Timer_initTimerMode
[...]
    Removing dl_flashctl.o(.ARM.exidx.text.DL_FlashCTL_readVerifyFromRAM32), (8 bytes).
    Removing dl_flashctl.o(.text.DL_FlashCTL_readVerifyFromRAM64), (36 bytes).
    Removing dl_flashctl.o(.ARM.exidx.text.DL_FlashCTL_readVerifyFromRAM64), (8 bytes).
    Removing dl_flashctl.o(.text.DL_FlashCTL_readVerifyFromRAM8WithECCGenerated), (32 bytes).
    Removing dl_flashctl.o(.ARM.exidx.text.DL_FlashCTL_readVerifyFromRAM8WithECCGenerated), (8 bytes).
    Removing dl_flashctl.o(.text.DL_FlashCTL_readVerifyFromRAM16WithECCGenerated), (32 bytes).
    Removing dl_flashctl.o(.ARM.exidx.text.DL_FlashCTL_readVerifyFromRAM16WithECCGenerated), (8 bytes).
    Removing dl_flashctl.o(.text.DL_FlashCTL_readVerifyFromRAM32WithECCGenerated), (32 bytes).
    Removing dl_flashctl.o(.ARM.exidx.text.DL_FlashCTL_readVerifyFromRAM32WithECCGenerated), (8 bytes).
    Removing dl_flashctl.o(.text.DL_FlashCTL_readVerifyFromRAM64WithECCGenerated), (40 bytes).
    Removing dl_flashctl.o(.ARM.exidx.text.DL_FlashCTL_readVerifyFromRAM64WithECCGenerated), (8 bytes).
    Removing dl_flashctl.o(.text.DL_FlashCTL_readVerifyFromRAM8WithECCManual), (44 bytes).
    Removing dl_flashctl.o(.ARM.exidx.text.DL_FlashCTL_readVerifyFromRAM8WithECCManual), (8 bytes).
    Removing dl_flashctl.o(.text.DL_FlashCTL_readVerifyFromRAM16WithECCManual), (44 bytes).
    Removing dl_flashctl.o(.ARM.exidx.text.DL_FlashCTL_readVerifyFromRAM16WithECCManual), (8 bytes).
    Removing dl_flashctl.o(.text.DL_FlashCTL_readVerifyFromRAM32WithECCManual), (44 bytes).
    Removing dl_flashctl.o(.ARM.exidx.text.DL_FlashCTL_readVerifyFromRAM32WithECCManual), (8 bytes).
    Removing dl_flashctl.o(.text.DL_FlashCTL_readVerifyFromRAM64WithECCManual), (48 bytes).
    Removing dl_flashctl.o(.ARM.exidx.text.DL_FlashCTL_readVerifyFromRAM64WithECCManual), (8 bytes).
    Removing dl_flashctl.o(.text.DL_FlashCTL_readVerify8WithECCGenerated), (30 bytes).
    Removing dl_flashctl.o(.ARM.exidx.text.DL_FlashCTL_readVerify8WithECCGenerated), (8 bytes).
    Removing dl_flashctl.o(.text.DL_FlashCTL_readVerify16WithECCGenerated), (30 bytes).
    Removing dl_flashctl.o(.ARM.exidx.text.DL_FlashCTL_readVerify16WithECCGenerated), (8 bytes).
    Removing dl_flashctl.o(.text.DL_FlashCTL_readVerify32WithECCGenerated), (30 bytes).
    Removing dl_flashctl.o(.ARM.exidx.text.DL_FlashCTL_readVerify32WithECCGenerated), (8 bytes).
    Removing dl_flashctl.o(.text.DL_FlashCTL_readVerify64WithECCGenerated), (36 bytes).
    Removing dl_flashctl.o(.ARM.exidx.text.DL_FlashCTL_readVerify64WithECCGenerated), (8 bytes).
    Removing dl_flashctl.o(.text.DL_FlashCTL_readVerify8WithECCManual), (40 bytes).
    Removing dl_flashctl.o(.ARM.exidx.text.DL_FlashCTL_readVerify8WithECCManual), (8 bytes).
    Removing dl_flashctl.o(.text.DL_FlashCTL_readVerify16WithECCManual), (40 bytes).
    Removing dl_flashctl.o(.ARM.exidx.text.DL_FlashCTL_readVerify16WithECCManual), (8 bytes).
    Removing dl_flashctl.o(.text.DL_FlashCTL_readVerify32WithECCManual), (40 bytes).
    Removing dl_flashctl.o(.ARM.exidx.text.DL_FlashCTL_readVerify32WithECCManual), (8 bytes).
    Removing dl_flashctl.o(.text.DL_FlashCTL_readVerify64WithECCManual), (48 bytes).
    Removing dl_flashctl.o(.ARM.exidx.text.DL_FlashCTL_readVerify64WithECCManual), (8 bytes).
    Removing dl_flashctl.o(.text.DL_FlashCTL_blankVerify), (20 bytes).
    Removing dl_flashctl.o(.ARM.exidx.text.DL_FlashCTL_blankVerify), (8 bytes).
    Removing dl_flashctl.o(.text.DL_FlashCTL_blankVerifyFromRAM), (24 bytes).
    Removing dl_flashctl.o(.ARM.exidx.text.DL_FlashCTL_blankVerifyFromRAM), (8 bytes).
    Removing dl_dma.o(.text), (0 bytes).
    Removing dl_dma.o(.text.DL_DMA_initChannel), (68 bytes).
    Removing dl_dma.o(.ARM.exidx.text.DL_DMA_initChannel), (8 bytes).
    Removing dl_dac12.o(.text), (0 bytes).
    Removing dl_dac12.o(.text.DL_DAC12_init), (136 bytes).
    Removing dl_dac12.o(.ARM.exidx.text.DL_DAC12_init), (8 bytes).
    Removing dl_dac12.o(.text.DL_DAC12_outputBlocking8), (48 bytes).
    Removing dl_dac12.o(.ARM.exidx.text.DL_DAC12_outputBlocking8), (8 bytes).
    Removing dl_dac12.o(.text.DL_DAC12_outputBlocking12), (56 bytes).
    Removing dl_dac12.o(.ARM.exidx.text.DL_DAC12_outputBlocking12), (8 bytes).
    Removing dl_dac12.o(.text.DL_DAC12_fillFIFO8), (160 bytes).
    Removing dl_dac12.o(.ARM.exidx.text.DL_DAC12_fillFIFO8), (8 bytes).
    Removing dl_dac12.o(.text.DL_DAC12_fillFIFO12), (56 bytes).
    Removing dl_dac12.o(.ARM.exidx.text.DL_DAC12_fillFIFO12), (8 bytes).
    Removing dl_dac12.o(.text.DL_DAC12_performSelfCalibrationBlocking), (36 bytes).
    Removing dl_dac12.o(.ARM.exidx.text.DL_DAC12_performSelfCalibrationBlocking), (8 bytes).
    Removing dl_crcp.o(.text), (0 bytes).
    Removing dl_crc.o(.text), (0 bytes).
    Removing dl_crc.o(.text.DL_CRC_calculateBlock32), (92 bytes).
    Removing dl_crc.o(.ARM.exidx.text.DL_CRC_calculateBlock32), (8 bytes).
    Removing dl_crc.o(.text.DL_CRC_calculateMemoryRange32), (52 bytes).
    Removing dl_crc.o(.ARM.exidx.text.DL_CRC_calculateMemoryRange32), (8 bytes).
    Removing dl_crc.o(.text.DL_CRC_calculateBlock16), (152 bytes).
    Removing dl_crc.o(.ARM.exidx.text.DL_CRC_calculateBlock16), (8 bytes).
    Removing dl_crc.o(.text.DL_CRC_calculateMemoryRange16), (104 bytes).
    Removing dl_crc.o(.ARM.exidx.text.DL_CRC_calculateMemoryRange16), (8 bytes).
    Removing dl_common.o(.text), (0 bytes).
    Removing dl_common.o(.ARM.exidx.text.DL_Common_delayCycles), (8 bytes).
    Removing dl_aesadv.o(.text), (0 bytes).
    Removing dl_aes.o(.text), (0 bytes).
    Removing dl_aes.o(.text.DL_AES_setKey), (72 bytes).
    Removing dl_aes.o(.ARM.exidx.text.DL_AES_setKey), (8 bytes).
    Removing dl_aes.o(.text.DL_AES_setKeyAligned), (56 bytes).
    Removing dl_aes.o(.ARM.exidx.text.DL_AES_setKeyAligned), (8 bytes).
    Removing dl_aes.o(.text.DL_AES_loadDataIn), (40 bytes).
    Removing dl_aes.o(.ARM.exidx.text.DL_AES_loadDataIn), (8 bytes).
    Removing dl_aes.o(.text.DL_AES_loadDataInAligned), (24 bytes).
    Removing dl_aes.o(.ARM.exidx.text.DL_AES_loadDataInAligned), (8 bytes).
    Removing dl_aes.o(.text.DL_AES_getDataOut), (36 bytes).
    Removing dl_aes.o(.ARM.exidx.text.DL_AES_getDataOut), (8 bytes).
    Removing dl_aes.o(.text.DL_AES_getDataOutAligned), (24 bytes).
    Removing dl_aes.o(.ARM.exidx.text.DL_AES_getDataOutAligned), (8 bytes).
    Removing dl_aes.o(.text.DL_AES_loadXORDataIn), (40 bytes).
    Removing dl_aes.o(.ARM.exidx.text.DL_AES_loadXORDataIn), (8 bytes).
    Removing dl_aes.o(.text.DL_AES_loadXORDataInAligned), (24 bytes).
    Removing dl_aes.o(.ARM.exidx.text.DL_AES_loadXORDataInAligned), (8 bytes).
    Removing dl_aes.o(.text.DL_AES_loadXORDataInWithoutTrigger), (40 bytes).
    Removing dl_aes.o(.ARM.exidx.text.DL_AES_loadXORDataInWithoutTrigger), (8 bytes).
    Removing dl_aes.o(.text.DL_AES_loadXORDataInWithoutTriggerAligned), (24 bytes).
    Removing dl_aes.o(.ARM.exidx.text.DL_AES_loadXORDataInWithoutTriggerAligned), (8 bytes).
    Removing dl_aes.o(.text.DL_AES_xorData), (52 bytes).
    Removing dl_aes.o(.ARM.exidx.text.DL_AES_xorData), (8 bytes).
    Removing dl_aes.o(.text.DL_AES_xorDataAligned), (36 bytes).
    Removing dl_aes.o(.ARM.exidx.text.DL_AES_xorDataAligned), (8 bytes).
    Removing dl_aes.o(.text.DL_AES_saveConfiguration), (60 bytes).
    Removing dl_aes.o(.ARM.exidx.text.DL_AES_saveConfiguration), (8 bytes).
    Removing dl_aes.o(.text.DL_AES_restoreConfiguration), (60 bytes).
    Removing dl_aes.o(.ARM.exidx.text.DL_AES_restoreConfiguration), (8 bytes).
    Removing dl_adc12.o(.text), (0 bytes).
    Removing dl_adc12.o(.text.DL_ADC12_setClockConfig), (64 bytes).
    Removing dl_adc12.o(.ARM.exidx.text.DL_ADC12_setClockConfig), (8 bytes).
    Removing dl_adc12.o(.text.DL_ADC12_getClockConfig), (40 bytes).
    Removing dl_adc12.o(.ARM.exidx.text.DL_ADC12_getClockConfig), (8 bytes).
    Removing dl_interrupt.o(.text), (0 bytes).
    Removing dl_interrupt.o(.text.DL_Interrupt_registerInterrupt), (144 bytes).
    Removing dl_interrupt.o(.ARM.exidx.text.DL_Interrupt_registerInterrupt), (8 bytes).
    Removing dl_interrupt.o(.text.DL_Interrupt_unregisterInterrupt), (20 bytes).
    Removing dl_interrupt.o(.ARM.exidx.text.DL_Interrupt_unregisterInterrupt), (8 bytes).
    Removing dl_interrupt.o(.vtable), (192 bytes).
    Removing led.o(.text), (0 bytes).
    Removing led.o(.ARM.exidx.text.LED_OFF), (8 bytes).
    Removing led.o(.ARM.exidx.text.LED_ON), (8 bytes).
    Removing led.o(.text.LED_Toggle), (12 bytes).
    Removing led.o(.ARM.exidx.text.LED_Toggle), (8 bytes).
    Removing led.o(.text.LED_Flash), (60 bytes).
    Removing led.o(.ARM.exidx.text.LED_Flash), (8 bytes).
    Removing led.o(.bss.LED_Flash.temp), (2 bytes).
    Removing encoder.o(.text), (0 bytes).
    Removing encoder.o(.ARM.exidx.text.key_process), (8 bytes).
    Removing encoder.o(.ARM.exidx.text.GROUP1_IRQHandler), (8 bytes).
    Removing encoder.o(.text.compare_arrays), (42 bytes).
    Removing encoder.o(.ARM.exidx.text.compare_arrays), (8 bytes).
    Removing encoder.o(.text.openrational_decision), (2 bytes).
    Removing encoder.o(.ARM.exidx.text.openrational_decision), (8 bytes).
    Removing motor.o(.text), (0 bytes).
    Removing motor.o(.text.Velocity_A), (116 bytes).
    Removing motor.o(.ARM.exidx.text.Velocity_A), (8 bytes).
    Removing motor.o(.text.Velocity_B), (116 bytes).
    Removing motor.o(.ARM.exidx.text.Velocity_B), (8 bytes).
    Removing motor.o(.ARM.exidx.text.Set_PWM), (8 bytes).
    Removing motor.o(.data.Velcity_Kp), (4 bytes).
    Removing motor.o(.data.Velcity_Ki), (4 bytes).
    Removing motor.o(.bss.Velocity_A.ControlVelocityA), (4 bytes).
    Removing motor.o(.bss.Velocity_A.Last_biasA), (4 bytes).
    Removing motor.o(.bss.Velocity_B.ControlVelocityB), (4 bytes).
    Removing motor.o(.bss.Velocity_B.Last_biasB), (4 bytes).
    Removing motor.o(.bss.Velcity_Kd), (4 bytes).
    Removing itrt.o(.text), (0 bytes).
    Removing itrt.o(.ARM.exidx.text.TIMA0_IRQHandler), (8 bytes).
    Removing itrt.o(.bss.Key_Num), (1 bytes).
    Removing itrt.o(.bss.count), (2 bytes).
    Removing itrt.o(.data.kp_), (4 bytes).
    Removing itrt.o(.bss.ki_), (4 bytes).
    Removing itrt.o(.bss.encoderA_cnt), (4 bytes).
    Removing itrt.o(.bss.encoderB_cnt), (4 bytes).
    Removing wit_imu.o(.text), (0 bytes).
    Removing wit_imu.o(.text.calculateChecksum), (42 bytes).
    Removing wit_imu.o(.ARM.exidx.text.calculateChecksum), (8 bytes).
    Removing wit_imu.o(.text.parseAccelData), (212 bytes).
    Removing wit_imu.o(.ARM.exidx.text.parseAccelData), (8 bytes).
    Removing wit_imu.o(.ARM.exidx.text.parseGyroData), (8 bytes).
    Removing wit_imu.o(.ARM.exidx.text.parseAngleData), (8 bytes).
    Removing wit_imu.o(.text.parseMagData), (136 bytes).
    Removing wit_imu.o(.ARM.exidx.text.parseMagData), (8 bytes).
    Removing wit_imu.o(.ARM.exidx.text.parseIMUData), (8 bytes).
    Removing pid.o(.text), (0 bytes).
    Removing pid.o(.text.Cascade_gro_T), (156 bytes).
    Removing pid.o(.ARM.exidx.text.Cascade_gro_T), (8 bytes).
    Removing pid.o(.ARM.exidx.text.Cascade_angle_T), (8 bytes).
    Removing pid.o(.text.pid_para_init), (14 bytes).
    Removing pid.o(.ARM.exidx.text.pid_para_init), (8 bytes).
    Removing pid.o(.data.erect_gyro_Turn), (16 bytes).
    Removing uart.o(.text), (0 bytes).
    Removing uart.o(.text._ttywrch), (2 bytes).
    Removing uart.o(.ARM.exidx.text._ttywrch), (8 bytes).
    Removing uart.o(.text._sys_exit), (2 bytes).
    Removing uart.o(.ARM.exidx.text._sys_exit), (8 bytes).
    Removing uart.o(.text._sys_command_string), (4 bytes).
    Removing uart.o(.ARM.exidx.text._sys_command_string), (8 bytes).
    Removing uart.o(.text.fputc), (20 bytes).
    Removing uart.o(.ARM.exidx.text.fputc), (8 bytes).
    Removing uart.o(.text.UART0_Text), (120 bytes).
    Removing uart.o(.ARM.exidx.text.UART0_Text), (8 bytes).
    Removing uart.o(.text.UART0_Send_Bytes), (32 bytes).
    Removing uart.o(.ARM.exidx.text.UART0_Send_Bytes), (8 bytes).
    Removing uart.o(.text.UART_Init), (24 bytes).
    Removing uart.o(.ARM.exidx.text.UART_Init), (8 bytes).
    Removing uart.o(.ARM.exidx.text.UART0_IRQHandler), (8 bytes).
    Removing uart.o(.bss.__stdout), (84 bytes).
    Removing oled.o(.text), (0 bytes).
    Removing oled.o(.text.OLED_ColorTurn), (24 bytes).
    Removing oled.o(.ARM.exidx.text.OLED_ColorTurn), (8 bytes).
    Removing oled.o(.text.OLED_WR_Byte), (160 bytes).
    Removing oled.o(.ARM.exidx.text.OLED_WR_Byte), (8 bytes).
    Removing oled.o(.text.OLED_DisplayTurn), (38 bytes).
    Removing oled.o(.ARM.exidx.text.OLED_DisplayTurn), (8 bytes).
    Removing oled.o(.text.IIC_delay), (10 bytes).
    Removing oled.o(.ARM.exidx.text.IIC_delay), (8 bytes).
    Removing oled.o(.text.I2C_Start), (48 bytes).
    Removing oled.o(.ARM.exidx.text.I2C_Start), (8 bytes).
    Removing oled.o(.text.I2C_Stop), (28 bytes).
    Removing oled.o(.ARM.exidx.text.I2C_Stop), (8 bytes).
    Removing oled.o(.text.I2C_WaitAck), (40 bytes).
    Removing oled.o(.ARM.exidx.text.I2C_WaitAck), (8 bytes).
    Removing oled.o(.text.Send_Byte), (276 bytes).
    Removing oled.o(.ARM.exidx.text.Send_Byte), (8 bytes).
    Removing oled.o(.text.OLED_DisPlay_On), (30 bytes).
    Removing oled.o(.ARM.exidx.text.OLED_DisPlay_On), (8 bytes).
    Removing oled.o(.text.OLED_DisPlay_Off), (30 bytes).
    Removing oled.o(.ARM.exidx.text.OLED_DisPlay_Off), (8 bytes).
    Removing oled.o(.text.OLED_Refresh), (248 bytes).
    Removing oled.o(.ARM.exidx.text.OLED_Refresh), (8 bytes).
    Removing oled.o(.text.OLED_Clear), (1620 bytes).
    Removing oled.o(.ARM.exidx.text.OLED_Clear), (8 bytes).
    Removing oled.o(.text.OLED_DrawPoint), (40 bytes).
    Removing oled.o(.ARM.exidx.text.OLED_DrawPoint), (8 bytes).
    Removing oled.o(.text.OLED_DrawLine), (220 bytes).
    Removing oled.o(.ARM.exidx.text.OLED_DrawLine), (8 bytes).
    Removing oled.o(.text.OLED_DrawCircle), (252 bytes).
    Removing oled.o(.ARM.exidx.text.OLED_DrawCircle), (8 bytes).
    Removing oled.o(.text.OLED_ShowChar), (596 bytes).
    Removing oled.o(.ARM.exidx.text.OLED_ShowChar), (8 bytes).
    Removing oled.o(.text.OLED_ShowString), (80 bytes).
    Removing oled.o(.ARM.exidx.text.OLED_ShowString), (8 bytes).
    Removing oled.o(.text.OLED_Pow), (60 bytes).
    Removing oled.o(.ARM.exidx.text.OLED_Pow), (8 bytes).
    Removing oled.o(.text.OLED_ShowNum), (176 bytes).
    Removing oled.o(.ARM.exidx.text.OLED_ShowNum), (8 bytes).
    Removing oled.o(.text.OLED_ShowSignedNum), (348 bytes).
    Removing oled.o(.ARM.exidx.text.OLED_ShowSignedNum), (8 bytes).
    Removing oled.o(.text.OLED_Init), (1852 bytes).
    Removing oled.o(.ARM.exidx.text.OLED_Init), (8 bytes).
    Removing oled.o(.rodata.asc2_0806), (552 bytes).
    Removing oled.o(.rodata.asc2_1206), (1140 bytes).
    Removing oled.o(.rodata.asc2_1608), (1520 bytes).
    Removing oled.o(.bss.OLED_GRAM), (1152 bytes).
    Removing task_fsm.o(.text), (0 bytes).
    Removing task_fsm.o(.text.StateMachine), (96 bytes).
    Removing task_fsm.o(.ARM.exidx.text.StateMachine), (8 bytes).
    Removing task_fsm.o(.text.Task1), (12 bytes).
    Removing task_fsm.o(.ARM.exidx.text.Task1), (8 bytes).
    Removing task_fsm.o(.text.Task2), (14 bytes).
    Removing task_fsm.o(.ARM.exidx.text.Task2), (8 bytes).
    Removing task_fsm.o(.text.Task3), (12 bytes).
    Removing task_fsm.o(.ARM.exidx.text.Task3), (8 bytes).
    Removing task_fsm.o(.text.Task4), (12 bytes).
    Removing task_fsm.o(.ARM.exidx.text.Task4), (8 bytes).
    Removing task_fsm.o(.bss.task_end_flag), (4 bytes).
    Removing task_fsm.o(.bss.current_state), (1 bytes).
    Removing task_fsm.o(.bss.delta_v), (1 bytes).
    Removing control.o(.text), (0 bytes).
    Removing control.o(.text.Get_Encoder), (52 bytes).
    Removing control.o(.ARM.exidx.text.Get_Encoder), (8 bytes).
    Removing control.o(.text.Speed), (56 bytes).
    Removing control.o(.ARM.exidx.text.Speed), (8 bytes).
    Removing control.o(.text.Turn_left), (68 bytes).
    Removing control.o(.ARM.exidx.text.Turn_left), (8 bytes).
    Removing control.o(.text.Turn_right), (68 bytes).
    Removing control.o(.ARM.exidx.text.Turn_right), (8 bytes).
    Removing ins.o(.text), (0 bytes).
    Removing ins.o(.ARM.exidx.text.get_realtime_coordinate), (8 bytes).
    Removing ins.o(.text.get_target), (204 bytes).
    Removing ins.o(.ARM.exidx.text.get_target), (8 bytes).
    Removing ins.o(.ARM.exidx.text.ins_navigation), (8 bytes).
    Removing ins.o(.data.flag_1), (1 bytes).

772 unused section(s) (total 34807 bytes) removed from the image.

==============================================================================

Image Symbol Table

    Local Symbols

    Symbol Name                              Value     Ov Type        Size  Object(Section)

    ../clib/division.s                       0x00000000   Number         0  aeabi_sdivfast.o ABSOLUTE
    ../clib/division.s                       0x00000000   Number         0  aeabi_sdivfast_div0.o ABSOLUTE
    ../clib/microlib/division.c              0x00000000   Number         0  uidiv.o ABSOLUTE
    ../clib/microlib/division.c              0x00000000   Number         0  uidiv_div0.o ABSOLUTE
    ../clib/microlib/division.c              0x00000000   Number         0  idiv_div0.o ABSOLUTE
    ../clib/microlib/division.c              0x00000000   Number         0  idiv0.o ABSOLUTE
    ../clib/microlib/errno.c                 0x00000000   Number         0  errno.o ABSOLUTE
    ../clib/microlib/init/entry.s            0x00000000   Number         0  entry.o ABSOLUTE
    ../clib/microlib/init/entry.s            0x00000000   Number         0  entry2.o ABSOLUTE
    ../clib/microlib/init/entry.s            0x00000000   Number         0  entry5.o ABSOLUTE
    ../clib/microlib/init/entry.s            0x00000000   Number         0  entry7a.o ABSOLUTE
    ../clib/microlib/init/entry.s            0x00000000   Number         0  entry7b.o ABSOLUTE
    ../clib/microlib/init/entry.s            0x00000000   Number         0  entry8a.o ABSOLUTE
    ../clib/microlib/init/entry.s            0x00000000   Number         0  entry8b.o ABSOLUTE
    ../clib/microlib/init/entry.s            0x00000000   Number         0  entry9a.o ABSOLUTE
    ../clib/microlib/init/entry.s            0x00000000   Number         0  entry9b.o ABSOLUTE
    ../clib/microlib/init/entry.s            0x00000000   Number         0  entry10a.o ABSOLUTE
    ../clib/microlib/init/entry.s            0x00000000   Number         0  entry10b.o ABSOLUTE
    ../clib/microlib/init/entry.s            0x00000000   Number         0  entry11a.o ABSOLUTE
    ../clib/microlib/init/entry.s            0x00000000   Number         0  entry11b.o ABSOLUTE
    ../clib/microlib/longlong.c              0x00000000   Number         0  llshl.o ABSOLUTE
    ../clib/microlib/longlong.c              0x00000000   Number         0  llushr.o ABSOLUTE
    ../clib/microlib/longlong.c              0x00000000   Number         0  llsshr.o ABSOLUTE
    ../clib/microlib/stubs.s                 0x00000000   Number         0  useno.o ABSOLUTE
    ../clib/microlib/stubs.s                 0x00000000   Number         0  iusefp.o ABSOLUTE
    ../fplib/microlib/d2f.c                  0x00000000   Number         0  d2f.o ABSOLUTE
    ../fplib/microlib/f2d.c                  0x00000000   Number         0  f2d.o ABSOLUTE
    ../fplib/microlib/fpadd.c                0x00000000   Number         0  fadd.o ABSOLUTE
    ../fplib/microlib/fpadd.c                0x00000000   Number         0  dadd.o ABSOLUTE
    ../fplib/microlib/fpcmp.c                0x00000000   Number         0  fcmple.o ABSOLUTE
    ../fplib/microlib/fpcmp.c                0x00000000   Number         0  fcmplt.o ABSOLUTE
    ../fplib/microlib/fpcmp.c                0x00000000   Number         0  fcmpge.o ABSOLUTE
    ../fplib/microlib/fpcmp.c                0x00000000   Number         0  fcmpgt.o ABSOLUTE
    ../fplib/microlib/fpcmp.c                0x00000000   Number         0  fcmpeq.o ABSOLUTE
    ../fplib/microlib/fpcmp.c                0x00000000   Number         0  dcmplt.o ABSOLUTE
    ../fplib/microlib/fpcmp.c                0x00000000   Number         0  dcmpge.o ABSOLUTE
    ../fplib/microlib/fpcmp.c                0x00000000   Number         0  dcmpeq.o ABSOLUTE
    ../fplib/microlib/fpdiv.c                0x00000000   Number         0  ddiv.o ABSOLUTE
    ../fplib/microlib/fpepilogue.c           0x00000000   Number         0  fepilogue.o ABSOLUTE
    ../fplib/microlib/fpepilogue.c           0x00000000   Number         0  depilogue.o ABSOLUTE
    ../fplib/microlib/fpfix.c                0x00000000   Number         0  ffixi.o ABSOLUTE
    ../fplib/microlib/fpfix.c                0x00000000   Number         0  dfixi.o ABSOLUTE
    ../fplib/microlib/fpflt.c                0x00000000   Number         0  fflti.o ABSOLUTE
    ../fplib/microlib/fpflt.c                0x00000000   Number         0  dflti.o ABSOLUTE
    ../fplib/microlib/fpflt.c                0x00000000   Number         0  dfltui.o ABSOLUTE
    ../fplib/microlib/fpmul.c                0x00000000   Number         0  fmul.o ABSOLUTE
    ../fplib/microlib/fpmul.c                0x00000000   Number         0  dmul.o ABSOLUTE
    ../fplib/microlib/fpscalb.c              0x00000000   Number         0  dscalb.o ABSOLUTE
    ../fplib/microlib/fpsqrt.c               0x00000000   Number         0  dsqrt.o ABSOLUTE
    ../mathlib/atan.c                        0x00000000   Number         0  atan.o ABSOLUTE
    ../mathlib/atan2.c                       0x00000000   Number         0  atan2.o ABSOLUTE
    ../mathlib/cos.c                         0x00000000   Number         0  cos.o ABSOLUTE
    ../mathlib/cos_i.c                       0x00000000   Number         0  cos_i.o ABSOLUTE
    ../mathlib/dunder.c                      0x00000000   Number         0  dunder.o ABSOLUTE
    ../mathlib/fpclassify.c                  0x00000000   Number         0  fpclassify.o ABSOLUTE
    ../mathlib/poly.c                        0x00000000   Number         0  poly.o ABSOLUTE
    ../mathlib/qnan.c                        0x00000000   Number         0  qnan.o ABSOLUTE
    ../mathlib/rred.c                        0x00000000   Number         0  rred.o ABSOLUTE
    ../mathlib/sin.c                         0x00000000   Number         0  sin.o ABSOLUTE
    ../mathlib/sin_i.c                       0x00000000   Number         0  sin_i.o ABSOLUTE
    ../mathlib/sqrt.c                        0x00000000   Number         0  sqrt.o ABSOLUTE
    PID.c                                    0x00000000   Number         0  pid.o ABSOLUTE
    board.c                                  0x00000000   Number         0  board.o ABSOLUTE
    cdcmple.s                                0x00000000   Number         0  cdcmple.o ABSOLUTE
    control.c                                0x00000000   Number         0  control.o ABSOLUTE
    dc.s                                     0x00000000   Number         0  dc.o ABSOLUTE
    dl_adc12.c                               0x00000000   Number         0  dl_adc12.o ABSOLUTE
    dl_aes.c                                 0x00000000   Number         0  dl_aes.o ABSOLUTE
    dl_aesadv.c                              0x00000000   Number         0  dl_aesadv.o ABSOLUTE
    dl_common.c                              0x00000000   Number         0  dl_common.o ABSOLUTE
    dl_crc.c                                 0x00000000   Number         0  dl_crc.o ABSOLUTE
    dl_crcp.c                                0x00000000   Number         0  dl_crcp.o ABSOLUTE
    dl_dac12.c                               0x00000000   Number         0  dl_dac12.o ABSOLUTE
    dl_dma.c                                 0x00000000   Number         0  dl_dma.o ABSOLUTE
    dl_flashctl.c                            0x00000000   Number         0  dl_flashctl.o ABSOLUTE
    dl_i2c.c                                 0x00000000   Number         0  dl_i2c.o ABSOLUTE
    dl_interrupt.c                           0x00000000   Number         0  dl_interrupt.o ABSOLUTE
    dl_keystorectl.c                         0x00000000   Number         0  dl_keystorectl.o ABSOLUTE
    dl_lcd.c                                 0x00000000   Number         0  dl_lcd.o ABSOLUTE
    dl_lfss.c                                0x00000000   Number         0  dl_lfss.o ABSOLUTE
    dl_mathacl.c                             0x00000000   Number         0  dl_mathacl.o ABSOLUTE
    dl_mcan.c                                0x00000000   Number         0  dl_mcan.o ABSOLUTE
    dl_opa.c                                 0x00000000   Number         0  dl_opa.o ABSOLUTE
    dl_rtc_common.c                          0x00000000   Number         0  dl_rtc_common.o ABSOLUTE
    dl_spi.c                                 0x00000000   Number         0  dl_spi.o ABSOLUTE
    dl_timer.c                               0x00000000   Number         0  dl_timer.o ABSOLUTE
    dl_trng.c                                0x00000000   Number         0  dl_trng.o ABSOLUTE
    dl_uart.c                                0x00000000   Number         0  dl_uart.o ABSOLUTE
    dl_vref.c                                0x00000000   Number         0  dl_vref.o ABSOLUTE
    empty.c                                  0x00000000   Number         0  empty.o ABSOLUTE
    encoder.c                                0x00000000   Number         0  encoder.o ABSOLUTE
    handlers.s                               0x00000000   Number         0  handlers.o ABSOLUTE
    init.s                                   0x00000000   Number         0  init.o ABSOLUTE
    ins.c                                    0x00000000   Number         0  ins.o ABSOLUTE
    itrt.c                                   0x00000000   Number         0  itrt.o ABSOLUTE
    led.c                                    0x00000000   Number         0  led.o ABSOLUTE
    motor.c                                  0x00000000   Number         0  motor.o ABSOLUTE
    oled.c                                   0x00000000   Number         0  oled.o ABSOLUTE
    startup_mspm0g350x_uvision.s             0x00000000   Number         0  startup_mspm0g350x_uvision.o ABSOLUTE
    task_fsm.c                               0x00000000   Number         0  task_fsm.o ABSOLUTE
    ti_msp_dl_config.c                       0x00000000   Number         0  ti_msp_dl_config.o ABSOLUTE
    uart.c                                   0x00000000   Number         0  uart.o ABSOLUTE
    wit_imu.c                                0x00000000   Number         0  wit_imu.o ABSOLUTE
    RESET                                    0x00000000   Section      192  startup_mspm0g350x_uvision.o(RESET)
    .ARM.Collect$$$$00000000                 0x000000c0   Section        0  entry.o(.ARM.Collect$$$$00000000)
    .ARM.Collect$$$$00000001                 0x000000c0   Section        4  entry2.o(.ARM.Collect$$$$00000001)
    .ARM.Collect$$$$00000004                 0x000000c4   Section        4  entry5.o(.ARM.Collect$$$$00000004)
    .ARM.Collect$$$$00000008                 0x000000c8   Section        0  entry7b.o(.ARM.Collect$$$$00000008)
    .ARM.Collect$$$$0000000A                 0x000000c8   Section        0  entry8b.o(.ARM.Collect$$$$0000000A)
    .ARM.Collect$$$$0000000B                 0x000000c8   Section        8  entry9a.o(.ARM.Collect$$$$0000000B)
    __lit__00000000                          0x000000d0   Data           4  entry2.o(.ARM.Collect$$$$00002712)
    .ARM.Collect$$$$0000000D                 0x000000d0   Section        0  entry10a.o(.ARM.Collect$$$$0000000D)
    .ARM.Collect$$$$0000000F                 0x000000d0   Section        0  entry11a.o(.ARM.Collect$$$$0000000F)
    .ARM.Collect$$$$00002712                 0x000000d0   Section        4  entry2.o(.ARM.Collect$$$$00002712)
    .text                                    0x000000d4   Section       20  startup_mspm0g350x_uvision.o(.text)
    .text                                    0x000000e8   Section        0  fadd.o(.text)
    .text                                    0x0000019a   Section        0  fmul.o(.text)
    .text                                    0x00000214   Section        0  dadd.o(.text)
    .text                                    0x00000378   Section        0  dmul.o(.text)
    .text                                    0x00000448   Section        0  ddiv.o(.text)
    .text                                    0x00000538   Section        0  fcmple.o(.text)
    .text                                    0x00000554   Section        0  fcmplt.o(.text)
    .text                                    0x00000570   Section        0  fcmpge.o(.text)
    .text                                    0x0000058c   Section        0  fcmpgt.o(.text)
    .text                                    0x000005a8   Section        0  fcmpeq.o(.text)
    .text                                    0x000005c4   Section        0  dcmplt.o(.text)
    .text                                    0x000005f0   Section        0  dcmpge.o(.text)
    .text                                    0x0000061c   Section        0  dcmpeq.o(.text)
    .text                                    0x0000064a   Section        0  fflti.o(.text)
    .text                                    0x00000660   Section        0  dflti.o(.text)
    .text                                    0x00000688   Section        0  dfltui.o(.text)
    .text                                    0x000006a4   Section        0  ffixi.o(.text)
    .text                                    0x000006d8   Section        0  dfixi.o(.text)
    .text                                    0x00000720   Section        0  f2d.o(.text)
    .text                                    0x00000748   Section        0  d2f.o(.text)
    .text                                    0x00000780   Section        0  llshl.o(.text)
    .text                                    0x000007a0   Section        0  llushr.o(.text)
    .text                                    0x000007c2   Section        0  llsshr.o(.text)
    .text                                    0x000007e8   Section        0  iusefp.o(.text)
    .text                                    0x000007e8   Section        0  fepilogue.o(.text)
    .text                                    0x0000086a   Section        0  depilogue.o(.text)
    .text                                    0x00000928   Section        0  dsqrt.o(.text)
    .text                                    0x000009cc   Section       40  cdcmple.o(.text)
    .text                                    0x000009f8   Section       48  init.o(.text)
    .text                                    0x00000a28   Section        0  dscalb.o(.text)
    [Anonymous Symbol]                       0x00000a54   Section        0  pid.o(.text.Cascade_angle_T)
    __arm_cp.1_0                             0x00000b38   Number         4  pid.o(.text.Cascade_angle_T)
    __arm_cp.1_1                             0x00000b3c   Number         4  pid.o(.text.Cascade_angle_T)
    __arm_cp.1_2                             0x00000b40   Number         4  pid.o(.text.Cascade_angle_T)
    __arm_cp.1_3                             0x00000b44   Number         4  pid.o(.text.Cascade_angle_T)
    [Anonymous Symbol]                       0x00000b48   Section        0  dl_common.o(.text.DL_Common_delayCycles)
    [Anonymous Symbol]                       0x00000b54   Section        0  dl_timer.o(.text.DL_Timer_initPWMMode)
    __arm_cp.11_1                            0x00000c00   Number         4  dl_timer.o(.text.DL_Timer_initPWMMode)
    __arm_cp.11_2                            0x00000c04   Number         4  dl_timer.o(.text.DL_Timer_initPWMMode)
    __arm_cp.11_3                            0x00000c08   Number         4  dl_timer.o(.text.DL_Timer_initPWMMode)
    __arm_cp.11_4                            0x00000c0c   Number         4  dl_timer.o(.text.DL_Timer_initPWMMode)
    __arm_cp.11_6                            0x00000c10   Number         4  dl_timer.o(.text.DL_Timer_initPWMMode)
    [Anonymous Symbol]                       0x00000c14   Section        0  dl_timer.o(.text.DL_Timer_initTimerMode)
    __arm_cp.2_0                             0x00000cf0   Number         4  dl_timer.o(.text.DL_Timer_initTimerMode)
    __arm_cp.2_1                             0x00000cf4   Number         4  dl_timer.o(.text.DL_Timer_initTimerMode)
    __arm_cp.2_2                             0x00000cf8   Number         4  dl_timer.o(.text.DL_Timer_initTimerMode)
    [Anonymous Symbol]                       0x00000cfc   Section        0  dl_timer.o(.text.DL_Timer_setCaptCompUpdateMethod)
    __arm_cp.18_0                            0x00000d14   Number         4  dl_timer.o(.text.DL_Timer_setCaptCompUpdateMethod)
    [Anonymous Symbol]                       0x00000d18   Section        0  dl_timer.o(.text.DL_Timer_setCaptureCompareOutCtl)
    __arm_cp.13_0                            0x00000d2c   Number         4  dl_timer.o(.text.DL_Timer_setCaptureCompareOutCtl)
    [Anonymous Symbol]                       0x00000d30   Section        0  dl_timer.o(.text.DL_Timer_setCaptureCompareValue)
    __arm_cp.3_0                             0x00000d3c   Number         4  dl_timer.o(.text.DL_Timer_setCaptureCompareValue)
    [Anonymous Symbol]                       0x00000d40   Section        0  dl_timer.o(.text.DL_Timer_setClockConfig)
    __arm_cp.0_0                             0x00000d58   Number         4  dl_timer.o(.text.DL_Timer_setClockConfig)
    [Anonymous Symbol]                       0x00000d5c   Section        0  dl_uart.o(.text.DL_UART_init)
    __arm_cp.0_0                             0x00000d9c   Number         4  dl_uart.o(.text.DL_UART_init)
    __arm_cp.0_1                             0x00000da0   Number         4  dl_uart.o(.text.DL_UART_init)
    [Anonymous Symbol]                       0x00000da4   Section        0  dl_uart.o(.text.DL_UART_setClockConfig)
    [Anonymous Symbol]                       0x00000db8   Section        0  encoder.o(.text.GROUP1_IRQHandler)
    __arm_cp.1_0                             0x00000e94   Number         4  encoder.o(.text.GROUP1_IRQHandler)
    __arm_cp.1_1                             0x00000e98   Number         4  encoder.o(.text.GROUP1_IRQHandler)
    __arm_cp.1_2                             0x00000e9c   Number         4  encoder.o(.text.GROUP1_IRQHandler)
    __arm_cp.1_3                             0x00000ea0   Number         4  encoder.o(.text.GROUP1_IRQHandler)
    __arm_cp.1_4                             0x00000ea4   Number         4  encoder.o(.text.GROUP1_IRQHandler)
    __arm_cp.1_5                             0x00000ea8   Number         4  encoder.o(.text.GROUP1_IRQHandler)
    __arm_cp.1_6                             0x00000eac   Number         4  encoder.o(.text.GROUP1_IRQHandler)
    [Anonymous Symbol]                       0x00000eb0   Section        0  led.o(.text.LED_OFF)
    __arm_cp.0_0                             0x00000ec0   Number         4  led.o(.text.LED_OFF)
    [Anonymous Symbol]                       0x00000ec4   Section        0  led.o(.text.LED_ON)
    __arm_cp.1_1                             0x00000ed8   Number         4  led.o(.text.LED_ON)
    [Anonymous Symbol]                       0x00000edc   Section        0  ti_msp_dl_config.o(.text.SYSCFG_DL_GPIO_init)
    __arm_cp.2_0                             0x00000f80   Number         4  ti_msp_dl_config.o(.text.SYSCFG_DL_GPIO_init)
    __arm_cp.2_1                             0x00000f84   Number         4  ti_msp_dl_config.o(.text.SYSCFG_DL_GPIO_init)
    __arm_cp.2_2                             0x00000f88   Number         4  ti_msp_dl_config.o(.text.SYSCFG_DL_GPIO_init)
    __arm_cp.2_3                             0x00000f8c   Number         4  ti_msp_dl_config.o(.text.SYSCFG_DL_GPIO_init)
    __arm_cp.2_4                             0x00000f90   Number         4  ti_msp_dl_config.o(.text.SYSCFG_DL_GPIO_init)
    __arm_cp.2_5                             0x00000f94   Number         4  ti_msp_dl_config.o(.text.SYSCFG_DL_GPIO_init)
    __arm_cp.2_6                             0x00000f98   Number         4  ti_msp_dl_config.o(.text.SYSCFG_DL_GPIO_init)
    __arm_cp.2_7                             0x00000f9c   Number         4  ti_msp_dl_config.o(.text.SYSCFG_DL_GPIO_init)
    __arm_cp.2_8                             0x00000fa0   Number         4  ti_msp_dl_config.o(.text.SYSCFG_DL_GPIO_init)
    __arm_cp.2_9                             0x00000fa4   Number         4  ti_msp_dl_config.o(.text.SYSCFG_DL_GPIO_init)
    __arm_cp.2_10                            0x00000fa8   Number         4  ti_msp_dl_config.o(.text.SYSCFG_DL_GPIO_init)
    __arm_cp.2_11                            0x00000fac   Number         4  ti_msp_dl_config.o(.text.SYSCFG_DL_GPIO_init)
    __arm_cp.2_12                            0x00000fb0   Number         4  ti_msp_dl_config.o(.text.SYSCFG_DL_GPIO_init)
    __arm_cp.2_13                            0x00000fb4   Number         4  ti_msp_dl_config.o(.text.SYSCFG_DL_GPIO_init)
    __arm_cp.2_14                            0x00000fb8   Number         4  ti_msp_dl_config.o(.text.SYSCFG_DL_GPIO_init)
    [Anonymous Symbol]                       0x00000fbc   Section        0  ti_msp_dl_config.o(.text.SYSCFG_DL_PWM_1_init)
    __arm_cp.4_1                             0x00001028   Number         4  ti_msp_dl_config.o(.text.SYSCFG_DL_PWM_1_init)
    __arm_cp.4_2                             0x0000102c   Number         4  ti_msp_dl_config.o(.text.SYSCFG_DL_PWM_1_init)
    __arm_cp.4_3                             0x00001030   Number         4  ti_msp_dl_config.o(.text.SYSCFG_DL_PWM_1_init)
    [Anonymous Symbol]                       0x00001034   Section        0  ti_msp_dl_config.o(.text.SYSCFG_DL_SYSCTL_init)
    __arm_cp.3_0                             0x0000106c   Number         4  ti_msp_dl_config.o(.text.SYSCFG_DL_SYSCTL_init)
    __arm_cp.3_1                             0x00001070   Number         4  ti_msp_dl_config.o(.text.SYSCFG_DL_SYSCTL_init)
    __arm_cp.3_2                             0x00001074   Number         4  ti_msp_dl_config.o(.text.SYSCFG_DL_SYSCTL_init)
    [Anonymous Symbol]                       0x00001078   Section        0  ti_msp_dl_config.o(.text.SYSCFG_DL_SYSTICK_init)
    __arm_cp.7_0                             0x00001090   Number         4  ti_msp_dl_config.o(.text.SYSCFG_DL_SYSTICK_init)
    [Anonymous Symbol]                       0x00001094   Section        0  ti_msp_dl_config.o(.text.SYSCFG_DL_TIMER_0_init)
    __arm_cp.5_0                             0x000010c8   Number         4  ti_msp_dl_config.o(.text.SYSCFG_DL_TIMER_0_init)
    __arm_cp.5_1                             0x000010cc   Number         4  ti_msp_dl_config.o(.text.SYSCFG_DL_TIMER_0_init)
    __arm_cp.5_2                             0x000010d0   Number         4  ti_msp_dl_config.o(.text.SYSCFG_DL_TIMER_0_init)
    __arm_cp.5_3                             0x000010d4   Number         4  ti_msp_dl_config.o(.text.SYSCFG_DL_TIMER_0_init)
    __arm_cp.5_4                             0x000010d8   Number         4  ti_msp_dl_config.o(.text.SYSCFG_DL_TIMER_0_init)
    __arm_cp.5_5                             0x000010dc   Number         4  ti_msp_dl_config.o(.text.SYSCFG_DL_TIMER_0_init)
    [Anonymous Symbol]                       0x000010e0   Section        0  ti_msp_dl_config.o(.text.SYSCFG_DL_UART_0_init)
    __arm_cp.6_0                             0x00001148   Number         4  ti_msp_dl_config.o(.text.SYSCFG_DL_UART_0_init)
    __arm_cp.6_1                             0x0000114c   Number         4  ti_msp_dl_config.o(.text.SYSCFG_DL_UART_0_init)
    __arm_cp.6_2                             0x00001150   Number         4  ti_msp_dl_config.o(.text.SYSCFG_DL_UART_0_init)
    __arm_cp.6_3                             0x00001154   Number         4  ti_msp_dl_config.o(.text.SYSCFG_DL_UART_0_init)
    __arm_cp.6_4                             0x00001158   Number         4  ti_msp_dl_config.o(.text.SYSCFG_DL_UART_0_init)
    __arm_cp.6_5                             0x0000115c   Number         4  ti_msp_dl_config.o(.text.SYSCFG_DL_UART_0_init)
    __arm_cp.6_6                             0x00001160   Number         4  ti_msp_dl_config.o(.text.SYSCFG_DL_UART_0_init)
    [Anonymous Symbol]                       0x00001164   Section        0  ti_msp_dl_config.o(.text.SYSCFG_DL_init)
    __arm_cp.0_0                             0x00001194   Number         4  ti_msp_dl_config.o(.text.SYSCFG_DL_init)
    __arm_cp.0_1                             0x00001198   Number         4  ti_msp_dl_config.o(.text.SYSCFG_DL_init)
    [Anonymous Symbol]                       0x0000119c   Section        0  ti_msp_dl_config.o(.text.SYSCFG_DL_initPower)
    __arm_cp.1_0                             0x000011c8   Number         4  ti_msp_dl_config.o(.text.SYSCFG_DL_initPower)
    __arm_cp.1_1                             0x000011cc   Number         4  ti_msp_dl_config.o(.text.SYSCFG_DL_initPower)
    __arm_cp.1_2                             0x000011d0   Number         4  ti_msp_dl_config.o(.text.SYSCFG_DL_initPower)
    __arm_cp.1_3                             0x000011d4   Number         4  ti_msp_dl_config.o(.text.SYSCFG_DL_initPower)
    __arm_cp.1_4                             0x000011d8   Number         4  ti_msp_dl_config.o(.text.SYSCFG_DL_initPower)
    __arm_cp.1_5                             0x000011dc   Number         4  ti_msp_dl_config.o(.text.SYSCFG_DL_initPower)
    __arm_cp.1_6                             0x000011e0   Number         4  ti_msp_dl_config.o(.text.SYSCFG_DL_initPower)
    [Anonymous Symbol]                       0x000011e4   Section        0  motor.o(.text.Set_PWM)
    __arm_cp.2_0                             0x00001230   Number         4  motor.o(.text.Set_PWM)
    __arm_cp.2_1                             0x00001234   Number         4  motor.o(.text.Set_PWM)
    [Anonymous Symbol]                       0x00001238   Section        0  itrt.o(.text.TIMA0_IRQHandler)
    __arm_cp.0_0                             0x00001390   Number         4  itrt.o(.text.TIMA0_IRQHandler)
    __arm_cp.0_1                             0x00001394   Number         4  itrt.o(.text.TIMA0_IRQHandler)
    __arm_cp.0_2                             0x00001398   Number         4  itrt.o(.text.TIMA0_IRQHandler)
    __arm_cp.0_3                             0x0000139c   Number         4  itrt.o(.text.TIMA0_IRQHandler)
    __arm_cp.0_4                             0x000013a0   Number         4  itrt.o(.text.TIMA0_IRQHandler)
    __arm_cp.0_7                             0x000013a4   Number         4  itrt.o(.text.TIMA0_IRQHandler)
    __arm_cp.0_8                             0x000013a8   Number         4  itrt.o(.text.TIMA0_IRQHandler)
    __arm_cp.0_9                             0x000013ac   Number         4  itrt.o(.text.TIMA0_IRQHandler)
    __arm_cp.0_10                            0x000013b0   Number         4  itrt.o(.text.TIMA0_IRQHandler)
    __arm_cp.0_11                            0x000013b4   Number         4  itrt.o(.text.TIMA0_IRQHandler)
    __arm_cp.0_12                            0x000013b8   Number         4  itrt.o(.text.TIMA0_IRQHandler)
    __arm_cp.0_13                            0x000013bc   Number         4  itrt.o(.text.TIMA0_IRQHandler)
    __arm_cp.0_14                            0x000013c0   Number         4  itrt.o(.text.TIMA0_IRQHandler)
    __arm_cp.0_15                            0x000013c4   Number         4  itrt.o(.text.TIMA0_IRQHandler)
    __arm_cp.0_16                            0x000013c8   Number         4  itrt.o(.text.TIMA0_IRQHandler)
    __arm_cp.0_17                            0x000013cc   Number         4  itrt.o(.text.TIMA0_IRQHandler)
    __arm_cp.0_18                            0x000013d0   Number         4  itrt.o(.text.TIMA0_IRQHandler)
    __arm_cp.0_19                            0x000013d4   Number         4  itrt.o(.text.TIMA0_IRQHandler)
    __arm_cp.0_20                            0x000013d8   Number         4  itrt.o(.text.TIMA0_IRQHandler)
    [Anonymous Symbol]                       0x000013dc   Section        0  uart.o(.text.UART0_IRQHandler)
    __arm_cp.7_0                             0x0000146c   Number         4  uart.o(.text.UART0_IRQHandler)
    __arm_cp.7_1                             0x00001470   Number         4  uart.o(.text.UART0_IRQHandler)
    __arm_cp.7_2                             0x00001474   Number         4  uart.o(.text.UART0_IRQHandler)
    __arm_cp.7_3                             0x00001478   Number         4  uart.o(.text.UART0_IRQHandler)
    __arm_cp.7_4                             0x0000147c   Number         4  uart.o(.text.UART0_IRQHandler)
    __arm_cp.7_5                             0x00001480   Number         4  uart.o(.text.UART0_IRQHandler)
    __arm_cp.7_6                             0x00001484   Number         4  uart.o(.text.UART0_IRQHandler)
    [Anonymous Symbol]                       0x00001488   Section        0  ins.o(.text.get_realtime_coordinate)
    __arm_cp.0_3                             0x00001510   Number         4  ins.o(.text.get_realtime_coordinate)
    [Anonymous Symbol]                       0x00001514   Section        0  ins.o(.text.ins_navigation)
    __arm_cp.2_0                             0x0000171c   Number         4  ins.o(.text.ins_navigation)
    __arm_cp.2_3                             0x00001720   Number         4  ins.o(.text.ins_navigation)
    __arm_cp.2_4                             0x00001724   Number         4  ins.o(.text.ins_navigation)
    __arm_cp.2_5                             0x00001728   Number         4  ins.o(.text.ins_navigation)
    __arm_cp.2_6                             0x0000172c   Number         4  ins.o(.text.ins_navigation)
    __arm_cp.2_7                             0x00001730   Number         4  ins.o(.text.ins_navigation)
    __arm_cp.2_8                             0x00001734   Number         4  ins.o(.text.ins_navigation)
    __arm_cp.2_9                             0x00001738   Number         4  ins.o(.text.ins_navigation)
    __arm_cp.2_10                            0x0000173c   Number         4  ins.o(.text.ins_navigation)
    __arm_cp.2_11                            0x00001740   Number         4  ins.o(.text.ins_navigation)
    [Anonymous Symbol]                       0x00001744   Section        0  encoder.o(.text.key_process)
    __arm_cp.0_0                             0x000017b8   Number         4  encoder.o(.text.key_process)
    __arm_cp.0_1                             0x000017bc   Number         4  encoder.o(.text.key_process)
    [Anonymous Symbol]                       0x000017c0   Section        0  empty.o(.text.main)
    __arm_cp.0_0                             0x000017e8   Number         4  empty.o(.text.main)
    __arm_cp.0_1                             0x000017ec   Number         4  empty.o(.text.main)
    __arm_cp.0_2                             0x000017f0   Number         4  empty.o(.text.main)
    [Anonymous Symbol]                       0x000017f4   Section        0  wit_imu.o(.text.parseAngleData)
    __arm_cp.3_0                             0x000018b0   Number         4  wit_imu.o(.text.parseAngleData)
    [Anonymous Symbol]                       0x000018b4   Section        0  wit_imu.o(.text.parseGyroData)
    __arm_cp.2_0                             0x00001968   Number         4  wit_imu.o(.text.parseGyroData)
    [Anonymous Symbol]                       0x0000196c   Section        0  wit_imu.o(.text.parseIMUData)
    i.__ARM_clz                              0x00001990   Section        0  depilogue.o(i.__ARM_clz)
    i.__ARM_common_ll_muluu                  0x000019be   Section        0  rred.o(i.__ARM_common_ll_muluu)
    i.__ARM_fpclassify                       0x000019f0   Section        0  fpclassify.o(i.__ARM_fpclassify)
    i.__ieee754_rem_pio2                     0x00001a1c   Section        0  rred.o(i.__ieee754_rem_pio2)
    i.__kernel_cos                           0x00001db8   Section        0  cos_i.o(i.__kernel_cos)
    i.__kernel_poly                          0x00001eac   Section        0  poly.o(i.__kernel_poly)
    i.__kernel_sin                           0x00001f58   Section        0  sin_i.o(i.__kernel_sin)
    i.__mathlib_dbl_infnan                   0x00002044   Section        0  dunder.o(i.__mathlib_dbl_infnan)
    i.__mathlib_dbl_infnan2                  0x0000204e   Section        0  dunder.o(i.__mathlib_dbl_infnan2)
    i.__mathlib_dbl_invalid                  0x00002056   Section        0  dunder.o(i.__mathlib_dbl_invalid)
    i.__mathlib_dbl_underflow                0x00002068   Section        0  dunder.o(i.__mathlib_dbl_underflow)
    i.__scatterload_copy                     0x00002080   Section       14  handlers.o(i.__scatterload_copy)
    i.__scatterload_null                     0x00002090   Section        2  handlers.o(i.__scatterload_null)
    i.__scatterload_zeroinit                 0x00002098   Section       14  handlers.o(i.__scatterload_zeroinit)
    i.__set_errno                            0x000020a8   Section        0  errno.o(i.__set_errno)
    i.atan                                   0x000020b4   Section        0  atan.o(i.atan)
    i.atan2                                  0x000022d0   Section        0  atan2.o(i.atan2)
    i.cos                                    0x0000246c   Section        0  cos.o(i.cos)
    i.sin                                    0x00002504   Section        0  sin.o(i.sin)
    i.sqrt                                   0x000025a0   Section        0  sqrt.o(i.sqrt)
    atanhi                                   0x000025e8   Data          32  atan.o(.constdata)
    .constdata                               0x000025e8   Section      152  atan.o(.constdata)
    atanlo                                   0x00002608   Data          32  atan.o(.constdata)
    aTodd                                    0x00002628   Data          40  atan.o(.constdata)
    aTeven                                   0x00002650   Data          48  atan.o(.constdata)
    C                                        0x00002680   Data          48  cos_i.o(.constdata)
    .constdata                               0x00002680   Section       48  cos_i.o(.constdata)
    .constdata                               0x000026b0   Section        8  qnan.o(.constdata)
    pio2s                                    0x000026b8   Data          48  rred.o(.constdata)
    .constdata                               0x000026b8   Section      204  rred.o(.constdata)
    twooverpi                                0x000026e8   Data         156  rred.o(.constdata)
    S                                        0x00002788   Data          40  sin_i.o(.constdata)
    .constdata                               0x00002788   Section       40  sin_i.o(.constdata)
    gPWM_1ClockConfig                        0x000027b0   Data           3  ti_msp_dl_config.o(.rodata.gPWM_1ClockConfig)
    [Anonymous Symbol]                       0x000027b0   Section        0  ti_msp_dl_config.o(.rodata.gPWM_1ClockConfig)
    gPWM_1Config                             0x000027b4   Data           8  ti_msp_dl_config.o(.rodata.gPWM_1Config)
    [Anonymous Symbol]                       0x000027b4   Section        0  ti_msp_dl_config.o(.rodata.gPWM_1Config)
    gTIMER_0ClockConfig                      0x000027bc   Data           3  ti_msp_dl_config.o(.rodata.gTIMER_0ClockConfig)
    [Anonymous Symbol]                       0x000027bc   Section        0  ti_msp_dl_config.o(.rodata.gTIMER_0ClockConfig)
    gTIMER_0TimerConfig                      0x000027c0   Data          20  ti_msp_dl_config.o(.rodata.gTIMER_0TimerConfig)
    [Anonymous Symbol]                       0x000027c0   Section        0  ti_msp_dl_config.o(.rodata.gTIMER_0TimerConfig)
    gUART_0ClockConfig                       0x000027d4   Data           2  ti_msp_dl_config.o(.rodata.gUART_0ClockConfig)
    [Anonymous Symbol]                       0x000027d4   Section        0  ti_msp_dl_config.o(.rodata.gUART_0ClockConfig)
    gUART_0Config                            0x000027d6   Data          10  ti_msp_dl_config.o(.rodata.gUART_0Config)
    [Anonymous Symbol]                       0x000027d6   Section        0  ti_msp_dl_config.o(.rodata.gUART_0Config)
    _errno                                   0x20200004   Data           4  errno.o(.data)
    .data                                    0x20200004   Section        4  errno.o(.data)
    UART0_IRQHandler.header_index            0x20200030   Data           1  uart.o(.bss.UART0_IRQHandler.header_index)
    [Anonymous Symbol]                       0x20200030   Section        0  uart.o(.bss.UART0_IRQHandler.header_index)
    STACK                                    0x20200318   Section     4096  startup_mspm0g350x_uvision.o(STACK)

    Global Symbols

    Symbol Name                              Value     Ov Type        Size  Object(Section)

    BuildAttributes$$THM_ISAv3M$S$PE$A:L22$X:L11$S22$IEEE1$IW$~IW$USESV6$~STKCKD$USESV7$~SHL$OTIME$ROPI$IEEEX$EBA8$MICROLIB$REQ8$PRES8$EABIv2 0x00000000   Number         0  anon$$obj.o ABSOLUTE
    __Vectors                                0x00000000   Data           4  startup_mspm0g350x_uvision.o(RESET)
    __use_no_errno                           0x00000000   Number         0  useno.o ABSOLUTE
    __use_no_exception_handling              0x00000000   Number         0  useno.o ABSOLUTE
    __use_no_fp                              0x00000000   Number         0  useno.o ABSOLUTE
    __use_no_heap                            0x00000000   Number         0  useno.o ABSOLUTE
    __use_no_heap_region                     0x00000000   Number         0  useno.o ABSOLUTE
    __use_no_semihosting                     0x00000000   Number         0  useno.o ABSOLUTE
    __use_no_semihosting_swi                 0x00000000   Number         0  useno.o ABSOLUTE
    __use_no_signal_handling                 0x00000000   Number         0  useno.o ABSOLUTE
    __cpp_initialize__aeabi_                  - Undefined Weak Reference
    __cxa_finalize                            - Undefined Weak Reference
    __decompress                              - Undefined Weak Reference
    _clock_init                               - Undefined Weak Reference
    _microlib_exit                            - Undefined Weak Reference
    __Vectors_End                            0x000000c0   Data           0  startup_mspm0g350x_uvision.o(RESET)
    __Vectors_Size                           0x000000c0   Number         0  startup_mspm0g350x_uvision.o ABSOLUTE
    __main                                   0x000000c1   Thumb Code     0  entry.o(.ARM.Collect$$$$00000000)
    _main_stk                                0x000000c1   Thumb Code     0  entry2.o(.ARM.Collect$$$$00000001)
    _main_scatterload                        0x000000c5   Thumb Code     0  entry5.o(.ARM.Collect$$$$00000004)
    __main_after_scatterload                 0x000000c9   Thumb Code     0  entry5.o(.ARM.Collect$$$$00000004)
    _main_clock                              0x000000c9   Thumb Code     0  entry7b.o(.ARM.Collect$$$$00000008)
    _main_cpp_init                           0x000000c9   Thumb Code     0  entry8b.o(.ARM.Collect$$$$0000000A)
    _main_init                               0x000000c9   Thumb Code     0  entry9a.o(.ARM.Collect$$$$0000000B)
    __rt_final_cpp                           0x000000d1   Thumb Code     0  entry10a.o(.ARM.Collect$$$$0000000D)
    __rt_final_exit                          0x000000d1   Thumb Code     0  entry11a.o(.ARM.Collect$$$$0000000F)
    Reset_Handler                            0x000000d5   Thumb Code     4  startup_mspm0g350x_uvision.o(.text)
    NMI_Handler                              0x000000d9   Thumb Code     2  startup_mspm0g350x_uvision.o(.text)
    HardFault_Handler                        0x000000db   Thumb Code     2  startup_mspm0g350x_uvision.o(.text)
    SVC_Handler                              0x000000dd   Thumb Code     2  startup_mspm0g350x_uvision.o(.text)
    PendSV_Handler                           0x000000df   Thumb Code     2  startup_mspm0g350x_uvision.o(.text)
    SysTick_Handler                          0x000000e1   Thumb Code     2  startup_mspm0g350x_uvision.o(.text)
    ADC0_IRQHandler                          0x000000e3   Thumb Code     0  startup_mspm0g350x_uvision.o(.text)
    ADC1_IRQHandler                          0x000000e3   Thumb Code     0  startup_mspm0g350x_uvision.o(.text)
    AES_IRQHandler                           0x000000e3   Thumb Code     0  startup_mspm0g350x_uvision.o(.text)
    CANFD0_IRQHandler                        0x000000e3   Thumb Code     0  startup_mspm0g350x_uvision.o(.text)
    DAC0_IRQHandler                          0x000000e3   Thumb Code     0  startup_mspm0g350x_uvision.o(.text)
    DMA_IRQHandler                           0x000000e3   Thumb Code     0  startup_mspm0g350x_uvision.o(.text)
    Default_Handler                          0x000000e3   Thumb Code     2  startup_mspm0g350x_uvision.o(.text)
    GROUP0_IRQHandler                        0x000000e3   Thumb Code     0  startup_mspm0g350x_uvision.o(.text)
    I2C0_IRQHandler                          0x000000e3   Thumb Code     0  startup_mspm0g350x_uvision.o(.text)
    I2C1_IRQHandler                          0x000000e3   Thumb Code     0  startup_mspm0g350x_uvision.o(.text)
    RTC_IRQHandler                           0x000000e3   Thumb Code     0  startup_mspm0g350x_uvision.o(.text)
    SPI0_IRQHandler                          0x000000e3   Thumb Code     0  startup_mspm0g350x_uvision.o(.text)
    SPI1_IRQHandler                          0x000000e3   Thumb Code     0  startup_mspm0g350x_uvision.o(.text)
    TIMA1_IRQHandler                         0x000000e3   Thumb Code     0  startup_mspm0g350x_uvision.o(.text)
    TIMG0_IRQHandler                         0x000000e3   Thumb Code     0  startup_mspm0g350x_uvision.o(.text)
    TIMG12_IRQHandler                        0x000000e3   Thumb Code     0  startup_mspm0g350x_uvision.o(.text)
    TIMG6_IRQHandler                         0x000000e3   Thumb Code     0  startup_mspm0g350x_uvision.o(.text)
    TIMG7_IRQHandler                         0x000000e3   Thumb Code     0  startup_mspm0g350x_uvision.o(.text)
    TIMG8_IRQHandler                         0x000000e3   Thumb Code     0  startup_mspm0g350x_uvision.o(.text)
    UART1_IRQHandler                         0x000000e3   Thumb Code     0  startup_mspm0g350x_uvision.o(.text)
    UART2_IRQHandler                         0x000000e3   Thumb Code     0  startup_mspm0g350x_uvision.o(.text)
    UART3_IRQHandler                         0x000000e3   Thumb Code     0  startup_mspm0g350x_uvision.o(.text)
    __aeabi_fadd                             0x000000e9   Thumb Code   162  fadd.o(.text)
    __aeabi_fsub                             0x0000018b   Thumb Code     8  fadd.o(.text)
    __aeabi_frsub                            0x00000193   Thumb Code     8  fadd.o(.text)
    __aeabi_fmul                             0x0000019b   Thumb Code   122  fmul.o(.text)
    __aeabi_dadd                             0x00000215   Thumb Code   328  dadd.o(.text)
    __aeabi_dsub                             0x0000035d   Thumb Code    12  dadd.o(.text)
    __aeabi_drsub                            0x00000369   Thumb Code    12  dadd.o(.text)
    __aeabi_dmul                             0x00000379   Thumb Code   202  dmul.o(.text)
    __aeabi_ddiv                             0x00000449   Thumb Code   234  ddiv.o(.text)
    __aeabi_fcmple                           0x00000539   Thumb Code    28  fcmple.o(.text)
    __aeabi_fcmplt                           0x00000555   Thumb Code    28  fcmplt.o(.text)
    __aeabi_fcmpge                           0x00000571   Thumb Code    28  fcmpge.o(.text)
    __aeabi_fcmpgt                           0x0000058d   Thumb Code    28  fcmpgt.o(.text)
    __aeabi_fcmpeq                           0x000005a9   Thumb Code    28  fcmpeq.o(.text)
    __aeabi_dcmplt                           0x000005c5   Thumb Code    44  dcmplt.o(.text)
    __aeabi_dcmpge                           0x000005f1   Thumb Code    44  dcmpge.o(.text)
    __aeabi_dcmpeq                           0x0000061d   Thumb Code    46  dcmpeq.o(.text)
    __aeabi_i2f                              0x0000064b   Thumb Code    22  fflti.o(.text)
    __aeabi_i2d                              0x00000661   Thumb Code    34  dflti.o(.text)
    __aeabi_ui2d                             0x00000689   Thumb Code    24  dfltui.o(.text)
    __aeabi_f2iz                             0x000006a5   Thumb Code    50  ffixi.o(.text)
    __aeabi_d2iz                             0x000006d9   Thumb Code    62  dfixi.o(.text)
    __aeabi_f2d                              0x00000721   Thumb Code    40  f2d.o(.text)
    __aeabi_d2f                              0x00000749   Thumb Code    56  d2f.o(.text)
    __aeabi_llsl                             0x00000781   Thumb Code    32  llshl.o(.text)
    _ll_shift_l                              0x00000781   Thumb Code     0  llshl.o(.text)
    __aeabi_llsr                             0x000007a1   Thumb Code    34  llushr.o(.text)
    _ll_ushift_r                             0x000007a1   Thumb Code     0  llushr.o(.text)
    __aeabi_lasr                             0x000007c3   Thumb Code    38  llsshr.o(.text)
    _ll_sshift_r                             0x000007c3   Thumb Code     0  llsshr.o(.text)
    __I$use$fp                               0x000007e9   Thumb Code     0  iusefp.o(.text)
    _float_round                             0x000007e9   Thumb Code    16  fepilogue.o(.text)
    _float_epilogue                          0x000007f9   Thumb Code   114  fepilogue.o(.text)
    _double_round                            0x0000086b   Thumb Code    26  depilogue.o(.text)
    _double_epilogue                         0x00000885   Thumb Code   164  depilogue.o(.text)
    _dsqrt                                   0x00000929   Thumb Code   162  dsqrt.o(.text)
    __aeabi_cdcmpeq                          0x000009cd   Thumb Code     0  cdcmple.o(.text)
    __aeabi_cdcmple                          0x000009cd   Thumb Code    38  cdcmple.o(.text)
    __scatterload                            0x000009f9   Thumb Code    38  init.o(.text)
    __scatterload_rt2                        0x000009f9   Thumb Code     0  init.o(.text)
    __ARM_scalbn                             0x00000a29   Thumb Code    44  dscalb.o(.text)
    scalbn                                   0x00000a29   Thumb Code     0  dscalb.o(.text)
    Cascade_angle_T                          0x00000a55   Thumb Code   228  pid.o(.text.Cascade_angle_T)
    DL_Common_delayCycles                    0x00000b49   Thumb Code    10  dl_common.o(.text.DL_Common_delayCycles)
    DL_Timer_initPWMMode                     0x00000b55   Thumb Code   172  dl_timer.o(.text.DL_Timer_initPWMMode)
    DL_Timer_initTimerMode                   0x00000c15   Thumb Code   220  dl_timer.o(.text.DL_Timer_initTimerMode)
    DL_Timer_setCaptCompUpdateMethod         0x00000cfd   Thumb Code    24  dl_timer.o(.text.DL_Timer_setCaptCompUpdateMethod)
    DL_Timer_setCaptureCompareOutCtl         0x00000d19   Thumb Code    20  dl_timer.o(.text.DL_Timer_setCaptureCompareOutCtl)
    DL_Timer_setCaptureCompareValue          0x00000d31   Thumb Code    12  dl_timer.o(.text.DL_Timer_setCaptureCompareValue)
    DL_Timer_setClockConfig                  0x00000d41   Thumb Code    24  dl_timer.o(.text.DL_Timer_setClockConfig)
    DL_UART_init                             0x00000d5d   Thumb Code    64  dl_uart.o(.text.DL_UART_init)
    DL_UART_setClockConfig                   0x00000da5   Thumb Code    18  dl_uart.o(.text.DL_UART_setClockConfig)
    GROUP1_IRQHandler                        0x00000db9   Thumb Code   220  encoder.o(.text.GROUP1_IRQHandler)
    LED_OFF                                  0x00000eb1   Thumb Code    16  led.o(.text.LED_OFF)
    LED_ON                                   0x00000ec5   Thumb Code    20  led.o(.text.LED_ON)
    SYSCFG_DL_GPIO_init                      0x00000edd   Thumb Code   164  ti_msp_dl_config.o(.text.SYSCFG_DL_GPIO_init)
    SYSCFG_DL_PWM_1_init                     0x00000fbd   Thumb Code   108  ti_msp_dl_config.o(.text.SYSCFG_DL_PWM_1_init)
    SYSCFG_DL_SYSCTL_init                    0x00001035   Thumb Code    56  ti_msp_dl_config.o(.text.SYSCFG_DL_SYSCTL_init)
    SYSCFG_DL_SYSTICK_init                   0x00001079   Thumb Code    24  ti_msp_dl_config.o(.text.SYSCFG_DL_SYSTICK_init)
    SYSCFG_DL_TIMER_0_init                   0x00001095   Thumb Code    52  ti_msp_dl_config.o(.text.SYSCFG_DL_TIMER_0_init)
    SYSCFG_DL_UART_0_init                    0x000010e1   Thumb Code   104  ti_msp_dl_config.o(.text.SYSCFG_DL_UART_0_init)
    SYSCFG_DL_init                           0x00001165   Thumb Code    48  ti_msp_dl_config.o(.text.SYSCFG_DL_init)
    SYSCFG_DL_initPower                      0x0000119d   Thumb Code    44  ti_msp_dl_config.o(.text.SYSCFG_DL_initPower)
    Set_PWM                                  0x000011e5   Thumb Code    76  motor.o(.text.Set_PWM)
    TIMA0_IRQHandler                         0x00001239   Thumb Code   344  itrt.o(.text.TIMA0_IRQHandler)
    UART0_IRQHandler                         0x000013dd   Thumb Code   144  uart.o(.text.UART0_IRQHandler)
    get_realtime_coordinate                  0x00001489   Thumb Code   136  ins.o(.text.get_realtime_coordinate)
    ins_navigation                           0x00001515   Thumb Code   520  ins.o(.text.ins_navigation)
    key_process                              0x00001745   Thumb Code   116  encoder.o(.text.key_process)
    main                                     0x000017c1   Thumb Code    40  empty.o(.text.main)
    parseAngleData                           0x000017f5   Thumb Code   188  wit_imu.o(.text.parseAngleData)
    parseGyroData                            0x000018b5   Thumb Code   180  wit_imu.o(.text.parseGyroData)
    parseIMUData                             0x0000196d   Thumb Code    36  wit_imu.o(.text.parseIMUData)
    __ARM_clz                                0x00001991   Thumb Code    46  depilogue.o(i.__ARM_clz)
    __ARM_common_ll_muluu                    0x000019bf   Thumb Code    50  rred.o(i.__ARM_common_ll_muluu)
    __ARM_fpclassify                         0x000019f1   Thumb Code    40  fpclassify.o(i.__ARM_fpclassify)
    __ieee754_rem_pio2                       0x00001a1d   Thumb Code   838  rred.o(i.__ieee754_rem_pio2)
    __kernel_cos                             0x00001db9   Thumb Code   224  cos_i.o(i.__kernel_cos)
    __kernel_poly                            0x00001ead   Thumb Code   172  poly.o(i.__kernel_poly)
    __kernel_sin                             0x00001f59   Thumb Code   222  sin_i.o(i.__kernel_sin)
    __mathlib_dbl_infnan                     0x00002045   Thumb Code    10  dunder.o(i.__mathlib_dbl_infnan)
    __mathlib_dbl_infnan2                    0x0000204f   Thumb Code     8  dunder.o(i.__mathlib_dbl_infnan2)
    __mathlib_dbl_invalid                    0x00002057   Thumb Code    16  dunder.o(i.__mathlib_dbl_invalid)
    __mathlib_dbl_underflow                  0x00002069   Thumb Code    14  dunder.o(i.__mathlib_dbl_underflow)
    __scatterload_copy                       0x00002081   Thumb Code    14  handlers.o(i.__scatterload_copy)
    __scatterload_null                       0x00002091   Thumb Code     2  handlers.o(i.__scatterload_null)
    __scatterload_zeroinit                   0x00002099   Thumb Code    14  handlers.o(i.__scatterload_zeroinit)
    __set_errno                              0x000020a9   Thumb Code     6  errno.o(i.__set_errno)
    atan                                     0x000020b5   Thumb Code   472  atan.o(i.atan)
    atan2                                    0x000022d1   Thumb Code   372  atan2.o(i.atan2)
    cos                                      0x0000246d   Thumb Code   142  cos.o(i.cos)
    sin                                      0x00002505   Thumb Code   146  sin.o(i.sin)
    sqrt                                     0x000025a1   Thumb Code    66  sqrt.o(i.sqrt)
    __mathlib_zero                           0x000026b0   Data           8  qnan.o(.constdata)
    Region$$Table$$Base                      0x000027e0   Number         0  anon$$obj.o(Region$$Table)
    Region$$Table$$Limit                     0x00002800   Number         0  anon$$obj.o(Region$$Table)
    __ARM_use_no_argv                        0x20200000   Data           4  empty.o(.ARM.use_no_argv)
    erect_angle_Turn                         0x20200008   Data          16  pid.o(.data.erect_angle_Turn)
    ins_mode                                 0x20200018   Data           1  ins.o(.data.ins_mode)
    key_state                                0x20200019   Data           1  encoder.o(.data.key_state)
    n                                        0x2020001a   Data           1  ins.o(.data.n)
    target                                   0x2020001b   Data           1  ins.o(.data.target)
    Get_Encoder_countA                       0x20200020   Data           4  itrt.o(.bss.Get_Encoder_countA)
    Get_Encoder_countB                       0x20200024   Data           4  itrt.o(.bss.Get_Encoder_countB)
    PWMA                                     0x20200028   Data           4  itrt.o(.bss.PWMA)
    PWMB                                     0x2020002c   Data           4  itrt.o(.bss.PWMB)
    Yao                                      0x20200034   Data          28  itrt.o(.bss.Yao)
    count_flag                               0x20200050   Data           1  led.o(.bss.count_flag)
    flag_10ms                                0x20200051   Data           1  itrt.o(.bss.flag_10ms)
    flag_15ms                                0x20200052   Data           1  itrt.o(.bss.flag_15ms)
    flag_20ms                                0x20200053   Data           1  itrt.o(.bss.flag_20ms)
    flag_40ms                                0x20200054   Data           1  itrt.o(.bss.flag_40ms)
    flag_60ms                                0x20200055   Data           1  itrt.o(.bss.flag_60ms)
    flag_80ms                                0x20200056   Data           1  itrt.o(.bss.flag_80ms)
    gPWM_1Backup                             0x20200058   Data         120  ti_msp_dl_config.o(.bss.gPWM_1Backup)
    gTIMER_0Backup                           0x202000d0   Data         188  ti_msp_dl_config.o(.bss.gTIMER_0Backup)
    gpio_interrup                            0x2020018c   Data           4  encoder.o(.bss.gpio_interrup)
    imuData                                  0x20200190   Data          64  wit_imu.o(.bss.imuData)
    imu_data_buffer                          0x202001d0   Data          44  uart.o(.bss.imu_data_buffer)
    imu_data_index                           0x202001fc   Data           1  uart.o(.bss.imu_data_index)
    ins                                      0x20200200   Data         192  ins.o(.bss.ins)
    s_pid                                    0x202002c0   Data          80  pid.o(.bss.s_pid)
    sensor_vector                            0x20200310   Data           4  encoder.o(.bss.sensor_vector)
    xunhuan_flag                             0x20200314   Data           1  ins.o(.bss.xunhuan_flag)
    __initial_sp                             0x20201318   Data           0  startup_mspm0g350x_uvision.o(STACK)



==============================================================================

Memory Map of the image

  Image Entry point : 0x000000c1

  Load Region LR_IROM1 (Base: 0x00000000, Size: 0x00002820, Max: 0x00020000, ABSOLUTE)

    Execution Region ER_IROM1 (Exec base: 0x00000000, Load base: 0x00000000, Size: 0x00002800, Max: 0x00020000, ABSOLUTE)

    Exec Addr    Load Addr    Size         Type   Attr      Idx    E Section Name        Object

    0x00000000   0x00000000   0x000000c0   Data   RO           15    RESET               startup_mspm0g350x_uvision.o
    0x000000c0   0x000000c0   0x00000000   Code   RO         1081  * .ARM.Collect$$$$00000000  mc_p.l(entry.o)
    0x000000c0   0x000000c0   0x00000004   Code   RO         1163    .ARM.Collect$$$$00000001  mc_p.l(entry2.o)
    0x000000c4   0x000000c4   0x00000004   Code   RO         1166    .ARM.Collect$$$$00000004  mc_p.l(entry5.o)
    0x000000c8   0x000000c8   0x00000000   Code   RO         1168    .ARM.Collect$$$$00000008  mc_p.l(entry7b.o)
    0x000000c8   0x000000c8   0x00000000   Code   RO         1170    .ARM.Collect$$$$0000000A  mc_p.l(entry8b.o)
    0x000000c8   0x000000c8   0x00000008   Code   RO         1171    .ARM.Collect$$$$0000000B  mc_p.l(entry9a.o)
    0x000000d0   0x000000d0   0x00000000   Code   RO         1173    .ARM.Collect$$$$0000000D  mc_p.l(entry10a.o)
    0x000000d0   0x000000d0   0x00000000   Code   RO         1175    .ARM.Collect$$$$0000000F  mc_p.l(entry11a.o)
    0x000000d0   0x000000d0   0x00000004   Code   RO         1164    .ARM.Collect$$$$00002712  mc_p.l(entry2.o)
    0x000000d4   0x000000d4   0x00000014   Code   RO           16    .text               startup_mspm0g350x_uvision.o
    0x000000e8   0x000000e8   0x000000b2   Code   RO         1090    .text               mf_p.l(fadd.o)
    0x0000019a   0x0000019a   0x0000007a   Code   RO         1092    .text               mf_p.l(fmul.o)
    0x00000214   0x00000214   0x00000164   Code   RO         1094    .text               mf_p.l(dadd.o)
    0x00000378   0x00000378   0x000000d0   Code   RO         1096    .text               mf_p.l(dmul.o)
    0x00000448   0x00000448   0x000000f0   Code   RO         1098    .text               mf_p.l(ddiv.o)
    0x00000538   0x00000538   0x0000001c   Code   RO         1100    .text               mf_p.l(fcmple.o)
    0x00000554   0x00000554   0x0000001c   Code   RO         1102    .text               mf_p.l(fcmplt.o)
    0x00000570   0x00000570   0x0000001c   Code   RO         1104    .text               mf_p.l(fcmpge.o)
    0x0000058c   0x0000058c   0x0000001c   Code   RO         1106    .text               mf_p.l(fcmpgt.o)
    0x000005a8   0x000005a8   0x0000001c   Code   RO         1108    .text               mf_p.l(fcmpeq.o)
    0x000005c4   0x000005c4   0x0000002c   Code   RO         1110    .text               mf_p.l(dcmplt.o)
    0x000005f0   0x000005f0   0x0000002c   Code   RO         1112    .text               mf_p.l(dcmpge.o)
    0x0000061c   0x0000061c   0x0000002e   Code   RO         1114    .text               mf_p.l(dcmpeq.o)
    0x0000064a   0x0000064a   0x00000016   Code   RO         1116    .text               mf_p.l(fflti.o)
    0x00000660   0x00000660   0x00000028   Code   RO         1118    .text               mf_p.l(dflti.o)
    0x00000688   0x00000688   0x0000001c   Code   RO         1120    .text               mf_p.l(dfltui.o)
    0x000006a4   0x000006a4   0x00000032   Code   RO         1122    .text               mf_p.l(ffixi.o)
    0x000006d6   0x000006d6   0x00000002   PAD
    0x000006d8   0x000006d8   0x00000048   Code   RO         1124    .text               mf_p.l(dfixi.o)
    0x00000720   0x00000720   0x00000028   Code   RO         1126    .text               mf_p.l(f2d.o)
    0x00000748   0x00000748   0x00000038   Code   RO         1128    .text               mf_p.l(d2f.o)
    0x00000780   0x00000780   0x00000020   Code   RO         1187    .text               mc_p.l(llshl.o)
    0x000007a0   0x000007a0   0x00000022   Code   RO         1189    .text               mc_p.l(llushr.o)
    0x000007c2   0x000007c2   0x00000026   Code   RO         1191    .text               mc_p.l(llsshr.o)
    0x000007e8   0x000007e8   0x00000000   Code   RO         1200    .text               mc_p.l(iusefp.o)
    0x000007e8   0x000007e8   0x00000082   Code   RO         1201    .text               mf_p.l(fepilogue.o)
    0x0000086a   0x0000086a   0x000000be   Code   RO         1203    .text               mf_p.l(depilogue.o)
    0x00000928   0x00000928   0x000000a2   Code   RO         1207    .text               mf_p.l(dsqrt.o)
    0x000009ca   0x000009ca   0x00000002   PAD
    0x000009cc   0x000009cc   0x00000028   Code   RO         1209    .text               mf_p.l(cdcmple.o)
    0x000009f4   0x000009f4   0x00000004   PAD
    0x000009f8   0x000009f8   0x00000030   Code   RO         1215    .text               mc_p.l(init.o)
    0x00000a28   0x00000a28   0x0000002c   Code   RO         1217    .text               mf_p.l(dscalb.o)
    0x00000a54   0x00000a54   0x000000f4   Code   RO          913    .text.Cascade_angle_T  pid.o
    0x00000b48   0x00000b48   0x0000000a   Code   RO          736    .text.DL_Common_delayCycles  dl_common.o
    0x00000b52   0x00000b52   0x00000002   PAD
    0x00000b54   0x00000b54   0x000000c0   Code   RO          170    .text.DL_Timer_initPWMMode  dl_timer.o
    0x00000c14   0x00000c14   0x000000e8   Code   RO          152    .text.DL_Timer_initTimerMode  dl_timer.o
    0x00000cfc   0x00000cfc   0x0000001c   Code   RO          184    .text.DL_Timer_setCaptCompUpdateMethod  dl_timer.o
    0x00000d18   0x00000d18   0x00000018   Code   RO          174    .text.DL_Timer_setCaptureCompareOutCtl  dl_timer.o
    0x00000d30   0x00000d30   0x00000010   Code   RO          154    .text.DL_Timer_setCaptureCompareValue  dl_timer.o
    0x00000d40   0x00000d40   0x0000001c   Code   RO          148    .text.DL_Timer_setClockConfig  dl_timer.o
    0x00000d5c   0x00000d5c   0x00000048   Code   RO           96    .text.DL_UART_init  dl_uart.o
    0x00000da4   0x00000da4   0x00000012   Code   RO           98    .text.DL_UART_setClockConfig  dl_uart.o
    0x00000db6   0x00000db6   0x00000002   PAD
    0x00000db8   0x00000db8   0x000000f8   Code   RO          827    .text.GROUP1_IRQHandler  encoder.o
    0x00000eb0   0x00000eb0   0x00000014   Code   RO          807    .text.LED_OFF       led.o
    0x00000ec4   0x00000ec4   0x00000018   Code   RO          809    .text.LED_ON        led.o
    0x00000edc   0x00000edc   0x000000e0   Code   RO           27    .text.SYSCFG_DL_GPIO_init  ti_msp_dl_config.o
    0x00000fbc   0x00000fbc   0x00000078   Code   RO           31    .text.SYSCFG_DL_PWM_1_init  ti_msp_dl_config.o
    0x00001034   0x00001034   0x00000044   Code   RO           29    .text.SYSCFG_DL_SYSCTL_init  ti_msp_dl_config.o
    0x00001078   0x00001078   0x0000001c   Code   RO           37    .text.SYSCFG_DL_SYSTICK_init  ti_msp_dl_config.o
    0x00001094   0x00001094   0x0000004c   Code   RO           33    .text.SYSCFG_DL_TIMER_0_init  ti_msp_dl_config.o
    0x000010e0   0x000010e0   0x00000084   Code   RO           35    .text.SYSCFG_DL_UART_0_init  ti_msp_dl_config.o
    0x00001164   0x00001164   0x00000038   Code   RO           23    .text.SYSCFG_DL_init  ti_msp_dl_config.o
    0x0000119c   0x0000119c   0x00000048   Code   RO           25    .text.SYSCFG_DL_initPower  ti_msp_dl_config.o
    0x000011e4   0x000011e4   0x00000054   Code   RO          848    .text.Set_PWM       motor.o
    0x00001238   0x00001238   0x000001a4   Code   RO          865    .text.TIMA0_IRQHandler  itrt.o
    0x000013dc   0x000013dc   0x000000ac   Code   RO          942    .text.UART0_IRQHandler  uart.o
    0x00001488   0x00001488   0x0000008c   Code   RO         1046    .text.get_realtime_coordinate  ins.o
    0x00001514   0x00001514   0x00000230   Code   RO         1050    .text.ins_navigation  ins.o
    0x00001744   0x00001744   0x0000007c   Code   RO          825    .text.key_process   encoder.o
    0x000017c0   0x000017c0   0x00000034   Code   RO            2    .text.main          empty.o
    0x000017f4   0x000017f4   0x000000c0   Code   RO          896    .text.parseAngleData  wit_imu.o
    0x000018b4   0x000018b4   0x000000b8   Code   RO          894    .text.parseGyroData  wit_imu.o
    0x0000196c   0x0000196c   0x00000024   Code   RO          900    .text.parseIMUData  wit_imu.o
    0x00001990   0x00001990   0x0000002e   Code   RO         1205    i.__ARM_clz         mf_p.l(depilogue.o)
    0x000019be   0x000019be   0x00000032   Code   RO         1158    i.__ARM_common_ll_muluu  m_ps.l(rred.o)
    0x000019f0   0x000019f0   0x0000002c   Code   RO         1211    i.__ARM_fpclassify  m_ps.l(fpclassify.o)
    0x00001a1c   0x00001a1c   0x0000039c   Code   RO         1153    i.__ieee754_rem_pio2  m_ps.l(rred.o)
    0x00001db8   0x00001db8   0x000000f4   Code   RO         1135    i.__kernel_cos      m_ps.l(cos_i.o)
    0x00001eac   0x00001eac   0x000000ac   Code   RO         1213    i.__kernel_poly     m_ps.l(poly.o)
    0x00001f58   0x00001f58   0x000000ec   Code   RO         1160    i.__kernel_sin      m_ps.l(sin_i.o)
    0x00002044   0x00002044   0x0000000a   Code   RO         1139    i.__mathlib_dbl_infnan  m_ps.l(dunder.o)
    0x0000204e   0x0000204e   0x00000008   Code   RO         1140    i.__mathlib_dbl_infnan2  m_ps.l(dunder.o)
    0x00002056   0x00002056   0x00000010   Code   RO         1141    i.__mathlib_dbl_invalid  m_ps.l(dunder.o)
    0x00002066   0x00002066   0x00000002   PAD
    0x00002068   0x00002068   0x00000014   Code   RO         1144    i.__mathlib_dbl_underflow  m_ps.l(dunder.o)
    0x0000207c   0x0000207c   0x00000004   PAD
    0x00002080   0x00002080   0x0000000e   Code   RO         1221    i.__scatterload_copy  mc_p.l(handlers.o)
    0x0000208e   0x0000208e   0x00000002   PAD
    0x00002090   0x00002090   0x00000002   Code   RO         1222    i.__scatterload_null  mc_p.l(handlers.o)
    0x00002092   0x00002092   0x00000006   PAD
    0x00002098   0x00002098   0x0000000e   Code   RO         1223    i.__scatterload_zeroinit  mc_p.l(handlers.o)
    0x000020a6   0x000020a6   0x00000002   PAD
    0x000020a8   0x000020a8   0x0000000c   Code   RO         1195    i.__set_errno       mc_p.l(errno.o)
    0x000020b4   0x000020b4   0x0000021c   Code   RO         1131    i.atan              m_ps.l(atan.o)
    0x000022d0   0x000022d0   0x0000019c   Code   RO         1066    i.atan2             m_ps.l(atan2.o)
    0x0000246c   0x0000246c   0x00000098   Code   RO         1070    i.cos               m_ps.l(cos.o)
    0x00002504   0x00002504   0x0000009c   Code   RO         1074    i.sin               m_ps.l(sin.o)
    0x000025a0   0x000025a0   0x00000048   Code   RO         1078    i.sqrt              m_ps.l(sqrt.o)
    0x000025e8   0x000025e8   0x00000098   Data   RO         1132    .constdata          m_ps.l(atan.o)
    0x00002680   0x00002680   0x00000030   Data   RO         1136    .constdata          m_ps.l(cos_i.o)
    0x000026b0   0x000026b0   0x00000008   Data   RO         1152    .constdata          m_ps.l(qnan.o)
    0x000026b8   0x000026b8   0x000000cc   Data   RO         1155    .constdata          m_ps.l(rred.o)
    0x00002784   0x00002784   0x00000004   PAD
    0x00002788   0x00002788   0x00000028   Data   RO         1161    .constdata          m_ps.l(sin_i.o)
    0x000027b0   0x000027b0   0x00000003   Data   RO           45    .rodata.gPWM_1ClockConfig  ti_msp_dl_config.o
    0x000027b3   0x000027b3   0x00000001   PAD
    0x000027b4   0x000027b4   0x00000008   Data   RO           46    .rodata.gPWM_1Config  ti_msp_dl_config.o
    0x000027bc   0x000027bc   0x00000003   Data   RO           47    .rodata.gTIMER_0ClockConfig  ti_msp_dl_config.o
    0x000027bf   0x000027bf   0x00000001   PAD
    0x000027c0   0x000027c0   0x00000014   Data   RO           48    .rodata.gTIMER_0TimerConfig  ti_msp_dl_config.o
    0x000027d4   0x000027d4   0x00000002   Data   RO           49    .rodata.gUART_0ClockConfig  ti_msp_dl_config.o
    0x000027d6   0x000027d6   0x0000000a   Data   RO           50    .rodata.gUART_0Config  ti_msp_dl_config.o
    0x000027e0   0x000027e0   0x00000020   Data   RO         1220    Region$$Table       anon$$obj.o


    Execution Region RW_IRAM2 (Exec base: 0x20200000, Load base: 0x00002800, Size: 0x00001318, Max: 0x00008000, ABSOLUTE)

    Exec Addr    Load Addr    Size         Type   Attr      Idx    E Section Name        Object

    0x20200000   0x00002800   0x00000004   Data   RW            6    .ARM.use_no_argv    empty.o
    0x20200004   0x00002804   0x00000004   Data   RW         1196    .data               mc_p.l(errno.o)
    0x20200008   0x00002808   0x00000010   Data   RW          918    .data.erect_angle_Turn  pid.o
    0x20200018   0x00002818   0x00000001   Data   RW         1055    .data.ins_mode      ins.o
    0x20200019   0x00002819   0x00000001   Data   RW          834    .data.key_state     encoder.o
    0x2020001a   0x0000281a   0x00000001   Data   RW         1052    .data.n             ins.o
    0x2020001b   0x0000281b   0x00000001   Data   RW         1053    .data.target        ins.o
    0x2020001c   0x0000281c   0x00000004   PAD
    0x20200020        -       0x00000004   Zero   RW          880    .bss.Get_Encoder_countA  itrt.o
    0x20200024        -       0x00000004   Zero   RW          881    .bss.Get_Encoder_countB  itrt.o
    0x20200028        -       0x00000004   Zero   RW          878    .bss.PWMA           itrt.o
    0x2020002c        -       0x00000004   Zero   RW          879    .bss.PWMB           itrt.o
    0x20200030        -       0x00000001   Zero   RW          945    .bss.UART0_IRQHandler.header_index  uart.o
    0x20200031   0x0000281c   0x00000003   PAD
    0x20200034        -       0x0000001c   Zero   RW          877    .bss.Yao            itrt.o
    0x20200050        -       0x00000001   Zero   RW          815    .bss.count_flag     led.o
    0x20200051        -       0x00000001   Zero   RW          868    .bss.flag_10ms      itrt.o
    0x20200052        -       0x00000001   Zero   RW          869    .bss.flag_15ms      itrt.o
    0x20200053        -       0x00000001   Zero   RW          870    .bss.flag_20ms      itrt.o
    0x20200054        -       0x00000001   Zero   RW          871    .bss.flag_40ms      itrt.o
    0x20200055        -       0x00000001   Zero   RW          872    .bss.flag_60ms      itrt.o
    0x20200056        -       0x00000001   Zero   RW          873    .bss.flag_80ms      itrt.o
    0x20200057   0x0000281c   0x00000001   PAD
    0x20200058        -       0x00000078   Zero   RW           43    .bss.gPWM_1Backup   ti_msp_dl_config.o
    0x202000d0        -       0x000000bc   Zero   RW           44    .bss.gTIMER_0Backup  ti_msp_dl_config.o
    0x2020018c        -       0x00000004   Zero   RW          835    .bss.gpio_interrup  encoder.o
    0x20200190        -       0x00000040   Zero   RW          902    .bss.imuData        wit_imu.o
    0x202001d0        -       0x0000002c   Zero   RW          946    .bss.imu_data_buffer  uart.o
    0x202001fc        -       0x00000001   Zero   RW          944    .bss.imu_data_index  uart.o
    0x202001fd   0x0000281c   0x00000003   PAD
    0x20200200        -       0x000000c0   Zero   RW         1057    .bss.ins            ins.o
    0x202002c0        -       0x00000050   Zero   RW          919    .bss.s_pid          pid.o
    0x20200310        -       0x00000004   Zero   RW          833    .bss.sensor_vector  encoder.o
    0x20200314        -       0x00000001   Zero   RW         1056    .bss.xunhuan_flag   ins.o
    0x20200315   0x0000281c   0x00000003   PAD
    0x20200318        -       0x00001000   Zero   RW           13    STACK               startup_mspm0g350x_uvision.o



  Load Region LR_BCR (Base: 0x41c00000, Size: 0x00000000, Max: 0x00000100, ABSOLUTE)

    Execution Region BCR_CONFIG (Exec base: 0x41c00000, Load base: 0x41c00000, Size: 0x00000000, Max: 0x00000080, ABSOLUTE)

    **** No section assigned to this execution region ****



  Load Region LR_BSL (Base: 0x41c00100, Size: 0x00000000, Max: 0x00000100, ABSOLUTE)

    Execution Region BSL_CONFIG (Exec base: 0x41c00100, Load base: 0x41c00100, Size: 0x00000000, Max: 0x00000080, ABSOLUTE)

    **** No section assigned to this execution region ****


==============================================================================

Image component sizes


      Code (inc. data)   RO Data    RW Data    ZI Data      Debug   Object Name

        10          0          0          0          0        604   dl_common.o
       520        188          0          0          0      31791   dl_timer.o
        90          8          0          0          0      14523   dl_uart.o
        52         12          0          4          0       4901   empty.o
       372         36          0          1          8       6426   encoder.o
       700         48          0          3        193       5364   ins.o
       420         76          0          0         50       4769   itrt.o
        44          8          0          0          1       4425   led.o
        84          8          0          0          0       6967   motor.o
       244         16          0         16         80       1885   pid.o
        20          4        192          0       4096        652   startup_mspm0g350x_uvision.o
       776        176         46          0        308      29470   ti_msp_dl_config.o
       172         28          0          0         46       7028   uart.o
       412          8          0          0         64       5321   wit_imu.o

    ----------------------------------------------------------------------
      3920        616        272         24       4860     124126   Object Totals
         0          0         32          0          0          0   (incl. Generated)
         4          0          2          0         14          0   (incl. Padding)

    ----------------------------------------------------------------------

      Code (inc. data)   RO Data    RW Data    ZI Data      Debug   Library Member Name

       540         68        152          0          0        112   atan.o
       412         40          0          0          0        144   atan2.o
       152         10          0          0          0        104   cos.o
       244         20         48          0          0         92   cos_i.o
        54          6          0          0          0        272   dunder.o
        44          4          0          0          0         60   fpclassify.o
       172          0          0          0          0         76   poly.o
         0          0          8          0          0          0   qnan.o
       974         86        204          0          0        200   rred.o
       156         10          0          0          0        104   sin.o
       236         14         40          0          0        100   sin_i.o
        72          6          0          0          0         76   sqrt.o
         0          0          0          0          0          0   entry.o
         0          0          0          0          0          0   entry10a.o
         0          0          0          0          0          0   entry11a.o
         8          4          0          0          0          0   entry2.o
         4          0          0          0          0          0   entry5.o
         0          0          0          0          0          0   entry7b.o
         0          0          0          0          0          0   entry8b.o
         8          4          0          0          0          0   entry9a.o
        12          6          0          4          0         60   errno.o
        30          0          0          0          0          0   handlers.o
        48         10          0          0          0         68   init.o
         0          0          0          0          0          0   iusefp.o
        32          0          0          0          0         68   llshl.o
        38          0          0          0          0         68   llsshr.o
        34          0          0          0          0         68   llushr.o
        40          2          0          0          0         68   cdcmple.o
        56          0          0          0          0         68   d2f.o
       356          4          0          0          0        140   dadd.o
        46          0          0          0          0         68   dcmpeq.o
        44          0          0          0          0         68   dcmpge.o
        44          0          0          0          0         68   dcmplt.o
       240          6          0          0          0         84   ddiv.o
       236          0          0          0          0        216   depilogue.o
        72         10          0          0          0         72   dfixi.o
        40          6          0          0          0         68   dflti.o
        28          4          0          0          0         68   dfltui.o
       208          6          0          0          0         88   dmul.o
        44          0          0          0          0         72   dscalb.o
       162          0          0          0          0         80   dsqrt.o
        40          0          0          0          0         60   f2d.o
       178          0          0          0          0        108   fadd.o
        28          0          0          0          0         60   fcmpeq.o
        28          0          0          0          0         60   fcmpge.o
        28          0          0          0          0         60   fcmpgt.o
        28          0          0          0          0         60   fcmple.o
        28          0          0          0          0         60   fcmplt.o
       130          0          0          0          0        144   fepilogue.o
        50          0          0          0          0         60   ffixi.o
        22          0          0          0          0         68   fflti.o
       122          0          0          0          0         72   fmul.o

    ----------------------------------------------------------------------
      5592        334        456          4          0       3712   Library Totals
        24          8          4          0          0          0   (incl. Padding)

    ----------------------------------------------------------------------

      Code (inc. data)   RO Data    RW Data    ZI Data      Debug   Library Name

      3056        264        452          0          0       1340   m_ps.l
       214         24          0          4          0        332   mc_p.l
      2298         38          0          0          0       2040   mf_p.l

    ----------------------------------------------------------------------
      5592        334        456          4          0       3712   Library Totals

    ----------------------------------------------------------------------

==============================================================================


      Code (inc. data)   RO Data    RW Data    ZI Data      Debug   

      9512        950        728         28       4860     125850   Grand Totals
      9512        950        728         28       4860     125850   ELF Image Totals
      9512        950        728         28          0          0   ROM Totals

==============================================================================

    Total RO  Size (Code + RO Data)                10240 (  10.00kB)
    Total RW  Size (RW Data + ZI Data)              4888 (   4.77kB)
    Total ROM Size (Code + RO Data + RW Data)      10268 (  10.03kB)

==============================================================================

